/Users/cameron.beneteau/Documents/MCUXpressoIDE_11.9.0_2144/workspace/frdmk66f_lab_1_problem_3/CMSIS/core_cm4.h:1679:22:__NVIC_EnableIRQ	16	static
/Users/cameron.beneteau/Documents/MCUXpressoIDE_11.9.0_2144/workspace/frdmk66f_lab_1_problem_3/drivers/fsl_common_arm.h:499:24:EnableIRQ	24	static
/Users/cameron.beneteau/Documents/MCUXpressoIDE_11.9.0_2144/workspace/frdmk66f_lab_1_problem_3/drivers/fsl_uart.h:667:23:UART_ReadByte	16	static
/Users/cameron.beneteau/Documents/MCUXpressoIDE_11.9.0_2144/workspace/frdmk66f_lab_1_problem_3/drivers/fsl_ftm.h:731:20:FTM_StartTimer	24	static
/Users/cameron.beneteau/Documents/MCUXpressoIDE_11.9.0_2144/workspace/frdmk66f_lab_1_problem_3/drivers/fsl_ftm.h:1027:20:FTM_SetSoftwareTrigger	16	static
../source/hello_world.c:38:6:setupPWM_Motor	56	static
../source/hello_world.c:59:6:setupPWM_Servo	56	static
../source/hello_world.c:80:6:updatePWM_dutyCycle	32	static
../source/hello_world.c:107:6:setupUART	24	static
../source/hello_world.c:125:6:UART4_RX_TX_IRQHandler	8	static
../source/hello_world.c:132:5:main	88	static
