/Users/cameron.beneteau/Documents/MCUXpressoIDE_11.9.0_2144/workspace/frdmk66f_project_1_freertos_hello/drivers/fsl_clock.h:725:20:CLOCK_EnableClock	24	static
/Users/cameron.beneteau/Documents/MCUXpressoIDE_11.9.0_2144/workspace/frdmk66f_project_1_freertos_hello/drivers/fsl_port.h:374:20:PORT_SetPinMux	24	static
/Users/cameron.beneteau/Documents/MCUXpressoIDE_11.9.0_2144/workspace/frdmk66f_project_1_freertos_hello/drivers/fsl_ftm.h:731:20:FTM_StartTimer	24	static
/Users/cameron.beneteau/Documents/MCUXpressoIDE_11.9.0_2144/workspace/frdmk66f_project_1_freertos_hello/drivers/fsl_ftm.h:1027:20:FTM_SetSoftwareTrigger	16	static
../source/LED_Component.c:5:6:setupLEDComponent	24	static
../source/LED_Component.c:29:6:setupLEDPins	8	static
../source/LED_Component.c:41:6:setupLEDs	72	static
../source/LED_Component.c:67:6:convertModeToPWM	16	static
../source/LED_Component.c:91:6:ledTask	32	static
