/Users/cameron.beneteau/Documents/MCUXpressoIDE_11.9.0_2144/workspace/frdmk66f_project_1_freertos_hello/drivers/fsl_clock.h:725:20:CLOCK_EnableClock	24	static
/Users/cameron.beneteau/Documents/MCUXpressoIDE_11.9.0_2144/workspace/frdmk66f_project_1_freertos_hello/drivers/fsl_port.h:374:20:PORT_SetPinMux	24	static
../source/RC_Receiver_Component.c:6:6:setupRCReceiverComponent	24	static
../source/RC_Receiver_Component.c:27:6:setupRCPins	8	static
../source/RC_Receiver_Component.c:36:6:setupUART_RC	24	static
../source/RC_Receiver_Component.c:50:6:rcTask	72	static
