Archive member included to satisfy reference by file (symbol)

/Applications/MCUXpressoIDE_11.9.0_2144/ide/plugins/com.nxp.mcuxpresso.tools.macosx_11.9.0.202307121226/tools/bin/../lib/gcc/arm-none-eabi/12.3.1/../../../../arm-none-eabi/lib/thumb/v7e-m+fp/hard/libcr_semihost_nf.a(_cr__main.o)
                              ./startup/startup_mk66f18.o (__main)
/Applications/MCUXpressoIDE_11.9.0_2144/ide/plugins/com.nxp.mcuxpresso.tools.macosx_11.9.0.202307121226/tools/bin/../lib/gcc/arm-none-eabi/12.3.1/../../../../arm-none-eabi/lib/thumb/v7e-m+fp/hard/libcr_c.a(memcpy.o)
                              ./utilities/fsl_str.o (memcpy)
/Applications/MCUXpressoIDE_11.9.0_2144/ide/plugins/com.nxp.mcuxpresso.tools.macosx_11.9.0.202307121226/tools/bin/../lib/gcc/arm-none-eabi/12.3.1/../../../../arm-none-eabi/lib/thumb/v7e-m+fp/hard/libcr_c.a(memset.o)
                              ./freertos/freertos_kernel/stream_buffer.o (memset)
/Applications/MCUXpressoIDE_11.9.0_2144/ide/plugins/com.nxp.mcuxpresso.tools.macosx_11.9.0.202307121226/tools/bin/../lib/gcc/arm-none-eabi/12.3.1/../../../../arm-none-eabi/lib/thumb/v7e-m+fp/hard/libcr_c.a(alloc.o)
                              ./drivers/fsl_common.o (malloc)
/Applications/MCUXpressoIDE_11.9.0_2144/ide/plugins/com.nxp.mcuxpresso.tools.macosx_11.9.0.202307121226/tools/bin/../lib/gcc/arm-none-eabi/12.3.1/../../../../arm-none-eabi/lib/thumb/v7e-m+fp/hard/libcr_c.a(errno.o)
                              ./utilities/fsl_str.o (errno)
/Applications/MCUXpressoIDE_11.9.0_2144/ide/plugins/com.nxp.mcuxpresso.tools.macosx_11.9.0.202307121226/tools/bin/../lib/gcc/arm-none-eabi/12.3.1/../../../../arm-none-eabi/lib/thumb/v7e-m+fp/hard/libcr_c.a(initio.o)
                              /Applications/MCUXpressoIDE_11.9.0_2144/ide/plugins/com.nxp.mcuxpresso.tools.macosx_11.9.0.202307121226/tools/bin/../lib/gcc/arm-none-eabi/12.3.1/../../../../arm-none-eabi/lib/thumb/v7e-m+fp/hard/libcr_semihost_nf.a(_cr__main.o) (_initio)
/Applications/MCUXpressoIDE_11.9.0_2144/ide/plugins/com.nxp.mcuxpresso.tools.macosx_11.9.0.202307121226/tools/bin/../lib/gcc/arm-none-eabi/12.3.1/../../../../arm-none-eabi/lib/thumb/v7e-m+fp/hard/libcr_c.a(printf.o)
                              ./utilities/fsl_assert.o (_printf)
/Applications/MCUXpressoIDE_11.9.0_2144/ide/plugins/com.nxp.mcuxpresso.tools.macosx_11.9.0.202307121226/tools/bin/../lib/gcc/arm-none-eabi/12.3.1/../../../../arm-none-eabi/lib/thumb/v7e-m+fp/hard/libcr_c.a(scanf.o)
                              ./utilities/fsl_str.o (strtoul)
/Applications/MCUXpressoIDE_11.9.0_2144/ide/plugins/com.nxp.mcuxpresso.tools.macosx_11.9.0.202307121226/tools/bin/../lib/gcc/arm-none-eabi/12.3.1/../../../../arm-none-eabi/lib/thumb/v7e-m+fp/hard/libcr_c.a(setvbuf.o)
                              /Applications/MCUXpressoIDE_11.9.0_2144/ide/plugins/com.nxp.mcuxpresso.tools.macosx_11.9.0.202307121226/tools/bin/../lib/gcc/arm-none-eabi/12.3.1/../../../../arm-none-eabi/lib/thumb/v7e-m+fp/hard/libcr_c.a(initio.o) (setvbuf)
/Applications/MCUXpressoIDE_11.9.0_2144/ide/plugins/com.nxp.mcuxpresso.tools.macosx_11.9.0.202307121226/tools/bin/../lib/gcc/arm-none-eabi/12.3.1/../../../../arm-none-eabi/lib/thumb/v7e-m+fp/hard/libcr_c.a(strlen.o)
                              ./utilities/fsl_str.o (strlen)
/Applications/MCUXpressoIDE_11.9.0_2144/ide/plugins/com.nxp.mcuxpresso.tools.macosx_11.9.0.202307121226/tools/bin/../lib/gcc/arm-none-eabi/12.3.1/../../../../arm-none-eabi/lib/thumb/v7e-m+fp/hard/libcr_c.a(ungetc.o)
                              /Applications/MCUXpressoIDE_11.9.0_2144/ide/plugins/com.nxp.mcuxpresso.tools.macosx_11.9.0.202307121226/tools/bin/../lib/gcc/arm-none-eabi/12.3.1/../../../../arm-none-eabi/lib/thumb/v7e-m+fp/hard/libcr_c.a(scanf.o) (ungetc)
/Applications/MCUXpressoIDE_11.9.0_2144/ide/plugins/com.nxp.mcuxpresso.tools.macosx_11.9.0.202307121226/tools/bin/../lib/gcc/arm-none-eabi/12.3.1/../../../../arm-none-eabi/lib/thumb/v7e-m+fp/hard/libcr_c.a(__fillbuf.o)
                              /Applications/MCUXpressoIDE_11.9.0_2144/ide/plugins/com.nxp.mcuxpresso.tools.macosx_11.9.0.202307121226/tools/bin/../lib/gcc/arm-none-eabi/12.3.1/../../../../arm-none-eabi/lib/thumb/v7e-m+fp/hard/libcr_c.a(scanf.o) (__filbuf)
/Applications/MCUXpressoIDE_11.9.0_2144/ide/plugins/com.nxp.mcuxpresso.tools.macosx_11.9.0.202307121226/tools/bin/../lib/gcc/arm-none-eabi/12.3.1/../../../../arm-none-eabi/lib/thumb/v7e-m+fp/hard/libcr_c.a(__init_alloc.o)
                              /Applications/MCUXpressoIDE_11.9.0_2144/ide/plugins/com.nxp.mcuxpresso.tools.macosx_11.9.0.202307121226/tools/bin/../lib/gcc/arm-none-eabi/12.3.1/../../../../arm-none-eabi/lib/thumb/v7e-m+fp/hard/libcr_c.a(alloc.o) (__heaps)
/Applications/MCUXpressoIDE_11.9.0_2144/ide/plugins/com.nxp.mcuxpresso.tools.macosx_11.9.0.202307121226/tools/bin/../lib/gcc/arm-none-eabi/12.3.1/../../../../arm-none-eabi/lib/thumb/v7e-m+fp/hard/libcr_c.a(_cr_sbrk.o)
[...]
Memory Configuration

Name             Origin             Length             Attributes
PROGRAM_FLASH    0x00000000         0x00200000         xr
SRAM_UPPER       0x20000000         0x00030000         xrw
SRAM_LOWER       0x1fff0000         0x00010000         xrw
FLEX_RAM         0x14000000         0x00001000         xrw
*default*        0x00000000         0xffffffff

Linker script and memory map

LOAD ./utilities/fsl_assert.o
LOAD ./utilities/fsl_debug_console.o
LOAD ./utilities/fsl_str.o
LOAD ./startup/startup_mk66f18.o
LOAD ./source/freertos_hello.o
LOAD ./source/semihost_hardfault.o
LOAD ./freertos/freertos_kernel/portable/MemMang/heap_4.o
LOAD ./freertos/freertos_kernel/portable/GCC/ARM_CM4F/port.o
LOAD ./freertos/freertos_kernel/croutine.o
LOAD ./freertos/freertos_kernel/event_groups.o
LOAD ./freertos/freertos_kernel/list.o
LOAD ./freertos/freertos_kernel/queue.o
LOAD ./freertos/freertos_kernel/stream_buffer.o
LOAD ./freertos/freertos_kernel/tasks.o
LOAD ./freertos/freertos_kernel/timers.o
LOAD ./drivers/fsl_clock.o
LOAD ./drivers/fsl_common.o
LOAD ./drivers/fsl_common_arm.o
LOAD ./drivers/fsl_ftfx_cache.o
LOAD ./drivers/fsl_ftfx_controller.o
LOAD ./drivers/fsl_ftfx_flash.o
LOAD ./drivers/fsl_ftfx_flexnvm.o
LOAD ./drivers/fsl_gpio.o
LOAD ./drivers/fsl_lpuart.o
LOAD ./drivers/fsl_smc.o
LOAD ./drivers/fsl_uart.o
LOAD ./device/system_MK66F18.o
LOAD ./component/uart/fsl_adapter_uart.o
LOAD ./component/serial_manager/fsl_component_serial_manager.o
LOAD ./component/serial_manager/fsl_component_serial_port_uart.o
LOAD ./component/lists/fsl_component_generic_list.o
LOAD ./board/board.o
LOAD ./board/clock_config.o
LOAD ./board/pin_mux.o
START GROUP
LOAD /Applications/MCUXpressoIDE_11.9.0_2144/ide/plugins/com.nxp.mcuxpresso.tools.macosx_11.9.0.202307121226/tools/bin/../lib/gcc/arm-none-eabi/12.3.1/../../../../arm-none-eabi/lib/thumb/v7e-m+fp/hard/libcr_semihost_nf.a
LOAD /Applications/MCUXpressoIDE_11.9.0_2144/ide/plugins/com.nxp.mcuxpresso.tools.macosx_11.9.0.202307121226/tools/bin/../lib/gcc/arm-none-eabi/12.3.1/../../../../arm-none-eabi/lib/thumb/v7e-m+fp/hard/libcr_c.a
LOAD /Applications/MCUXpressoIDE_11.9.0_2144/ide/plugins/com.nxp.mcuxpresso.tools.macosx_11.9.0.202307121226/tools/bin/../lib/gcc/arm-none-eabi/12.3.1/thumb/v7e-m+fp/hard/libcr_eabihelpers.a
LOAD /Applications/MCUXpressoIDE_11.9.0_2144/ide/plugins/com.nxp.mcuxpresso.tools.macosx_11.9.0.202307121226/tools/bin/../lib/gcc/arm-none-eabi/12.3.1/thumb/v7e-m+fp/hard/libgcc.a
END GROUP
                0x00000000                        __base_PROGRAM_FLASH = 0x0
                0x00000000                        __base_Flash = 0x0
                0x00200000                        __top_PROGRAM_FLASH = 0x200000
                0x00200000                        __top_Flash = 0x200000
                0x20000000                        __base_SRAM_UPPER = 0x20000000
                0x20000000                        __base_RAM = 0x20000000
                0x20030000                        __top_SRAM_UPPER = 0x20030000
                0x20030000                        __top_RAM = 0x20030000
                0x1fff0000                        __base_SRAM_LOWER = 0x1fff0000
                0x1fff0000                        __base_RAM2 = 0x1fff0000
                0x20000000                        __top_SRAM_LOWER = 0x20000000
                0x20000000                        __top_RAM2 = 0x20000000
                0x14000000                        __base_FLEX_RAM = 0x14000000
                0x14000000                        __base_RAM3 = 0x14000000
                0x14001000                        __top_FLEX_RAM = 0x14001000
                0x14001000                        __top_RAM3 = 0x14001000

.text           0x00000000     0x5ec8
 FILL mask 0xff
                0x00000000                        __vectors_start__ = ABSOLUTE (.)
 *(SORT_BY_ALIGNMENT(.isr_vector))
 .isr_vector    0x00000000      0x1d0 ./startup/startup_mk66f18.o
                0x00000000                __Vectors
                0x00000000                g_pfnVectors
                0x000001d0                        . = ALIGN (0x4)
                0x000001d0                        __section_table_start = .
                0x000001d0                        __data_section_table = .
                0x000001d0        0x4 LONG 0x5ec8 LOADADDR (.data)
                0x000001d4        0x4 LONG 0x20000000 ADDR (.data)
                0x000001d8        0x4 LONG 0x18 SIZEOF (.data)
                0x000001dc        0x4 LONG 0x5ec8 LOADADDR (.data_RAM2)
                0x000001e0        0x4 LONG 0x1fff0000 ADDR (.data_RAM2)
                0x000001e4        0x4 LONG 0x0 SIZEOF (.data_RAM2)
                0x000001e8        0x4 LONG 0x5ec8 LOADADDR (.data_RAM3)
                0x000001ec        0x4 LONG 0x14000000 ADDR (.data_RAM3)
                0x000001f0        0x4 LONG 0x0 SIZEOF (.data_RAM3)
                0x000001f4                        __data_section_table_end = .
                0x000001f4                        __bss_section_table = .
                0x000001f4        0x4 LONG 0x20000018 ADDR (.bss)
                0x000001f8        0x4 LONG 0x2a98 SIZEOF (.bss)
                0x000001fc        0x4 LONG 0x1fff0000 ADDR (.bss_RAM2)
                0x00000200        0x4 LONG 0x0 SIZEOF (.bss_RAM2)
                0x00000204        0x4 LONG 0x14000000 ADDR (.bss_RAM3)
                0x00000208        0x4 LONG 0x0 SIZEOF (.bss_RAM3)
                0x0000020c                        __bss_section_table_end = .
                0x0000020c                        __section_table_end = .
 *(SORT_BY_ALIGNMENT(.after_vectors*))
 .after_vectors.reset
                0x0000020c       0x4c ./startup/startup_mk66f18.o
                0x0000020c                ResetISR
 .after_vectors.init_data
                0x00000258       0x1e ./startup/startup_mk66f18.o
                0x00000258                data_init
 .after_vectors.init_bss
                0x00000276       0x12 ./startup/startup_mk66f18.o
                0x00000276                bss_init
 .after_vectors
                0x00000288       0x14 ./startup/startup_mk66f18.o
                0x00000288                NMI_Handler
                0x0000028c                MemManage_Handler
                0x0000028e                BusFault_Handler
                0x00000290                UsageFault_Handler
                0x00000294                DebugMon_Handler
                0x0000029a                DMA_Error_DriverIRQHandler
                0x0000029a                FTM1_DriverIRQHandler
                0x0000029a                FTM2_DriverIRQHandler
                0x0000029a                PIT2_DriverIRQHandler
                0x0000029a                TPM2_DriverIRQHandler
                0x0000029a                SDHC_DriverIRQHandler
                0x0000029a                DMA7_DMA23_DriverIRQHandler
                0x0000029a                I2C3_DriverIRQHandler
                0x0000029a                I2S0_Tx_DriverIRQHandler
                0x0000029a                TSI0_DriverIRQHandler
                0x0000029a                RTC_Seconds_DriverIRQHandler
                0x0000029a                CMP3_DriverIRQHandler
                0x0000029a                LLWU_DriverIRQHandler
                0x0000029a                MCM_DriverIRQHandler
                0x0000029a                DMA14_DMA30_DriverIRQHandler
                0x0000029a                MCG_DriverIRQHandler
                0x0000029a                ENET_1588_Timer_DriverIRQHandler
                0x0000029a                I2C2_DriverIRQHandler
                0x0000029a                DAC1_DriverIRQHandler
                0x0000029a                CMP1_DriverIRQHandler
                0x0000029a                USBHSDCD_DriverIRQHandler
                0x0000029a                DMA0_DMA16_DriverIRQHandler
                0x0000029a                FTM0_DriverIRQHandler
                0x0000029a                IntDefaultHandler
                0x0000029a                USB0_DriverIRQHandler
                0x0000029a                PORTC_DriverIRQHandler
                0x0000029a                DMA2_DMA18_DriverIRQHandler
                0x0000029a                DAC0_DriverIRQHandler
                0x0000029a                CMP2_DriverIRQHandler
                0x0000029a                UART2_ERR_DriverIRQHandler
                0x0000029a                SPI2_DriverIRQHandler
                0x0000029a                LVD_LVW_DriverIRQHandler
                0x0000029a                Reserved84_DriverIRQHandler
                0x0000029a                PIT0_DriverIRQHandler
                0x0000029a                RNG_DriverIRQHandler
                0x0000029a                USBDCD_DriverIRQHandler
                0x0000029a                UART3_ERR_DriverIRQHandler
                0x0000029a                DMA12_DMA28_DriverIRQHandler
                0x0000029a                DMA10_DMA26_DriverIRQHandler
                0x0000029a                UART0_ERR_DriverIRQHandler
                0x0000029a                CMT_DriverIRQHandler
                0x0000029a                Reserved71_DriverIRQHandler
                0x0000029a                ADC1_DriverIRQHandler
                0x0000029a                PORTA_DriverIRQHandler
                0x0000029a                DMA1_DMA17_DriverIRQHandler
                0x0000029a                PIT3_DriverIRQHandler
                0x0000029a                PIT1_DriverIRQHandler
                0x0000029a                TPM1_DriverIRQHandler
                0x0000029a                WDOG_EWM_DriverIRQHandler
                0x0000029a                PDB0_DriverIRQHandler
                0x0000029a                DMA8_DMA24_DriverIRQHandler
                0x0000029a                DMA6_DMA22_DriverIRQHandler
                0x0000029a                RTC_DriverIRQHandler
                0x0000029a                I2S0_Rx_DriverIRQHandler
                0x0000029a                Read_Collision_DriverIRQHandler
                0x0000029a                SWI_DriverIRQHandler
                0x0000029a                UART4_ERR_DriverIRQHandler
                0x0000029a                DMA11_DMA27_DriverIRQHandler
                0x0000029a                DMA4_DMA20_DriverIRQHandler
                0x0000029a                DMA9_DMA25_DriverIRQHandler
                0x0000029a                I2C1_DriverIRQHandler
                0x0000029a                ENET_Receive_DriverIRQHandler
                0x0000029a                DMA3_DMA19_DriverIRQHandler
                0x0000029a                ENET_Error_DriverIRQHandler
                0x0000029a                Reserved85_DriverIRQHandler
                0x0000029a                SPI0_DriverIRQHandler
                0x0000029a                ADC0_DriverIRQHandler
                0x0000029a                USBHS_DriverIRQHandler
                0x0000029a                CMP0_DriverIRQHandler
                0x0000029a                CAN0_DriverIRQHandler
                0x0000029a                FTM3_DriverIRQHandler
                0x0000029a                DMA5_DMA21_DriverIRQHandler
                0x0000029a                DMA15_DMA31_DriverIRQHandler
                0x0000029a                UART1_ERR_DriverIRQHandler
                0x0000029a                ENET_Transmit_DriverIRQHandler
                0x0000029a                PORTD_DriverIRQHandler
                0x0000029a                Reserved46_DriverIRQHandler
                0x0000029a                PORTE_DriverIRQHandler
                0x0000029a                FTFE_DriverIRQHandler
                0x0000029a                I2C0_DriverIRQHandler
                0x0000029a                CAN1_DriverIRQHandler
                0x0000029a                DMA13_DMA29_DriverIRQHandler
                0x0000029a                PORTB_DriverIRQHandler
                0x0000029a                SPI1_DriverIRQHandler
                0x0000029a                LPTMR0_DriverIRQHandler
                0x00000400                        . = 0x400
 *fill*         0x0000029c      0x164 ff
                0x00000400                        PROVIDE (__FLASH_CONFIG_START__ = .)
 *(SORT_BY_ALIGNMENT(.FlashConfig))
 .FlashConfig   0x00000400       0x10 ./startup/startup_mk66f18.o
                0x00000400                Flash_Config
                0x00000410                        PROVIDE (__FLASH_CONFIG_END__ = .)
                0x00000001                        ASSERT (! ((__FLASH_CONFIG_START__ == __FLASH_CONFIG_END__)), Linker Flash Config Support Enabled, but no .FlashConfig section provided within application)
 *(SORT_BY_ALIGNMENT(.text*))
 .text.SVC_Handler
                0x00000410       0x28 ./freertos/freertos_kernel/portable/GCC/ARM_CM4F/port.o
                0x00000410                SVC_Handler
 *fill*         0x00000438        0x8 ff
 .text.PendSV_Handler
                0x00000440       0x68 ./freertos/freertos_kernel/portable/GCC/ARM_CM4F/port.o
                0x00000440                PendSV_Handler
 .text.__assertion_failed
                0x000004a8       0x18 ./utilities/fsl_assert.o
                0x000004a8                __assertion_failed
 .text.__NVIC_EnableIRQ
                0x000004c0       0x3c ./source/freertos_hello.o
 .text.__NVIC_SetPriority
                0x000004fc       0x54 ./source/freertos_hello.o
 .text.setupUART
                0x00000550       0x5c ./source/freertos_hello.o
                0x00000550                setupUART
 .text.UART4_RX_TX_IRQHandler
                0x000005ac       0xf0 ./source/freertos_hello.o
                0x000005ac                UART4_RX_TX_IRQHandler
 .text.consumer_event
                0x0000069c       0x74 ./source/freertos_hello.o
                0x0000069c                consumer_event
 .text.main     0x00000710       0x5c ./source/freertos_hello.o
                0x00000710                main
 .text.pvPortMalloc
                0x0000076c      0x1c0 ./freertos/freertos_kernel/portable/MemMang/heap_4.o
                0x0000076c                pvPortMalloc
 .text.vPortFree
                0x0000092c       0xc4 ./freertos/freertos_kernel/portable/MemMang/heap_4.o
                0x0000092c                vPortFree
 .text.prvHeapInit
                0x000009f0       0xc4 ./freertos/freertos_kernel/portable/MemMang/heap_4.o
 .text.prvInsertBlockIntoFreeList
                0x00000ab4       0xb4 ./freertos/freertos_kernel/portable/MemMang/heap_4.o
 .text.pxPortInitialiseStack
                0x00000b68       0x68 ./freertos/freertos_kernel/portable/GCC/ARM_CM4F/port.o
                0x00000b68                pxPortInitialiseStack
 .text.prvTaskExitError
                0x00000bd0       0x58 ./freertos/freertos_kernel/portable/GCC/ARM_CM4F/port.o
 .text.prvPortStartFirstTask
                0x00000c28       0x2c ./freertos/freertos_kernel/portable/GCC/ARM_CM4F/port.o
 .text.xPortStartScheduler
                0x00000c54      0x144 ./freertos/freertos_kernel/portable/GCC/ARM_CM4F/port.o
                0x00000c54                xPortStartScheduler
 .text.vPortEnterCritical
                0x00000d98       0x60 ./freertos/freertos_kernel/portable/GCC/ARM_CM4F/port.o
                0x00000d98                vPortEnterCritical
 .text.vPortExitCritical
                0x00000df8       0x54 ./freertos/freertos_kernel/portable/GCC/ARM_CM4F/port.o
                0x00000df8                vPortExitCritical
 .text.SysTick_Handler
                0x00000e4c       0x44 ./freertos/freertos_kernel/portable/GCC/ARM_CM4F/port.o
                0x00000e4c                SysTick_Handler
 .text.vPortSetupTimerInterrupt
                0x00000e90       0x48 ./freertos/freertos_kernel/portable/GCC/ARM_CM4F/port.o
                0x00000e90                vPortSetupTimerInterrupt
 .text.vPortEnableVFP
                0x00000ed8       0x18 ./freertos/freertos_kernel/portable/GCC/ARM_CM4F/port.o
 .text.vPortValidateInterruptPriority
                0x00000ef0       0x80 ./freertos/freertos_kernel/portable/GCC/ARM_CM4F/port.o
                0x00000ef0                vPortValidateInterruptPriority
 .text.xEventGroupWaitBits
                0x00000f70      0x19c ./freertos/freertos_kernel/event_groups.o
                0x00000f70                xEventGroupWaitBits
 .text.xEventGroupSetBitsFromISR
                0x0000110c       0x28 ./freertos/freertos_kernel/event_groups.o
                0x0000110c                xEventGroupSetBitsFromISR
 .text.xQueueGenericReset
                0x00001134       0xd0 ./freertos/freertos_kernel/queue.o
                0x00001134                xQueueGenericReset
 .text.xQueueGenericSend
                0x00001204      0x1fc ./freertos/freertos_kernel/queue.o
                0x00001204                xQueueGenericSend
 .text.xQueueReceive
                0x00001400      0x1c0 ./freertos/freertos_kernel/queue.o
                0x00001400                xQueueReceive
 .text.vQueueAddToRegistry
                0x000015c0       0x54 ./freertos/freertos_kernel/queue.o
                0x000015c0                vQueueAddToRegistry
 .text.prvAddNewTaskToReadyList
                0x00001614       0xdc ./freertos/freertos_kernel/tasks.o
 .text.vTaskStartScheduler
                0x000016f0       0xa4 ./freertos/freertos_kernel/tasks.o
                0x000016f0                vTaskStartScheduler
 .text.vTaskSuspendAll
                0x00001794       0x1c ./freertos/freertos_kernel/tasks.o
                0x00001794                vTaskSuspendAll
 .text.xTaskResumeAll
                0x000017b0      0x138 ./freertos/freertos_kernel/tasks.o
                0x000017b0                xTaskResumeAll
 .text.xTaskGetTickCount
                0x000018e8       0x20 ./freertos/freertos_kernel/tasks.o
                0x000018e8                xTaskGetTickCount
 .text.xTaskIncrementTick
                0x00001908      0x154 ./freertos/freertos_kernel/tasks.o
                0x00001908                xTaskIncrementTick
 .text.vTaskSwitchContext
                0x00001a5c       0xb8 ./freertos/freertos_kernel/tasks.o
                0x00001a5c                vTaskSwitchContext
 .text.vTaskPlaceOnEventList
                0x00001b14       0x48 ./freertos/freertos_kernel/tasks.o
                0x00001b14                vTaskPlaceOnEventList
 .text.vTaskPlaceOnUnorderedEventList
                0x00001b5c       0x78 ./freertos/freertos_kernel/tasks.o
                0x00001b5c                vTaskPlaceOnUnorderedEventList
 .text.vTaskPlaceOnEventListRestricted
                0x00001bd4       0x58 ./freertos/freertos_kernel/tasks.o
                0x00001bd4                vTaskPlaceOnEventListRestricted
 .text.xTaskRemoveFromEventList
                0x00001c2c       0xc4 ./freertos/freertos_kernel/tasks.o
                0x00001c2c                xTaskRemoveFromEventList
 .text.vTaskRemoveFromUnorderedEventList
                0x00001cf0       0xc4 ./freertos/freertos_kernel/tasks.o
                0x00001cf0                vTaskRemoveFromUnorderedEventList
 .text.vTaskInternalSetTimeOutState
                0x00001db4       0x2c ./freertos/freertos_kernel/tasks.o
                0x00001db4                vTaskInternalSetTimeOutState
 .text.xTaskCheckForTimeOut
                0x00001de0       0xcc ./freertos/freertos_kernel/tasks.o
                0x00001de0                xTaskCheckForTimeOut
 .text.vTaskMissedYield
                0x00001eac       0x18 ./freertos/freertos_kernel/tasks.o
                0x00001eac                vTaskMissedYield
 .text.prvIdleTask
                0x00001ec4       0x30 ./freertos/freertos_kernel/tasks.o
 .text.prvInitialiseTaskLists
                0x00001ef4       0x80 ./freertos/freertos_kernel/tasks.o
 .text.prvCheckTasksWaitingTermination
                0x00001f74       0x5c ./freertos/freertos_kernel/tasks.o
 .text.prvResetNextTaskUnblockTime
                0x00001fd0       0x38 ./freertos/freertos_kernel/tasks.o
 .text.xTaskGetSchedulerState
                0x00002008       0x3c ./freertos/freertos_kernel/tasks.o
                0x00002008                xTaskGetSchedulerState
 .text.xTaskPriorityDisinherit
                0x00002044       0xf4 ./freertos/freertos_kernel/tasks.o
                0x00002044                xTaskPriorityDisinherit
 .text.uxTaskResetEventItemValue
                0x00002138       0x30 ./freertos/freertos_kernel/tasks.o
                0x00002138                uxTaskResetEventItemValue
 .text.prvAddCurrentTaskToDelayedList
                0x00002168       0xcc ./freertos/freertos_kernel/tasks.o
 .text.xTimerCreateTimerTask
                0x00002234       0x64 ./freertos/freertos_kernel/timers.o
                0x00002234                xTimerCreateTimerTask
 .text.xTimerGenericCommand
                0x00002298       0x9c ./freertos/freertos_kernel/timers.o
                0x00002298                xTimerGenericCommand
 .text.prvProcessExpiredTimer
                0x00002334       0x98 ./freertos/freertos_kernel/timers.o
 .text.prvProcessTimerOrBlockTask
                0x000023cc       0x9c ./freertos/freertos_kernel/timers.o
 .text.prvGetNextExpireTime
                0x00002468       0x48 ./freertos/freertos_kernel/timers.o
 .text.prvSampleTimeNow
                0x000024b0       0x40 ./freertos/freertos_kernel/timers.o
 .text.prvInsertTimerInActiveList
                0x000024f0       0x84 ./freertos/freertos_kernel/timers.o
 .text.prvProcessReceivedCommands
                0x00002574      0x1c4 ./freertos/freertos_kernel/timers.o
 .text.prvSwitchTimerLists
                0x00002738       0xc8 ./freertos/freertos_kernel/timers.o
 .text.prvCheckForValidListAndQueue
                0x00002800       0x6c ./freertos/freertos_kernel/timers.o
 .text.xTimerPendFunctionCallFromISR
                0x0000286c       0x40 ./freertos/freertos_kernel/timers.o
                0x0000286c                xTimerPendFunctionCallFromISR
 .text.CLOCK_SetEr32kClock
                0x000028ac       0x30 ./drivers/fsl_clock.o
 .text.CLOCK_SetPllFllSelClock
                0x000028dc       0x54 ./drivers/fsl_clock.o
 .text.CLOCK_GetMcgExtClkFreq
                0x00002930       0x7c ./drivers/fsl_clock.o
 .text.CLOCK_GetFllExtRefClkFreq
                0x000029ac       0xb0 ./drivers/fsl_clock.o
 .text.CLOCK_GetInternalRefClkSelectFreq
                0x00002a5c       0x4c ./drivers/fsl_clock.o
 .text.CLOCK_GetFllRefClkFreq
                0x00002aa8       0x34 ./drivers/fsl_clock.o
 .text.CLOCK_GetOsc0ErClkUndivFreq
                0x00002adc       0x44 ./drivers/fsl_clock.o
                0x00002adc                CLOCK_GetOsc0ErClkUndivFreq
 .text.CLOCK_GetOsc0ErClkDivFreq
                0x00002b20       0x58 ./drivers/fsl_clock.o
                0x00002b20                CLOCK_GetOsc0ErClkDivFreq
 .text.CLOCK_GetEr32kClkFreq
                0x00002b78       0x74 ./drivers/fsl_clock.o
                0x00002b78                CLOCK_GetEr32kClkFreq
 .text.CLOCK_GetPllFllSelClkFreq
                0x00002bec       0x90 ./drivers/fsl_clock.o
                0x00002bec                CLOCK_GetPllFllSelClkFreq
 .text.CLOCK_GetCoreSysClkFreq
                0x00002c7c       0x28 ./drivers/fsl_clock.o
                0x00002c7c                CLOCK_GetCoreSysClkFreq
 .text.CLOCK_GetFreq
                0x00002ca4      0x148 ./drivers/fsl_clock.o
                0x00002ca4                CLOCK_GetFreq
 .text.CLOCK_SetSimConfig
                0x00002dec       0x40 ./drivers/fsl_clock.o
                0x00002dec                CLOCK_SetSimConfig
 .text.CLOCK_GetOutClkFreq
                0x00002e2c       0x90 ./drivers/fsl_clock.o
                0x00002e2c                CLOCK_GetOutClkFreq
 .text.CLOCK_GetFllFreq
                0x00002ebc       0x84 ./drivers/fsl_clock.o
                0x00002ebc                CLOCK_GetFllFreq
 .text.CLOCK_GetInternalRefClkFreq
                0x00002f40       0x30 ./drivers/fsl_clock.o
                0x00002f40                CLOCK_GetInternalRefClkFreq
 .text.CLOCK_GetPll0Freq
                0x00002f70       0x7c ./drivers/fsl_clock.o
                0x00002f70                CLOCK_GetPll0Freq
 .text.CLOCK_GetExtPllFreq
                0x00002fec       0x18 ./drivers/fsl_clock.o
                0x00002fec                CLOCK_GetExtPllFreq
 .text.CLOCK_SetExternalRefClkConfig
                0x00003004       0x6c ./drivers/fsl_clock.o
                0x00003004                CLOCK_SetExternalRefClkConfig
 .text.CLOCK_SetInternalRefClkConfig
                0x00003070      0x104 ./drivers/fsl_clock.o
                0x00003070                CLOCK_SetInternalRefClkConfig
 .text.LPUART0_DriverIRQHandler
                0x00003174       0x28 ./drivers/fsl_lpuart.o
                0x00003174                LPUART0_DriverIRQHandler
 .text.UART_GetInstance
                0x0000319c       0x54 ./drivers/fsl_uart.o
                0x0000319c                UART_GetInstance
 .text.UART_Init
                0x000031f0      0x2f4 ./drivers/fsl_uart.o
                0x000031f0                UART_Init
 .text.UART_GetDefaultConfig
                0x000034e4       0x68 ./drivers/fsl_uart.o
                0x000034e4                UART_GetDefaultConfig
 .text.UART_EnableInterrupts
                0x0000354c       0x70 ./drivers/fsl_uart.o
                0x0000354c                UART_EnableInterrupts
 .text.UART0_DriverIRQHandler
                0x000035bc       0x28 ./drivers/fsl_uart.o
                0x000035bc                UART0_DriverIRQHandler
 .text.UART1_DriverIRQHandler
                0x000035e4       0x28 ./drivers/fsl_uart.o
                0x000035e4                UART1_DriverIRQHandler
 .text.UART2_DriverIRQHandler
                0x0000360c       0x28 ./drivers/fsl_uart.o
                0x0000360c                UART2_DriverIRQHandler
 .text.UART3_DriverIRQHandler
                0x00003634       0x28 ./drivers/fsl_uart.o
                0x00003634                UART3_DriverIRQHandler
 .text.SystemInit
                0x0000365c       0x3c ./device/system_MK66F18.o
                0x0000365c                SystemInit
 .text.CLOCK_SetSimSafeDivs
                0x00003698       0x24 ./board/clock_config.o
 .text.CLOCK_CONFIG_SetFllExtRefDiv
                0x000036bc       0x3c ./board/clock_config.o
 .text.BOARD_BootClockRUN
                0x000036f8       0x2c ./board/clock_config.o
                0x000036f8                BOARD_BootClockRUN
 .text.BOARD_InitBootPins
                0x00003724       0x50 ./board/pin_mux.o
                0x00003724                BOARD_InitBootPins
 .text.BOARD_InitPins
                0x00003774       0x44 ./board/pin_mux.o
                0x00003774                BOARD_InitPins
 .text.malloc   0x000037b8       0xe8 /Applications/MCUXpressoIDE_11.9.0_2144/ide/plugins/com.nxp.mcuxpresso.tools.macosx_11.9.0.202307121226/tools/bin/../lib/gcc/arm-none-eabi/12.3.1/../../../../arm-none-eabi/lib/thumb/v7e-m+fp/hard/libcr_c.a(alloc.o)
                0x000037b8                malloc
 .text._Csys_alloc
                0x000038a0       0x20 /Applications/MCUXpressoIDE_11.9.0_2144/ide/plugins/com.nxp.mcuxpresso.tools.macosx_11.9.0.202307121226/tools/bin/../lib/gcc/arm-none-eabi/12.3.1/../../../../arm-none-eabi/lib/thumb/v7e-m+fp/hard/libcr_c.a(alloc.o)
                0x000038a0                _Csys_alloc
 .text._initio  0x000038c0       0x78 /Applications/MCUXpressoIDE_11.9.0_2144/ide/plugins/com.nxp.mcuxpresso.tools.macosx_11.9.0.202307121226/tools/bin/../lib/gcc/arm-none-eabi/12.3.1/../../../../arm-none-eabi/lib/thumb/v7e-m+fp/hard/libcr_c.a(initio.o)
                0x000038c0                _initio
 .text.__vfprintf
                0x00003938      0xb80 /Applications/MCUXpressoIDE_11.9.0_2144/ide/plugins/com.nxp.mcuxpresso.tools.macosx_11.9.0.202307121226/tools/bin/../lib/gcc/arm-none-eabi/12.3.1/../../../../arm-none-eabi/lib/thumb/v7e-m+fp/hard/libcr_c.a(printf.o)
                0x00003938                __vfprintf
 .text._vsnprintf
                0x000044b8       0x68 /Applications/MCUXpressoIDE_11.9.0_2144/ide/plugins/com.nxp.mcuxpresso.tools.macosx_11.9.0.202307121226/tools/bin/../lib/gcc/arm-none-eabi/12.3.1/../../../../arm-none-eabi/lib/thumb/v7e-m+fp/hard/libcr_c.a(printf.o)
                0x000044b8                _vsnprintf
 .text._printf  0x00004520       0x54 /Applications/MCUXpressoIDE_11.9.0_2144/ide/plugins/com.nxp.mcuxpresso.tools.macosx_11.9.0.202307121226/tools/bin/../lib/gcc/arm-none-eabi/12.3.1/../../../../arm-none-eabi/lib/thumb/v7e-m+fp/hard/libcr_c.a(printf.o)
                0x00004520                _printf
 .text._sbrk    0x00004574       0x3c /Applications/MCUXpressoIDE_11.9.0_2144/ide/plugins/com.nxp.mcuxpresso.tools.macosx_11.9.0.202307121226/tools/bin/../lib/gcc/arm-none-eabi/12.3.1/../../../../arm-none-eabi/lib/thumb/v7e-m+fp/hard/libcr_c.a(_cr_sbrk.o)
                0x00004574                _sbrk
 .text._Cwritebuf
                0x000045b0       0x6c /Applications/MCUXpressoIDE_11.9.0_2144/ide/plugins/com.nxp.mcuxpresso.tools.macosx_11.9.0.202307121226/tools/bin/../lib/gcc/arm-none-eabi/12.3.1/../../../../arm-none-eabi/lib/thumb/v7e-m+fp/hard/libcr_c.a(_writebuf.o)
                0x000045b0                _Cwritebuf
 .text.fflush   0x0000461c       0x3c /Applications/MCUXpressoIDE_11.9.0_2144/ide/plugins/com.nxp.mcuxpresso.tools.macosx_11.9.0.202307121226/tools/bin/../lib/gcc/arm-none-eabi/12.3.1/../../../../arm-none-eabi/lib/thumb/v7e-m+fp/hard/libcr_c.a(fflush.o)
                0x0000461c                fflush
 .text.fseek    0x00004658       0xf8 /Applications/MCUXpressoIDE_11.9.0_2144/ide/plugins/com.nxp.mcuxpresso.tools.macosx_11.9.0.202307121226/tools/bin/../lib/gcc/arm-none-eabi/12.3.1/../../../../arm-none-eabi/lib/thumb/v7e-m+fp/hard/libcr_c.a(fseek.o)
                0x00004658                fseek
 .text.ftell    0x00004750       0x44 /Applications/MCUXpressoIDE_11.9.0_2144/ide/plugins/com.nxp.mcuxpresso.tools.macosx_11.9.0.202307121226/tools/bin/../lib/gcc/arm-none-eabi/12.3.1/../../../../arm-none-eabi/lib/thumb/v7e-m+fp/hard/libcr_c.a(ftell.o)
                0x00004750                ftell
 .text.__check_heap_overflow
                0x00004794       0x18 /Applications/MCUXpressoIDE_11.9.0_2144/ide/plugins/com.nxp.mcuxpresso.tools.macosx_11.9.0.202307121226/tools/bin/../lib/gcc/arm-none-eabi/12.3.1/../../../../arm-none-eabi/lib/thumb/v7e-m+fp/hard/libcr_c.a(_cr_check_heap.o)
                0x00004794                __check_heap_overflow
 .text.__sys_appexit
                0x000047ac        0xc /Applications/MCUXpressoIDE_11.9.0_2144/ide/plugins/com.nxp.mcuxpresso.tools.macosx_11.9.0.202307121226/tools/bin/../lib/gcc/arm-none-eabi/12.3.1/../../../../arm-none-eabi/lib/thumb/v7e-m+fp/hard/libcr_semihost_nf.a(__sys_appexit.o)
                0x000047ac                __exit
                0x000047ac                __sys_appexit
 .text.DMA0_DMA16_IRQHandler
                0x000047b8        0x8 ./startup/startup_mk66f18.o
                0x000047b8                DMA0_DMA16_IRQHandler
 .text.DMA1_DMA17_IRQHandler
                0x000047c0        0x8 ./startup/startup_mk66f18.o
                0x000047c0                DMA1_DMA17_IRQHandler
 .text.DMA2_DMA18_IRQHandler
                0x000047c8        0x8 ./startup/startup_mk66f18.o
                0x000047c8                DMA2_DMA18_IRQHandler
 .text.DMA3_DMA19_IRQHandler
                0x000047d0        0x8 ./startup/startup_mk66f18.o
                0x000047d0                DMA3_DMA19_IRQHandler
 .text.DMA4_DMA20_IRQHandler
                0x000047d8        0x8 ./startup/startup_mk66f18.o
                0x000047d8                DMA4_DMA20_IRQHandler
 .text.DMA5_DMA21_IRQHandler
                0x000047e0        0x8 ./startup/startup_mk66f18.o
                0x000047e0                DMA5_DMA21_IRQHandler
 .text.DMA6_DMA22_IRQHandler
                0x000047e8        0x8 ./startup/startup_mk66f18.o
                0x000047e8                DMA6_DMA22_IRQHandler
 .text.DMA7_DMA23_IRQHandler
                0x000047f0        0x8 ./startup/startup_mk66f18.o
                0x000047f0                DMA7_DMA23_IRQHandler
 .text.DMA8_DMA24_IRQHandler
                0x000047f8        0x8 ./startup/startup_mk66f18.o
                0x000047f8                DMA8_DMA24_IRQHandler
 .text.DMA9_DMA25_IRQHandler
                0x00004800        0x8 ./startup/startup_mk66f18.o
                0x00004800                DMA9_DMA25_IRQHandler
 .text.DMA10_DMA26_IRQHandler
                0x00004808        0x8 ./startup/startup_mk66f18.o
                0x00004808                DMA10_DMA26_IRQHandler
 .text.DMA11_DMA27_IRQHandler
                0x00004810        0x8 ./startup/startup_mk66f18.o
                0x00004810                DMA11_DMA27_IRQHandler
 .text.DMA12_DMA28_IRQHandler
                0x00004818        0x8 ./startup/startup_mk66f18.o
                0x00004818                DMA12_DMA28_IRQHandler
 .text.DMA13_DMA29_IRQHandler
                0x00004820        0x8 ./startup/startup_mk66f18.o
                0x00004820                DMA13_DMA29_IRQHandler
 .text.DMA14_DMA30_IRQHandler
                0x00004828        0x8 ./startup/startup_mk66f18.o
                0x00004828                DMA14_DMA30_IRQHandler
 .text.DMA15_DMA31_IRQHandler
                0x00004830        0x8 ./startup/startup_mk66f18.o
                0x00004830                DMA15_DMA31_IRQHandler
 .text.DMA_Error_IRQHandler
                0x00004838        0x8 ./startup/startup_mk66f18.o
                0x00004838                DMA_Error_IRQHandler
 .text.MCM_IRQHandler
                0x00004840        0x8 ./startup/startup_mk66f18.o
                0x00004840                MCM_IRQHandler
 .text.FTFE_IRQHandler
                0x00004848        0x8 ./startup/startup_mk66f18.o
                0x00004848                FTFE_IRQHandler
 .text.Read_Collision_IRQHandler
                0x00004850        0x8 ./startup/startup_mk66f18.o
                0x00004850                Read_Collision_IRQHandler
 .text.LVD_LVW_IRQHandler
                0x00004858        0x8 ./startup/startup_mk66f18.o
                0x00004858                LVD_LVW_IRQHandler
 .text.LLWU_IRQHandler
                0x00004860        0x8 ./startup/startup_mk66f18.o
                0x00004860                LLWU_IRQHandler
 .text.WDOG_EWM_IRQHandler
                0x00004868        0x8 ./startup/startup_mk66f18.o
                0x00004868                WDOG_EWM_IRQHandler
 .text.RNG_IRQHandler
                0x00004870        0x8 ./startup/startup_mk66f18.o
                0x00004870                RNG_IRQHandler
 .text.I2C0_IRQHandler
                0x00004878        0x8 ./startup/startup_mk66f18.o
                0x00004878                I2C0_IRQHandler
 .text.I2C1_IRQHandler
                0x00004880        0x8 ./startup/startup_mk66f18.o
                0x00004880                I2C1_IRQHandler
 .text.SPI0_IRQHandler
                0x00004888        0x8 ./startup/startup_mk66f18.o
                0x00004888                SPI0_IRQHandler
 .text.SPI1_IRQHandler
                0x00004890        0x8 ./startup/startup_mk66f18.o
                0x00004890                SPI1_IRQHandler
 .text.I2S0_Tx_IRQHandler
                0x00004898        0x8 ./startup/startup_mk66f18.o
                0x00004898                I2S0_Tx_IRQHandler
 .text.I2S0_Rx_IRQHandler
                0x000048a0        0x8 ./startup/startup_mk66f18.o
                0x000048a0                I2S0_Rx_IRQHandler
 .text.Reserved46_IRQHandler
                0x000048a8        0x8 ./startup/startup_mk66f18.o
                0x000048a8                Reserved46_IRQHandler
 .text.UART0_RX_TX_IRQHandler
                0x000048b0        0x8 ./startup/startup_mk66f18.o
                0x000048b0                UART0_RX_TX_IRQHandler
 .text.UART0_ERR_IRQHandler
                0x000048b8        0x8 ./startup/startup_mk66f18.o
                0x000048b8                UART0_ERR_IRQHandler
 .text.UART1_RX_TX_IRQHandler
                0x000048c0        0x8 ./startup/startup_mk66f18.o
                0x000048c0                UART1_RX_TX_IRQHandler
 .text.UART1_ERR_IRQHandler
                0x000048c8        0x8 ./startup/startup_mk66f18.o
                0x000048c8                UART1_ERR_IRQHandler
 .text.UART2_RX_TX_IRQHandler
                0x000048d0        0x8 ./startup/startup_mk66f18.o
                0x000048d0                UART2_RX_TX_IRQHandler
 .text.UART2_ERR_IRQHandler
                0x000048d8        0x8 ./startup/startup_mk66f18.o
                0x000048d8                UART2_ERR_IRQHandler
 .text.UART3_RX_TX_IRQHandler
                0x000048e0        0x8 ./startup/startup_mk66f18.o
                0x000048e0                UART3_RX_TX_IRQHandler
 .text.UART3_ERR_IRQHandler
                0x000048e8        0x8 ./startup/startup_mk66f18.o
                0x000048e8                UART3_ERR_IRQHandler
 .text.ADC0_IRQHandler
                0x000048f0        0x8 ./startup/startup_mk66f18.o
                0x000048f0                ADC0_IRQHandler
 .text.CMP0_IRQHandler
                0x000048f8        0x8 ./startup/startup_mk66f18.o
                0x000048f8                CMP0_IRQHandler
 .text.CMP1_IRQHandler
                0x00004900        0x8 ./startup/startup_mk66f18.o
                0x00004900                CMP1_IRQHandler
 .text.FTM0_IRQHandler
                0x00004908        0x8 ./startup/startup_mk66f18.o
                0x00004908                FTM0_IRQHandler
 .text.FTM1_IRQHandler
                0x00004910        0x8 ./startup/startup_mk66f18.o
                0x00004910                FTM1_IRQHandler
 .text.FTM2_IRQHandler
                0x00004918        0x8 ./startup/startup_mk66f18.o
                0x00004918                FTM2_IRQHandler
 .text.CMT_IRQHandler
                0x00004920        0x8 ./startup/startup_mk66f18.o
                0x00004920                CMT_IRQHandler
 .text.RTC_IRQHandler
                0x00004928        0x8 ./startup/startup_mk66f18.o
                0x00004928                RTC_IRQHandler
 .text.RTC_Seconds_IRQHandler
                0x00004930        0x8 ./startup/startup_mk66f18.o
                0x00004930                RTC_Seconds_IRQHandler
 .text.PIT0_IRQHandler
                0x00004938        0x8 ./startup/startup_mk66f18.o
                0x00004938                PIT0_IRQHandler
 .text.PIT1_IRQHandler
                0x00004940        0x8 ./startup/startup_mk66f18.o
                0x00004940                PIT1_IRQHandler
 .text.PIT2_IRQHandler
                0x00004948        0x8 ./startup/startup_mk66f18.o
                0x00004948                PIT2_IRQHandler
 .text.PIT3_IRQHandler
                0x00004950        0x8 ./startup/startup_mk66f18.o
                0x00004950                PIT3_IRQHandler
 .text.PDB0_IRQHandler
                0x00004958        0x8 ./startup/startup_mk66f18.o
                0x00004958                PDB0_IRQHandler
 .text.USB0_IRQHandler
                0x00004960        0x8 ./startup/startup_mk66f18.o
                0x00004960                USB0_IRQHandler
 .text.USBDCD_IRQHandler
                0x00004968        0x8 ./startup/startup_mk66f18.o
                0x00004968                USBDCD_IRQHandler
 .text.Reserved71_IRQHandler
                0x00004970        0x8 ./startup/startup_mk66f18.o
                0x00004970                Reserved71_IRQHandler
 .text.DAC0_IRQHandler
                0x00004978        0x8 ./startup/startup_mk66f18.o
                0x00004978                DAC0_IRQHandler
 .text.MCG_IRQHandler
                0x00004980        0x8 ./startup/startup_mk66f18.o
                0x00004980                MCG_IRQHandler
 .text.LPTMR0_IRQHandler
                0x00004988        0x8 ./startup/startup_mk66f18.o
                0x00004988                LPTMR0_IRQHandler
 .text.PORTA_IRQHandler
                0x00004990        0x8 ./startup/startup_mk66f18.o
                0x00004990                PORTA_IRQHandler
 .text.PORTB_IRQHandler
                0x00004998        0x8 ./startup/startup_mk66f18.o
                0x00004998                PORTB_IRQHandler
 .text.PORTC_IRQHandler
                0x000049a0        0x8 ./startup/startup_mk66f18.o
                0x000049a0                PORTC_IRQHandler
 .text.PORTD_IRQHandler
                0x000049a8        0x8 ./startup/startup_mk66f18.o
                0x000049a8                PORTD_IRQHandler
 .text.PORTE_IRQHandler
                0x000049b0        0x8 ./startup/startup_mk66f18.o
                0x000049b0                PORTE_IRQHandler
 .text.SWI_IRQHandler
                0x000049b8        0x8 ./startup/startup_mk66f18.o
                0x000049b8                SWI_IRQHandler
 .text.SPI2_IRQHandler
                0x000049c0        0x8 ./startup/startup_mk66f18.o
                0x000049c0                SPI2_IRQHandler
 .text.UART4_ERR_IRQHandler
                0x000049c8        0x8 ./startup/startup_mk66f18.o
                0x000049c8                UART4_ERR_IRQHandler
 .text.Reserved84_IRQHandler
                0x000049d0        0x8 ./startup/startup_mk66f18.o
                0x000049d0                Reserved84_IRQHandler
 .text.Reserved85_IRQHandler
                0x000049d8        0x8 ./startup/startup_mk66f18.o
                0x000049d8                Reserved85_IRQHandler
 .text.CMP2_IRQHandler
                0x000049e0        0x8 ./startup/startup_mk66f18.o
                0x000049e0                CMP2_IRQHandler
 .text.FTM3_IRQHandler
                0x000049e8        0x8 ./startup/startup_mk66f18.o
                0x000049e8                FTM3_IRQHandler
 .text.DAC1_IRQHandler
                0x000049f0        0x8 ./startup/startup_mk66f18.o
                0x000049f0                DAC1_IRQHandler
 .text.ADC1_IRQHandler
                0x000049f8        0x8 ./startup/startup_mk66f18.o
                0x000049f8                ADC1_IRQHandler
 .text.I2C2_IRQHandler
                0x00004a00        0x8 ./startup/startup_mk66f18.o
                0x00004a00                I2C2_IRQHandler
 .text.CAN0_ORed_Message_buffer_IRQHandler
                0x00004a08        0x8 ./startup/startup_mk66f18.o
                0x00004a08                CAN0_ORed_Message_buffer_IRQHandler
 .text.CAN0_Bus_Off_IRQHandler
                0x00004a10        0x8 ./startup/startup_mk66f18.o
                0x00004a10                CAN0_Bus_Off_IRQHandler
 .text.CAN0_Error_IRQHandler
                0x00004a18        0x8 ./startup/startup_mk66f18.o
                0x00004a18                CAN0_Error_IRQHandler
 .text.CAN0_Tx_Warning_IRQHandler
                0x00004a20        0x8 ./startup/startup_mk66f18.o
                0x00004a20                CAN0_Tx_Warning_IRQHandler
 .text.CAN0_Rx_Warning_IRQHandler
                0x00004a28        0x8 ./startup/startup_mk66f18.o
                0x00004a28                CAN0_Rx_Warning_IRQHandler
 .text.CAN0_Wake_Up_IRQHandler
                0x00004a30        0x8 ./startup/startup_mk66f18.o
                0x00004a30                CAN0_Wake_Up_IRQHandler
 .text.SDHC_IRQHandler
                0x00004a38        0x8 ./startup/startup_mk66f18.o
                0x00004a38                SDHC_IRQHandler
 .text.ENET_1588_Timer_IRQHandler
                0x00004a40        0x8 ./startup/startup_mk66f18.o
                0x00004a40                ENET_1588_Timer_IRQHandler
 .text.ENET_Transmit_IRQHandler
                0x00004a48        0x8 ./startup/startup_mk66f18.o
                0x00004a48                ENET_Transmit_IRQHandler
 .text.ENET_Receive_IRQHandler
                0x00004a50        0x8 ./startup/startup_mk66f18.o
                0x00004a50                ENET_Receive_IRQHandler
 .text.ENET_Error_IRQHandler
                0x00004a58        0x8 ./startup/startup_mk66f18.o
                0x00004a58                ENET_Error_IRQHandler
 .text.LPUART0_IRQHandler
                0x00004a60        0x8 ./startup/startup_mk66f18.o
                0x00004a60                LPUART0_IRQHandler
 .text.TSI0_IRQHandler
                0x00004a68        0x8 ./startup/startup_mk66f18.o
                0x00004a68                TSI0_IRQHandler
 .text.TPM1_IRQHandler
                0x00004a70        0x8 ./startup/startup_mk66f18.o
                0x00004a70                TPM1_IRQHandler
 .text.TPM2_IRQHandler
                0x00004a78        0x8 ./startup/startup_mk66f18.o
                0x00004a78                TPM2_IRQHandler
 .text.USBHSDCD_IRQHandler
                0x00004a80        0x8 ./startup/startup_mk66f18.o
                0x00004a80                USBHSDCD_IRQHandler
 .text.I2C3_IRQHandler
                0x00004a88        0x8 ./startup/startup_mk66f18.o
                0x00004a88                I2C3_IRQHandler
 .text.CMP3_IRQHandler
                0x00004a90        0x8 ./startup/startup_mk66f18.o
                0x00004a90                CMP3_IRQHandler
 .text.USBHS_IRQHandler
                0x00004a98        0x8 ./startup/startup_mk66f18.o
                0x00004a98                USBHS_IRQHandler
 .text.CAN1_ORed_Message_buffer_IRQHandler
                0x00004aa0        0x8 ./startup/startup_mk66f18.o
                0x00004aa0                CAN1_ORed_Message_buffer_IRQHandler
 .text.CAN1_Bus_Off_IRQHandler
                0x00004aa8        0x8 ./startup/startup_mk66f18.o
                0x00004aa8                CAN1_Bus_Off_IRQHandler
 .text.CAN1_Error_IRQHandler
                0x00004ab0        0x8 ./startup/startup_mk66f18.o
                0x00004ab0                CAN1_Error_IRQHandler
 .text.CAN1_Tx_Warning_IRQHandler
                0x00004ab8        0x8 ./startup/startup_mk66f18.o
                0x00004ab8                CAN1_Tx_Warning_IRQHandler
 .text.CAN1_Rx_Warning_IRQHandler
                0x00004ac0        0x8 ./startup/startup_mk66f18.o
                0x00004ac0                CAN1_Rx_Warning_IRQHandler
 .text.CAN1_Wake_Up_IRQHandler
                0x00004ac8        0x8 ./startup/startup_mk66f18.o
                0x00004ac8                CAN1_Wake_Up_IRQHandler
 .text.EnableIRQ
                0x00004ad0       0x32 ./source/freertos_hello.o
 .text.UART_ReadByte
                0x00004b02       0x1a ./source/freertos_hello.o
 .text.HardFault_Handler
                0x00004b1c       0x36 ./source/semihost_hardfault.o
                0x00004b1c                HardFault_Handler
 .text.xEventGroupCreate
                0x00004b52       0x2e ./freertos/freertos_kernel/event_groups.o
                0x00004b52                xEventGroupCreate
 .text.xEventGroupSetBits
                0x00004b80      0x114 ./freertos/freertos_kernel/event_groups.o
                0x00004b80                xEventGroupSetBits
 .text.vEventGroupSetBitsCallback
                0x00004c94       0x1a ./freertos/freertos_kernel/event_groups.o
                0x00004c94                vEventGroupSetBitsCallback
 .text.prvTestWaitCondition
                0x00004cae       0x44 ./freertos/freertos_kernel/event_groups.o
 .text.vListInitialise
                0x00004cf2       0x40 ./freertos/freertos_kernel/list.o
                0x00004cf2                vListInitialise
 .text.vListInitialiseItem
                0x00004d32       0x1a ./freertos/freertos_kernel/list.o
                0x00004d32                vListInitialiseItem
 .text.vListInsertEnd
                0x00004d4c       0x48 ./freertos/freertos_kernel/list.o
                0x00004d4c                vListInsertEnd
 .text.vListInsert
                0x00004d94       0x72 ./freertos/freertos_kernel/list.o
                0x00004d94                vListInsert
 .text.uxListRemove
                0x00004e06       0x54 ./freertos/freertos_kernel/list.o
                0x00004e06                uxListRemove
 .text.xQueueGenericCreate
                0x00004e5a       0xbe ./freertos/freertos_kernel/queue.o
                0x00004e5a                xQueueGenericCreate
 .text.prvInitialiseNewQueue
                0x00004f18       0x46 ./freertos/freertos_kernel/queue.o
 .text.xQueueGenericSendFromISR
                0x00004f5e      0x154 ./freertos/freertos_kernel/queue.o
                0x00004f5e                xQueueGenericSendFromISR
 .text.prvCopyDataToQueue
                0x000050b2       0xd4 ./freertos/freertos_kernel/queue.o
 .text.prvCopyDataFromQueue
                0x00005186       0x4c ./freertos/freertos_kernel/queue.o
 .text.prvUnlockQueue
                0x000051d2       0xa4 ./freertos/freertos_kernel/queue.o
 .text.prvIsQueueEmpty
                0x00005276       0x2c ./freertos/freertos_kernel/queue.o
 .text.prvIsQueueFull
                0x000052a2       0x30 ./freertos/freertos_kernel/queue.o
 .text.vQueueWaitForMessageRestricted
                0x000052d2       0x68 ./freertos/freertos_kernel/queue.o
                0x000052d2                vQueueWaitForMessageRestricted
 .text.xTaskCreate
                0x0000533a       0x82 ./freertos/freertos_kernel/tasks.o
                0x0000533a                xTaskCreate
 .text.prvInitialiseNewTask
                0x000053bc      0x140 ./freertos/freertos_kernel/tasks.o
 .text.prvDeleteTCB
                0x000054fc       0x20 ./freertos/freertos_kernel/tasks.o
 .text.prvTimerTask
                0x0000551c       0x24 ./freertos/freertos_kernel/timers.o
 .text.CLOCK_GetPll0RefFreq
                0x00005540        0xe ./drivers/fsl_clock.o
 .text.CLOCK_GetFixedFreqClkFreq
                0x0000554e       0x34 ./drivers/fsl_clock.o
                0x0000554e                CLOCK_GetFixedFreqClkFreq
 .text.CLOCK_EnableClock
                0x00005582       0x34 ./drivers/fsl_uart.o
 .text.UART_GetStatusFlags
                0x000055b6       0x48 ./drivers/fsl_uart.o
                0x000055b6                UART_GetStatusFlags
 .text.UART0_RX_TX_DriverIRQHandler
                0x000055fe       0x12 ./drivers/fsl_uart.o
                0x000055fe                UART0_RX_TX_DriverIRQHandler
 .text.UART1_RX_TX_DriverIRQHandler
                0x00005610       0x12 ./drivers/fsl_uart.o
                0x00005610                UART1_RX_TX_DriverIRQHandler
 .text.UART2_RX_TX_DriverIRQHandler
                0x00005622       0x12 ./drivers/fsl_uart.o
                0x00005622                UART2_RX_TX_DriverIRQHandler
 .text.UART3_RX_TX_DriverIRQHandler
                0x00005634       0x12 ./drivers/fsl_uart.o
                0x00005634                UART3_RX_TX_DriverIRQHandler
 .text.SystemInitHook
                0x00005646        0xe ./device/system_MK66F18.o
                0x00005646                SystemInitHook
 .text.DbgConsole_Init
                0x00005654       0x20 ./board/board.o
 .text.BOARD_InitDebugConsole
                0x00005674       0x22 ./board/board.o
                0x00005674                BOARD_InitDebugConsole
 .text.BOARD_InitBootClocks
                0x00005696        0xc ./board/clock_config.o
                0x00005696                BOARD_InitBootClocks
 .text.CLOCK_EnableClock
                0x000056a2       0x34 ./board/pin_mux.o
 .text.PORT_SetPinMux
                0x000056d6       0x3a ./board/pin_mux.o
 .text.__main   0x00005710        0xe /Applications/MCUXpressoIDE_11.9.0_2144/ide/plugins/com.nxp.mcuxpresso.tools.macosx_11.9.0.202307121226/tools/bin/../lib/gcc/arm-none-eabi/12.3.1/../../../../arm-none-eabi/lib/thumb/v7e-m+fp/hard/libcr_semihost_nf.a(_cr__main.o)
                0x00005710                __main
                0x00005710                __CR_SEMIHOST
 .text.memcpy   0x0000571e        0x4 /Applications/MCUXpressoIDE_11.9.0_2144/ide/plugins/com.nxp.mcuxpresso.tools.macosx_11.9.0.202307121226/tools/bin/../lib/gcc/arm-none-eabi/12.3.1/../../../../arm-none-eabi/lib/thumb/v7e-m+fp/hard/libcr_c.a(memcpy.o)
                0x0000571e                memcpy
 .text.memset   0x00005722        0x4 /Applications/MCUXpressoIDE_11.9.0_2144/ide/plugins/com.nxp.mcuxpresso.tools.macosx_11.9.0.202307121226/tools/bin/../lib/gcc/arm-none-eabi/12.3.1/../../../../arm-none-eabi/lib/thumb/v7e-m+fp/hard/libcr_c.a(memset.o)
                0x00005722                memset
 .text.free     0x00005726       0x30 /Applications/MCUXpressoIDE_11.9.0_2144/ide/plugins/com.nxp.mcuxpresso.tools.macosx_11.9.0.202307121226/tools/bin/../lib/gcc/arm-none-eabi/12.3.1/../../../../arm-none-eabi/lib/thumb/v7e-m+fp/hard/libcr_c.a(alloc.o)
                0x00005726                free
 .text.no_fp_display
                0x00005756        0x4 /Applications/MCUXpressoIDE_11.9.0_2144/ide/plugins/com.nxp.mcuxpresso.tools.macosx_11.9.0.202307121226/tools/bin/../lib/gcc/arm-none-eabi/12.3.1/../../../../arm-none-eabi/lib/thumb/v7e-m+fp/hard/libcr_c.a(printf.o)
 .text.setvbuf  0x0000575a       0x3e /Applications/MCUXpressoIDE_11.9.0_2144/ide/plugins/com.nxp.mcuxpresso.tools.macosx_11.9.0.202307121226/tools/bin/../lib/gcc/arm-none-eabi/12.3.1/../../../../arm-none-eabi/lib/thumb/v7e-m+fp/hard/libcr_c.a(setvbuf.o)
                0x0000575a                setvbuf
 .text.strlen   0x00005798       0x4e /Applications/MCUXpressoIDE_11.9.0_2144/ide/plugins/com.nxp.mcuxpresso.tools.macosx_11.9.0.202307121226/tools/bin/../lib/gcc/arm-none-eabi/12.3.1/../../../../arm-none-eabi/lib/thumb/v7e-m+fp/hard/libcr_c.a(strlen.o)
                0x00005798                strlen
 .text._deferredlazyseek
                0x000057e6       0x40 /Applications/MCUXpressoIDE_11.9.0_2144/ide/plugins/com.nxp.mcuxpresso.tools.macosx_11.9.0.202307121226/tools/bin/../lib/gcc/arm-none-eabi/12.3.1/../../../../arm-none-eabi/lib/thumb/v7e-m+fp/hard/libcr_c.a(_deferredlazyseek.o)
                0x000057e6                _deferredlazyseek
 .text.__flsbuf
                0x00005826      0x140 /Applications/MCUXpressoIDE_11.9.0_2144/ide/plugins/com.nxp.mcuxpresso.tools.macosx_11.9.0.202307121226/tools/bin/../lib/gcc/arm-none-eabi/12.3.1/../../../../arm-none-eabi/lib/thumb/v7e-m+fp/hard/libcr_c.a(_deferredlazyseek.o)
                0x00005826                __flsbuf
 .text._fdopen  0x00005966       0x68 /Applications/MCUXpressoIDE_11.9.0_2144/ide/plugins/com.nxp.mcuxpresso.tools.macosx_11.9.0.202307121226/tools/bin/../lib/gcc/arm-none-eabi/12.3.1/../../../../arm-none-eabi/lib/thumb/v7e-m+fp/hard/libcr_c.a(_fdopen.o)
                0x00005966                _fdopen
 .text._fflush  0x000059ce       0x52 /Applications/MCUXpressoIDE_11.9.0_2144/ide/plugins/com.nxp.mcuxpresso.tools.macosx_11.9.0.202307121226/tools/bin/../lib/gcc/arm-none-eabi/12.3.1/../../../../arm-none-eabi/lib/thumb/v7e-m+fp/hard/libcr_c.a(_fflush.o)
                0x000059ce                _fflush
 .text.fclose   0x00005a20       0x58 /Applications/MCUXpressoIDE_11.9.0_2144/ide/plugins/com.nxp.mcuxpresso.tools.macosx_11.9.0.202307121226/tools/bin/../lib/gcc/arm-none-eabi/12.3.1/../../../../arm-none-eabi/lib/thumb/v7e-m+fp/hard/libcr_c.a(fclose.o)
                0x00005a20                fclose
 .text.remove   0x00005a78       0x14 /Applications/MCUXpressoIDE_11.9.0_2144/ide/plugins/com.nxp.mcuxpresso.tools.macosx_11.9.0.202307121226/tools/bin/../lib/gcc/arm-none-eabi/12.3.1/../../../../arm-none-eabi/lib/thumb/v7e-m+fp/hard/libcr_c.a(remove.o)
                0x00005a78                remove
 .text._do_fflush
                0x00005a8c       0x40 /Applications/MCUXpressoIDE_11.9.0_2144/ide/plugins/com.nxp.mcuxpresso.tools.macosx_11.9.0.202307121226/tools/bin/../lib/gcc/arm-none-eabi/12.3.1/../../../../arm-none-eabi/lib/thumb/v7e-m+fp/hard/libcr_c.a(_do_fflush.o)
                0x00005a8c                _do_fflush
 .text.__aeabi_memcpy
                0x00005acc       0x34 /Applications/MCUXpressoIDE_11.9.0_2144/ide/plugins/com.nxp.mcuxpresso.tools.macosx_11.9.0.202307121226/tools/bin/../lib/gcc/arm-none-eabi/12.3.1/thumb/v7e-m+fp/hard/libcr_eabihelpers.a(memcpy.o)
                0x00005acc                __aeabi_memcpy
                0x00005ad6                __aeabi_memcpy4
                0x00005ad6                __aeabi_memcpy8
 .text.__aeabi_memset_lowlevel
                0x00005b00       0x32 /Applications/MCUXpressoIDE_11.9.0_2144/ide/plugins/com.nxp.mcuxpresso.tools.macosx_11.9.0.202307121226/tools/bin/../lib/gcc/arm-none-eabi/12.3.1/thumb/v7e-m+fp/hard/libcr_eabihelpers.a(memcpy.o)
                0x00005b00                __aeabi_lowlevel_memset
 .text.__sys_close
                0x00005b32        0xc /Applications/MCUXpressoIDE_11.9.0_2144/ide/plugins/com.nxp.mcuxpresso.tools.macosx_11.9.0.202307121226/tools/bin/../lib/gcc/arm-none-eabi/12.3.1/../../../../arm-none-eabi/lib/thumb/v7e-m+fp/hard/libcr_semihost_nf.a(__sys_close.o)
                0x00005b32                __sys_close
 .text.__sys_flen
                0x00005b3e        0xc /Applications/MCUXpressoIDE_11.9.0_2144/ide/plugins/com.nxp.mcuxpresso.tools.macosx_11.9.0.202307121226/tools/bin/../lib/gcc/arm-none-eabi/12.3.1/../../../../arm-none-eabi/lib/thumb/v7e-m+fp/hard/libcr_semihost_nf.a(__sys_flen.o)
                0x00005b3e                __sys_flen
 .text.__sys_istty
                0x00005b4a        0xc /Applications/MCUXpressoIDE_11.9.0_2144/ide/plugins/com.nxp.mcuxpresso.tools.macosx_11.9.0.202307121226/tools/bin/../lib/gcc/arm-none-eabi/12.3.1/../../../../arm-none-eabi/lib/thumb/v7e-m+fp/hard/libcr_semihost_nf.a(__sys_istty.o)
                0x00005b4a                __sys_istty
 .text.__sys_remove
                0x00005b56        0xc /Applications/MCUXpressoIDE_11.9.0_2144/ide/plugins/com.nxp.mcuxpresso.tools.macosx_11.9.0.202307121226/tools/bin/../lib/gcc/arm-none-eabi/12.3.1/../../../../arm-none-eabi/lib/thumb/v7e-m+fp/hard/libcr_semihost_nf.a(__sys_remove.o)
                0x00005b56                __sys_remove
 .text.__sys_seek
                0x00005b62        0xc /Applications/MCUXpressoIDE_11.9.0_2144/ide/plugins/com.nxp.mcuxpresso.tools.macosx_11.9.0.202307121226/tools/bin/../lib/gcc/arm-none-eabi/12.3.1/../../../../arm-none-eabi/lib/thumb/v7e-m+fp/hard/libcr_semihost_nf.a(__sys_seek.o)
                0x00005b62                __sys_seek
 .text.__sys_tmpnam
                0x00005b6e        0xc /Applications/MCUXpressoIDE_11.9.0_2144/ide/plugins/com.nxp.mcuxpresso.tools.macosx_11.9.0.202307121226/tools/bin/../lib/gcc/arm-none-eabi/12.3.1/../../../../arm-none-eabi/lib/thumb/v7e-m+fp/hard/libcr_semihost_nf.a(__sys_tmpnam.o)
                0x00005b6e                __sys_tmpnam
 .text.__sys_write
                0x00005b7a        0xc /Applications/MCUXpressoIDE_11.9.0_2144/ide/plugins/com.nxp.mcuxpresso.tools.macosx_11.9.0.202307121226/tools/bin/../lib/gcc/arm-none-eabi/12.3.1/../../../../arm-none-eabi/lib/thumb/v7e-m+fp/hard/libcr_semihost_nf.a(__sys_write.o)
                0x00005b7a                __sys_write
 *freertos*/tasks.o(SORT_BY_ALIGNMENT(.rodata*))
 *fill*         0x00005b86        0x2 ff
 .rodata.vTaskStartScheduler.str1.4
                0x00005b88        0x5 ./freertos/freertos_kernel/tasks.o
 *fill*         0x00005b8d        0x3 ff
 .rodata        0x00005b90       0x1c ./freertos/freertos_kernel/tasks.o
                0x00005b90                portArch_Name
                0x00005b94                FreeRTOSDebugConfig
 *(SORT_BY_ALIGNMENT(.rodata) SORT_BY_ALIGNMENT(.rodata.*) SORT_BY_ALIGNMENT(.constdata) SORT_BY_ALIGNMENT(.constdata.*))
 .rodata.__assertion_failed.str1.4
                0x00005bac       0x14 ./utilities/fsl_assert.o
 .rodata.consumer_event.str1.4
                0x00005bc0       0x1f ./source/freertos_hello.o
 *fill*         0x00005bdf        0x1 ff
 .rodata.main.str1.4
                0x00005be0       0x25 ./source/freertos_hello.o
 *fill*         0x00005c05        0x3 ff
 .rodata.xTimerCreateTimerTask.str1.4
                0x00005c08        0x8 ./freertos/freertos_kernel/timers.o
 .rodata.prvCheckForValidListAndQueue.str1.4
                0x00005c10        0x5 ./freertos/freertos_kernel/timers.o
 *fill*         0x00005c15        0x3 ff
 .rodata.CLOCK_GetMcgExtClkFreq.str1.4
                0x00005c18       0x49 ./drivers/fsl_clock.o
 *fill*         0x00005c61        0x3 ff
 .rodata.CLOCK_GetOsc0ErClkUndivFreq.str1.4
                0x00005c64       0x1e ./drivers/fsl_clock.o
 *fill*         0x00005c82        0x2 ff
 .rodata.CLOCK_GetOsc0ErClkDivFreq.str1.4
                0x00005c84       0x1e ./drivers/fsl_clock.o
 *fill*         0x00005ca2        0x2 ff
 .rodata.CLOCK_GetEr32kClkFreq.str1.4
                0x00005ca4       0x1f ./drivers/fsl_clock.o
 *fill*         0x00005cc3        0x1 ff
 .rodata.CLOCK_GetPll0Freq.str1.4
                0x00005cc4       0x1d ./drivers/fsl_clock.o
 *fill*         0x00005ce1        0x3 ff
 .rodata.fllFactorTable.1
                0x00005ce4       0x10 ./drivers/fsl_clock.o
 .rodata.s_uartBases
                0x00005cf4       0x14 ./drivers/fsl_uart.o
 .rodata.s_uartClock
                0x00005d08       0x14 ./drivers/fsl_uart.o
 .rodata.UART_GetInstance.str1.4
                0x00005d1c       0x2b ./drivers/fsl_uart.o
 *fill*         0x00005d47        0x1 ff
 .rodata.UART_Init.str1.4
                0x00005d48       0xfb ./drivers/fsl_uart.o
 *fill*         0x00005e43        0x1 ff
 .rodata.UART_GetDefaultConfig.str1.4
                0x00005e44       0x20 ./drivers/fsl_uart.o
 .rodata.simConfig_BOARD_BootClockRUN
                0x00005e64        0x8 ./board/clock_config.o
                0x00005e64                simConfig_BOARD_BootClockRUN
 .rodata.__num_Ciob_streams
                0x00005e6c        0x4 /Applications/MCUXpressoIDE_11.9.0_2144/ide/plugins/com.nxp.mcuxpresso.tools.macosx_11.9.0.202307121226/tools/bin/../lib/gcc/arm-none-eabi/12.3.1/../../../../arm-none-eabi/lib/thumb/v7e-m+fp/hard/libcr_semihost_nf.a(__ciob.o)
                0x00005e6c                __num_Ciob_streams
 .rodata._Csys_alloc.str1.1
                0x00005e70       0x18 /Applications/MCUXpressoIDE_11.9.0_2144/ide/plugins/com.nxp.mcuxpresso.tools.macosx_11.9.0.202307121226/tools/bin/../lib/gcc/arm-none-eabi/12.3.1/../../../../arm-none-eabi/lib/thumb/v7e-m+fp/hard/libcr_c.a(alloc.o)
 .rodata._initio.str1.1
                0x00005e88        0x4 /Applications/MCUXpressoIDE_11.9.0_2144/ide/plugins/com.nxp.mcuxpresso.tools.macosx_11.9.0.202307121226/tools/bin/../lib/gcc/arm-none-eabi/12.3.1/../../../../arm-none-eabi/lib/thumb/v7e-m+fp/hard/libcr_c.a(initio.o)
 .rodata.__vfprintf.str1.1
                0x00005e8c       0x37 /Applications/MCUXpressoIDE_11.9.0_2144/ide/plugins/com.nxp.mcuxpresso.tools.macosx_11.9.0.202307121226/tools/bin/../lib/gcc/arm-none-eabi/12.3.1/../../../../arm-none-eabi/lib/thumb/v7e-m+fp/hard/libcr_c.a(printf.o)
                                 0x38 (size before relaxing)
                0x00005ec8                        . = ALIGN (0x8)
 *fill*         0x00005ec3        0x5 ff

.glue_7         0x00005ec8        0x0
 .glue_7        0x00005ec8        0x0 linker stubs

.glue_7t        0x00005ec8        0x0
 .glue_7t       0x00005ec8        0x0 linker stubs

.vfp11_veneer   0x00005ec8        0x0
 .vfp11_veneer  0x00005ec8        0x0 linker stubs

.v4_bx          0x00005ec8        0x0
 .v4_bx         0x00005ec8        0x0 linker stubs

.iplt           0x00005ec8        0x0
 .iplt          0x00005ec8        0x0 ./utilities/fsl_assert.o

.rel.dyn        0x00005ec8        0x0
 .rel.iplt      0x00005ec8        0x0 ./utilities/fsl_assert.o

.ARM.extab
 *(SORT_BY_ALIGNMENT(.ARM.extab*) SORT_BY_ALIGNMENT(.gnu.linkonce.armextab.*))

.ARM.exidx      0x00005ec8        0x0
                0x00005ec8                        __exidx_start = .
 *(SORT_BY_ALIGNMENT(.ARM.exidx*) SORT_BY_ALIGNMENT(.gnu.linkonce.armexidx.*))
                0x00005ec8                        __exidx_end = .
                0x00005ec8                        _etext = .

.m_usb_data
 *(SORT_BY_ALIGNMENT(m_usb_bdt))

.data_RAM2      0x1fff0000        0x0 load address 0x00005ec8
 FILL mask 0xff
                [!provide]                        PROVIDE (__start_data_RAM2 = .)
                [!provide]                        PROVIDE (__start_data_SRAM_LOWER = .)
 *(SORT_BY_ALIGNMENT(.ramfunc.$RAM2))
 *(SORT_BY_ALIGNMENT(.ramfunc.$SRAM_LOWER))
 *(SORT_BY_ALIGNMENT(NonCacheable.init))
 *(SORT_BY_ALIGNMENT(.data.$RAM2))
 *(SORT_BY_ALIGNMENT(.data.$SRAM_LOWER))
 *(SORT_BY_ALIGNMENT(.data.$RAM2.*))
 *(SORT_BY_ALIGNMENT(.data.$SRAM_LOWER.*))
                0x1fff0000                        . = ALIGN (0x8)
                [!provide]                        PROVIDE (__end_data_RAM2 = .)
                [!provide]                        PROVIDE (__end_data_SRAM_LOWER = .)

.data_RAM3      0x14000000        0x0 load address 0x00005ec8
 FILL mask 0xff
                [!provide]                        PROVIDE (__start_data_RAM3 = .)
                [!provide]                        PROVIDE (__start_data_FLEX_RAM = .)
 *(SORT_BY_ALIGNMENT(.ramfunc.$RAM3))
 *(SORT_BY_ALIGNMENT(.ramfunc.$FLEX_RAM))
 *(SORT_BY_ALIGNMENT(.data.$RAM3))
 *(SORT_BY_ALIGNMENT(.data.$FLEX_RAM))
 *(SORT_BY_ALIGNMENT(.data.$RAM3.*))
 *(SORT_BY_ALIGNMENT(.data.$FLEX_RAM.*))
                0x14000000                        . = ALIGN (0x8)
                [!provide]                        PROVIDE (__end_data_RAM3 = .)
                [!provide]                        PROVIDE (__end_data_FLEX_RAM = .)

.uninit_RESERVED
                0x20000000        0x0
                0x20000000                        _start_uninit_RESERVED = .
 *(SORT_BY_ALIGNMENT(.bss.$RESERVED*))
                0x20000000                        . = ALIGN (0x8)
                0x20000000                        _end_uninit_RESERVED = .

.data           0x20000000       0x18 load address 0x00005ec8
 FILL mask 0xff
                0x20000000                        _data = .
                [!provide]                        PROVIDE (__start_data_RAM = .)
                [!provide]                        PROVIDE (__start_data_SRAM_UPPER = .)
 *(SORT_BY_ALIGNMENT(vtable))
 *(SORT_BY_ALIGNMENT(.ramfunc*))
 *(SORT_BY_ALIGNMENT(CodeQuickAccess))
 *(SORT_BY_ALIGNMENT(DataQuickAccess))
 *(SORT_BY_ALIGNMENT(RamFunction))
 *(SORT_BY_ALIGNMENT(.data*))
 .data.uxCriticalNesting
                0x20000000        0x4 ./freertos/freertos_kernel/portable/GCC/ARM_CM4F/port.o
 .data.uxTopUsedPriority
                0x20000004        0x4 ./freertos/freertos_kernel/tasks.o
                0x20000004                uxTopUsedPriority
 .data.s_slowIrcFreq
                0x20000008        0x4 ./drivers/fsl_clock.o
 .data.s_fastIrcFreq
                0x2000000c        0x4 ./drivers/fsl_clock.o
 .data.SystemCoreClock
                0x20000010        0x4 ./device/system_MK66F18.o
                0x20000010                SystemCoreClock
                0x20000018                        . = ALIGN (0x8)
 *fill*         0x20000014        0x4 ff
                0x20000018                        _edata = .
                [!provide]                        PROVIDE (__end_data_RAM = .)
                [!provide]                        PROVIDE (__end_data_SRAM_UPPER = .)

.igot.plt       0x20000018        0x0 load address 0x00005ee0
 .igot.plt      0x20000018        0x0 ./utilities/fsl_assert.o

.bss_RAM2       0x1fff0000        0x0
                [!provide]                        PROVIDE (__start_bss_RAM2 = .)
                [!provide]                        PROVIDE (__start_bss_SRAM_LOWER = .)
 *(SORT_BY_ALIGNMENT(NonCacheable))
 *(SORT_BY_ALIGNMENT(.bss.$RAM2))
 *(SORT_BY_ALIGNMENT(.bss.$SRAM_LOWER))
 *(SORT_BY_ALIGNMENT(.bss.$RAM2.*))
 *(SORT_BY_ALIGNMENT(.bss.$SRAM_LOWER.*))
                0x1fff0000                        . = ALIGN ((. != 0x0)?0x8:0x1)
                [!provide]                        PROVIDE (__end_bss_RAM2 = .)
                [!provide]                        PROVIDE (__end_bss_SRAM_LOWER = .)

.bss_RAM3       0x14000000        0x0
                [!provide]                        PROVIDE (__start_bss_RAM3 = .)
                [!provide]                        PROVIDE (__start_bss_FLEX_RAM = .)
 *(SORT_BY_ALIGNMENT(.bss.$RAM3))
 *(SORT_BY_ALIGNMENT(.bss.$FLEX_RAM))
 *(SORT_BY_ALIGNMENT(.bss.$RAM3.*))
 *(SORT_BY_ALIGNMENT(.bss.$FLEX_RAM.*))
                0x14000000                        . = ALIGN ((. != 0x0)?0x8:0x1)
                [!provide]                        PROVIDE (__end_bss_RAM3 = .)
                [!provide]                        PROVIDE (__end_bss_FLEX_RAM = .)

.bss            0x20000018     0x2a98
                0x20000018                        _bss = .
                [!provide]                        PROVIDE (__start_bss_RAM = .)
                [!provide]                        PROVIDE (__start_bss_SRAM_UPPER = .)
 *(SORT_BY_ALIGNMENT(.bss*))
 .bss.event_group_global_handler
                0x20000018        0x4 ./source/freertos_hello.o
                0x20000018                event_group_global_handler
 .bss.ucHeap    0x2000001c     0x2800 ./freertos/freertos_kernel/portable/MemMang/heap_4.o
 .bss.xStart    0x2000281c        0x8 ./freertos/freertos_kernel/portable/MemMang/heap_4.o
 .bss.pxEnd     0x20002824        0x4 ./freertos/freertos_kernel/portable/MemMang/heap_4.o
 .bss.xFreeBytesRemaining
                0x20002828        0x4 ./freertos/freertos_kernel/portable/MemMang/heap_4.o
 .bss.xMinimumEverFreeBytesRemaining
                0x2000282c        0x4 ./freertos/freertos_kernel/portable/MemMang/heap_4.o
 .bss.xNumberOfSuccessfulAllocations
                0x20002830        0x4 ./freertos/freertos_kernel/portable/MemMang/heap_4.o
 .bss.xNumberOfSuccessfulFrees
                0x20002834        0x4 ./freertos/freertos_kernel/portable/MemMang/heap_4.o
 .bss.xBlockAllocatedBit
                0x20002838        0x4 ./freertos/freertos_kernel/portable/MemMang/heap_4.o
 .bss.ulMaxPRIGROUPValue
                0x2000283c        0x4 ./freertos/freertos_kernel/portable/GCC/ARM_CM4F/port.o
 .bss.xQueueRegistry
                0x20002840       0x40 ./freertos/freertos_kernel/queue.o
                0x20002840                xQueueRegistry
 .bss.pxCurrentTCB
                0x20002880        0x4 ./freertos/freertos_kernel/tasks.o
                0x20002880                pxCurrentTCB
 .bss.pxReadyTasksLists
                0x20002884       0x64 ./freertos/freertos_kernel/tasks.o
 .bss.xDelayedTaskList1
                0x200028e8       0x14 ./freertos/freertos_kernel/tasks.o
 .bss.xDelayedTaskList2
                0x200028fc       0x14 ./freertos/freertos_kernel/tasks.o
 .bss.pxDelayedTaskList
                0x20002910        0x4 ./freertos/freertos_kernel/tasks.o
 .bss.pxOverflowDelayedTaskList
                0x20002914        0x4 ./freertos/freertos_kernel/tasks.o
 .bss.xPendingReadyList
                0x20002918       0x14 ./freertos/freertos_kernel/tasks.o
 .bss.xTasksWaitingTermination
                0x2000292c       0x14 ./freertos/freertos_kernel/tasks.o
 .bss.uxDeletedTasksWaitingCleanUp
                0x20002940        0x4 ./freertos/freertos_kernel/tasks.o
 .bss.xSuspendedTaskList
                0x20002944       0x14 ./freertos/freertos_kernel/tasks.o
 .bss.uxCurrentNumberOfTasks
                0x20002958        0x4 ./freertos/freertos_kernel/tasks.o
 .bss.xTickCount
                0x2000295c        0x4 ./freertos/freertos_kernel/tasks.o
 .bss.uxTopReadyPriority
                0x20002960        0x4 ./freertos/freertos_kernel/tasks.o
 .bss.xSchedulerRunning
                0x20002964        0x4 ./freertos/freertos_kernel/tasks.o
 .bss.xPendedTicks
                0x20002968        0x4 ./freertos/freertos_kernel/tasks.o
 .bss.xYieldPending
                0x2000296c        0x4 ./freertos/freertos_kernel/tasks.o
 .bss.xNumOfOverflows
                0x20002970        0x4 ./freertos/freertos_kernel/tasks.o
 .bss.uxTaskNumber
                0x20002974        0x4 ./freertos/freertos_kernel/tasks.o
 .bss.xNextTaskUnblockTime
                0x20002978        0x4 ./freertos/freertos_kernel/tasks.o
 .bss.xIdleTaskHandle
                0x2000297c        0x4 ./freertos/freertos_kernel/tasks.o
 .bss.uxSchedulerSuspended
                0x20002980        0x4 ./freertos/freertos_kernel/tasks.o
 .bss.xActiveTimerList1
                0x20002984       0x14 ./freertos/freertos_kernel/timers.o
 .bss.xActiveTimerList2
                0x20002998       0x14 ./freertos/freertos_kernel/timers.o
 .bss.pxCurrentTimerList
                0x200029ac        0x4 ./freertos/freertos_kernel/timers.o
 .bss.pxOverflowTimerList
                0x200029b0        0x4 ./freertos/freertos_kernel/timers.o
 .bss.xTimerQueue
                0x200029b4        0x4 ./freertos/freertos_kernel/timers.o
 .bss.xTimerTaskHandle
                0x200029b8        0x4 ./freertos/freertos_kernel/timers.o
 .bss.xLastTime.0
                0x200029bc        0x4 ./freertos/freertos_kernel/timers.o
 .bss.s_extPllFreq
                0x200029c0        0x4 ./drivers/fsl_clock.o
 .bss.g_xtal0Freq
                0x200029c4        0x4 ./drivers/fsl_clock.o
                0x200029c4                g_xtal0Freq
 .bss.g_xtal32Freq
                0x200029c8        0x4 ./drivers/fsl_clock.o
                0x200029c8                g_xtal32Freq
 .bss.s_lpuartHandle
                0x200029cc        0x4 ./drivers/fsl_lpuart.o
                0x200029cc                s_lpuartHandle
 .bss.s_lpuartIsr
                0x200029d0        0x4 ./drivers/fsl_lpuart.o
                0x200029d0                s_lpuartIsr
 .bss.s_uartHandle
                0x200029d4       0x14 ./drivers/fsl_uart.o
                0x200029d4                s_uartHandle
 .bss.s_uartIsr
                0x200029e8        0x4 ./drivers/fsl_uart.o
                0x200029e8                s_uartIsr
 .bss.errno     0x200029ec        0x4 /Applications/MCUXpressoIDE_11.9.0_2144/ide/plugins/com.nxp.mcuxpresso.tools.macosx_11.9.0.202307121226/tools/bin/../lib/gcc/arm-none-eabi/12.3.1/../../../../arm-none-eabi/lib/thumb/v7e-m+fp/hard/libcr_c.a(errno.o)
                0x200029ec                errno
 .bss.__end_of_heap
                0x200029f0        0x4 /Applications/MCUXpressoIDE_11.9.0_2144/ide/plugins/com.nxp.mcuxpresso.tools.macosx_11.9.0.202307121226/tools/bin/../lib/gcc/arm-none-eabi/12.3.1/../../../../arm-none-eabi/lib/thumb/v7e-m+fp/hard/libcr_c.a(__init_alloc.o)
                0x200029f0                __end_of_heap
 .bss.__heaps   0x200029f4        0x4 /Applications/MCUXpressoIDE_11.9.0_2144/ide/plugins/com.nxp.mcuxpresso.tools.macosx_11.9.0.202307121226/tools/bin/../lib/gcc/arm-none-eabi/12.3.1/../../../../arm-none-eabi/lib/thumb/v7e-m+fp/hard/libcr_c.a(__init_alloc.o)
                0x200029f4                __heaps
 .bss.__Ciob    0x200029f8       0xb4 /Applications/MCUXpressoIDE_11.9.0_2144/ide/plugins/com.nxp.mcuxpresso.tools.macosx_11.9.0.202307121226/tools/bin/../lib/gcc/arm-none-eabi/12.3.1/../../../../arm-none-eabi/lib/thumb/v7e-m+fp/hard/libcr_semihost_nf.a(__ciob.o)
                0x200029f8                __Ciob
 .bss.ucMaxSysCallPriority
                0x20002aac        0x1 ./freertos/freertos_kernel/portable/GCC/ARM_CM4F/port.o
 *(SORT_BY_ALIGNMENT(COMMON))
                0x20002ab0                        . = ALIGN (0x8)
 *fill*         0x20002aad        0x3 
                0x20002ab0                        _ebss = .
                [!provide]                        PROVIDE (__end_bss_RAM = .)
                [!provide]                        PROVIDE (__end_bss_SRAM_UPPER = .)
                [!provide]                        PROVIDE (end = .)

.noinit_RAM2    0x1fff0000        0x0
                [!provide]                        PROVIDE (__start_noinit_RAM2 = .)
                [!provide]                        PROVIDE (__start_noinit_SRAM_LOWER = .)
 *(SORT_BY_ALIGNMENT(.noinit.$RAM2))
 *(SORT_BY_ALIGNMENT(.noinit.$SRAM_LOWER))
 *(SORT_BY_ALIGNMENT(.noinit.$RAM2.*))
 *(SORT_BY_ALIGNMENT(.noinit.$SRAM_LOWER.*))
                0x1fff0000                        . = ALIGN (0x8)
                [!provide]                        PROVIDE (__end_noinit_RAM2 = .)
                [!provide]                        PROVIDE (__end_noinit_SRAM_LOWER = .)

.noinit_RAM3    0x14000000        0x0
                [!provide]                        PROVIDE (__start_noinit_RAM3 = .)
                [!provide]                        PROVIDE (__start_noinit_FLEX_RAM = .)
 *(SORT_BY_ALIGNMENT(.noinit.$RAM3))
 *(SORT_BY_ALIGNMENT(.noinit.$FLEX_RAM))
 *(SORT_BY_ALIGNMENT(.noinit.$RAM3.*))
 *(SORT_BY_ALIGNMENT(.noinit.$FLEX_RAM.*))
                0x14000000                        . = ALIGN (0x8)
                [!provide]                        PROVIDE (__end_noinit_RAM3 = .)
                [!provide]                        PROVIDE (__end_noinit_FLEX_RAM = .)

.noinit         0x20002ab0        0x0
                0x20002ab0                        _noinit = .
                [!provide]                        PROVIDE (__start_noinit_RAM = .)
                [!provide]                        PROVIDE (__start_noinit_SRAM_UPPER = .)
 *(SORT_BY_ALIGNMENT(.noinit*))
                0x20002ab0                        . = ALIGN (0x8)
                0x20002ab0                        _end_noinit = .
                [!provide]                        PROVIDE (__end_noinit_RAM = .)
                [!provide]                        PROVIDE (__end_noinit_SRAM_UPPER = .)
                0x00001000                        _HeapSize = 0x1000

.heap           0x20002ab0     0x1000
                0x20002ab0                        _pvHeapStart = .
                0x20003ab0                        . = (. + _HeapSize)
 *fill*         0x20002ab0     0x1000 
                0x20003ab0                        . = ALIGN (0x8)
                0x20003ab0                        _pvHeapLimit = .
                0x00001000                        _StackSize = 0x1000

.heap2stackfill
                0x20003ab0     0x1000
                0x20004ab0                        . = (. + _StackSize)
 *fill*         0x20003ab0     0x1000 

.stack          0x2002f000        0x0
                0x2002f000                        _vStackBase = .
                0x2002f000                        . = ALIGN (0x8)
                0x20030000                        _vStackTop = (. + _StackSize)
                0x00000000                        _image_start = LOADADDR (.text)
                0x00005ee0                        _image_end = (LOADADDR (.data) + SIZEOF (.data))
                0x00005ee0                        _image_size = (_image_end - _image_start)
OUTPUT(frdmk66f_lab_2_problem_5_freertos_hello.axf elf32-littlearm)
LOAD linker stubs

.debug_info     0x00000000    0x14a33
 .debug_info    0x00000000       0xcc ./utilities/fsl_assert.o
 .debug_info    0x000000cc      0xe90 ./startup/startup_mk66f18.o
 .debug_info    0x00000f5c     0x11ea ./source/freertos_hello.o
 .debug_info    0x00002146       0x3c ./source/semihost_hardfault.o
 .debug_info    0x00002182      0x4f3 ./freertos/freertos_kernel/portable/MemMang/heap_4.o
 .debug_info    0x00002675      0x4ef ./freertos/freertos_kernel/portable/GCC/ARM_CM4F/port.o
 .debug_info    0x00002b64      0xabf ./freertos/freertos_kernel/event_groups.o
 .debug_info    0x00003623      0x2be ./freertos/freertos_kernel/list.o
 .debug_info    0x000038e1     0x18e4 ./freertos/freertos_kernel/queue.o
 .debug_info    0x000051c5     0x2322 ./freertos/freertos_kernel/tasks.o
 .debug_info    0x000074e7     0x1082 ./freertos/freertos_kernel/timers.o
 .debug_info    0x00008569     0x296f ./drivers/fsl_clock.o
 .debug_info    0x0000aed8     0x1e86 ./drivers/fsl_lpuart.o
 .debug_info    0x0000cd5e     0x20dd ./drivers/fsl_uart.o
 .debug_info    0x0000ee3b      0xa4e ./device/system_MK66F18.o
 .debug_info    0x0000f889      0x1c9 ./board/board.o
 .debug_info    0x0000fa52      0xdfb ./board/clock_config.o
 .debug_info    0x0001084d      0x6ab ./board/pin_mux.o
 .debug_info    0x00010ef8       0x85 /Applications/MCUXpressoIDE_11.9.0_2144/ide/plugins/com.nxp.mcuxpresso.tools.macosx_11.9.0.202307121226/tools/bin/../lib/gcc/arm-none-eabi/12.3.1/../../../../arm-none-eabi/lib/thumb/v7e-m+fp/hard/libcr_semihost_nf.a(_cr__main.o)
 .debug_info    0x00010f7d      0x119 /Applications/MCUXpressoIDE_11.9.0_2144/ide/plugins/com.nxp.mcuxpresso.tools.macosx_11.9.0.202307121226/tools/bin/../lib/gcc/arm-none-eabi/12.3.1/../../../../arm-none-eabi/lib/thumb/v7e-m+fp/hard/libcr_c.a(memcpy.o)
 .debug_info    0x00011096       0xe3 /Applications/MCUXpressoIDE_11.9.0_2144/ide/plugins/com.nxp.mcuxpresso.tools.macosx_11.9.0.202307121226/tools/bin/../lib/gcc/arm-none-eabi/12.3.1/../../../../arm-none-eabi/lib/thumb/v7e-m+fp/hard/libcr_c.a(memset.o)
 .debug_info    0x00011179      0x506 /Applications/MCUXpressoIDE_11.9.0_2144/ide/plugins/com.nxp.mcuxpresso.tools.macosx_11.9.0.202307121226/tools/bin/../lib/gcc/arm-none-eabi/12.3.1/../../../../arm-none-eabi/lib/thumb/v7e-m+fp/hard/libcr_c.a(alloc.o)
 .debug_info    0x0001167f       0x44 /Applications/MCUXpressoIDE_11.9.0_2144/ide/plugins/com.nxp.mcuxpresso.tools.macosx_11.9.0.202307121226/tools/bin/../lib/gcc/arm-none-eabi/12.3.1/../../../../arm-none-eabi/lib/thumb/v7e-m+fp/hard/libcr_c.a(errno.o)
 .debug_info    0x000116c3      0x339 /Applications/MCUXpressoIDE_11.9.0_2144/ide/plugins/com.nxp.mcuxpresso.tools.macosx_11.9.0.202307121226/tools/bin/../lib/gcc/arm-none-eabi/12.3.1/../../../../arm-none-eabi/lib/thumb/v7e-m+fp/hard/libcr_c.a(initio.o)
 .debug_info    0x000119fc     0x1268 /Applications/MCUXpressoIDE_11.9.0_2144/ide/plugins/com.nxp.mcuxpresso.tools.macosx_11.9.0.202307121226/tools/bin/../lib/gcc/arm-none-eabi/12.3.1/../../../../arm-none-eabi/lib/thumb/v7e-m+fp/hard/libcr_c.a(printf.o)
 .debug_info    0x00012c64      0x1f6 /Applications/MCUXpressoIDE_11.9.0_2144/ide/plugins/com.nxp.mcuxpresso.tools.macosx_11.9.0.202307121226/tools/bin/../lib/gcc/arm-none-eabi/12.3.1/../../../../arm-none-eabi/lib/thumb/v7e-m+fp/hard/libcr_c.a(setvbuf.o)
 .debug_info    0x00012e5a       0xda /Applications/MCUXpressoIDE_11.9.0_2144/ide/plugins/com.nxp.mcuxpresso.tools.macosx_11.9.0.202307121226/tools/bin/../lib/gcc/arm-none-eabi/12.3.1/../../../../arm-none-eabi/lib/thumb/v7e-m+fp/hard/libcr_c.a(strlen.o)
 .debug_info    0x00012f34       0xd4 /Applications/MCUXpressoIDE_11.9.0_2144/ide/plugins/com.nxp.mcuxpresso.tools.macosx_11.9.0.202307121226/tools/bin/../lib/gcc/arm-none-eabi/12.3.1/../../../../arm-none-eabi/lib/thumb/v7e-m+fp/hard/libcr_c.a(__init_alloc.o)
 .debug_info    0x00013008      0x100 /Applications/MCUXpressoIDE_11.9.0_2144/ide/plugins/com.nxp.mcuxpresso.tools.macosx_11.9.0.202307121226/tools/bin/../lib/gcc/arm-none-eabi/12.3.1/../../../../arm-none-eabi/lib/thumb/v7e-m+fp/hard/libcr_c.a(_cr_sbrk.o)
 .debug_info    0x00013108      0x362 /Applications/MCUXpressoIDE_11.9.0_2144/ide/plugins/com.nxp.mcuxpresso.tools.macosx_11.9.0.202307121226/tools/bin/../lib/gcc/arm-none-eabi/12.3.1/../../../../arm-none-eabi/lib/thumb/v7e-m+fp/hard/libcr_c.a(_deferredlazyseek.o)
 .debug_info    0x0001346a      0x244 /Applications/MCUXpressoIDE_11.9.0_2144/ide/plugins/com.nxp.mcuxpresso.tools.macosx_11.9.0.202307121226/tools/bin/../lib/gcc/arm-none-eabi/12.3.1/../../../../arm-none-eabi/lib/thumb/v7e-m+fp/hard/libcr_c.a(_fdopen.o)
 .debug_info    0x000136ae      0x1e3 /Applications/MCUXpressoIDE_11.9.0_2144/ide/plugins/com.nxp.mcuxpresso.tools.macosx_11.9.0.202307121226/tools/bin/../lib/gcc/arm-none-eabi/12.3.1/../../../../arm-none-eabi/lib/thumb/v7e-m+fp/hard/libcr_c.a(_fflush.o)
 .debug_info    0x00013891      0x282 /Applications/MCUXpressoIDE_11.9.0_2144/ide/plugins/com.nxp.mcuxpresso.tools.macosx_11.9.0.202307121226/tools/bin/../lib/gcc/arm-none-eabi/12.3.1/../../../../arm-none-eabi/lib/thumb/v7e-m+fp/hard/libcr_c.a(_writebuf.o)
 .debug_info    0x00013b13      0x318 /Applications/MCUXpressoIDE_11.9.0_2144/ide/plugins/com.nxp.mcuxpresso.tools.macosx_11.9.0.202307121226/tools/bin/../lib/gcc/arm-none-eabi/12.3.1/../../../../arm-none-eabi/lib/thumb/v7e-m+fp/hard/libcr_c.a(fclose.o)
 .debug_info    0x00013e2b      0x202 /Applications/MCUXpressoIDE_11.9.0_2144/ide/plugins/com.nxp.mcuxpresso.tools.macosx_11.9.0.202307121226/tools/bin/../lib/gcc/arm-none-eabi/12.3.1/../../../../arm-none-eabi/lib/thumb/v7e-m+fp/hard/libcr_c.a(fflush.o)
 .debug_info    0x0001402d      0x276 /Applications/MCUXpressoIDE_11.9.0_2144/ide/plugins/com.nxp.mcuxpresso.tools.macosx_11.9.0.202307121226/tools/bin/../lib/gcc/arm-none-eabi/12.3.1/../../../../arm-none-eabi/lib/thumb/v7e-m+fp/hard/libcr_c.a(fseek.o)
 .debug_info    0x000142a3      0x190 /Applications/MCUXpressoIDE_11.9.0_2144/ide/plugins/com.nxp.mcuxpresso.tools.macosx_11.9.0.202307121226/tools/bin/../lib/gcc/arm-none-eabi/12.3.1/../../../../arm-none-eabi/lib/thumb/v7e-m+fp/hard/libcr_c.a(ftell.o)
 .debug_info    0x00014433      0x1ca /Applications/MCUXpressoIDE_11.9.0_2144/ide/plugins/com.nxp.mcuxpresso.tools.macosx_11.9.0.202307121226/tools/bin/../lib/gcc/arm-none-eabi/12.3.1/../../../../arm-none-eabi/lib/thumb/v7e-m+fp/hard/libcr_c.a(remove.o)
 .debug_info    0x000145fd       0x71 /Applications/MCUXpressoIDE_11.9.0_2144/ide/plugins/com.nxp.mcuxpresso.tools.macosx_11.9.0.202307121226/tools/bin/../lib/gcc/arm-none-eabi/12.3.1/../../../../arm-none-eabi/lib/thumb/v7e-m+fp/hard/libcr_c.a(_cr_check_heap.o)
 .debug_info    0x0001466e      0x23a /Applications/MCUXpressoIDE_11.9.0_2144/ide/plugins/com.nxp.mcuxpresso.tools.macosx_11.9.0.202307121226/tools/bin/../lib/gcc/arm-none-eabi/12.3.1/../../../../arm-none-eabi/lib/thumb/v7e-m+fp/hard/libcr_c.a(_do_fflush.o)
 .debug_info    0x000148a8      0x18b /Applications/MCUXpressoIDE_11.9.0_2144/ide/plugins/com.nxp.mcuxpresso.tools.macosx_11.9.0.202307121226/tools/bin/../lib/gcc/arm-none-eabi/12.3.1/../../../../arm-none-eabi/lib/thumb/v7e-m+fp/hard/libcr_semihost_nf.a(__ciob.o)

.debug_abbrev   0x00000000     0x425a
 .debug_abbrev  0x00000000       0x90 ./utilities/fsl_assert.o
 .debug_abbrev  0x00000090      0x17a ./startup/startup_mk66f18.o
 .debug_abbrev  0x0000020a      0x352 ./source/freertos_hello.o
 .debug_abbrev  0x0000055c       0x31 ./source/semihost_hardfault.o
 .debug_abbrev  0x0000058d      0x212 ./freertos/freertos_kernel/portable/MemMang/heap_4.o
 .debug_abbrev  0x0000079f      0x259 ./freertos/freertos_kernel/portable/GCC/ARM_CM4F/port.o
 .debug_abbrev  0x000009f8      0x2cd ./freertos/freertos_kernel/event_groups.o
 .debug_abbrev  0x00000cc5       0xf2 ./freertos/freertos_kernel/list.o
 .debug_abbrev  0x00000db7      0x319 ./freertos/freertos_kernel/queue.o
 .debug_abbrev  0x000010d0      0x3a6 ./freertos/freertos_kernel/tasks.o
 .debug_abbrev  0x00001476      0x2e3 ./freertos/freertos_kernel/timers.o
 .debug_abbrev  0x00001759      0x381 ./drivers/fsl_clock.o
 .debug_abbrev  0x00001ada      0x43f ./drivers/fsl_lpuart.o
 .debug_abbrev  0x00001f19      0x45d ./drivers/fsl_uart.o
 .debug_abbrev  0x00002376      0x148 ./device/system_MK66F18.o
 .debug_abbrev  0x000024be       0xe9 ./board/board.o
 .debug_abbrev  0x000025a7      0x247 ./board/clock_config.o
 .debug_abbrev  0x000027ee      0x189 ./board/pin_mux.o
 .debug_abbrev  0x00002977       0x70 /Applications/MCUXpressoIDE_11.9.0_2144/ide/plugins/com.nxp.mcuxpresso.tools.macosx_11.9.0.202307121226/tools/bin/../lib/gcc/arm-none-eabi/12.3.1/../../../../arm-none-eabi/lib/thumb/v7e-m+fp/hard/libcr_semihost_nf.a(_cr__main.o)
 .debug_abbrev  0x000029e7       0xb6 /Applications/MCUXpressoIDE_11.9.0_2144/ide/plugins/com.nxp.mcuxpresso.tools.macosx_11.9.0.202307121226/tools/bin/../lib/gcc/arm-none-eabi/12.3.1/../../../../arm-none-eabi/lib/thumb/v7e-m+fp/hard/libcr_c.a(memcpy.o)
 .debug_abbrev  0x00002a9d       0xa8 /Applications/MCUXpressoIDE_11.9.0_2144/ide/plugins/com.nxp.mcuxpresso.tools.macosx_11.9.0.202307121226/tools/bin/../lib/gcc/arm-none-eabi/12.3.1/../../../../arm-none-eabi/lib/thumb/v7e-m+fp/hard/libcr_c.a(memset.o)
 .debug_abbrev  0x00002b45      0x284 /Applications/MCUXpressoIDE_11.9.0_2144/ide/plugins/com.nxp.mcuxpresso.tools.macosx_11.9.0.202307121226/tools/bin/../lib/gcc/arm-none-eabi/12.3.1/../../../../arm-none-eabi/lib/thumb/v7e-m+fp/hard/libcr_c.a(alloc.o)
 .debug_abbrev  0x00002dc9       0x44 /Applications/MCUXpressoIDE_11.9.0_2144/ide/plugins/com.nxp.mcuxpresso.tools.macosx_11.9.0.202307121226/tools/bin/../lib/gcc/arm-none-eabi/12.3.1/../../../../arm-none-eabi/lib/thumb/v7e-m+fp/hard/libcr_c.a(errno.o)
 .debug_abbrev  0x00002e0d      0x169 /Applications/MCUXpressoIDE_11.9.0_2144/ide/plugins/com.nxp.mcuxpresso.tools.macosx_11.9.0.202307121226/tools/bin/../lib/gcc/arm-none-eabi/12.3.1/../../../../arm-none-eabi/lib/thumb/v7e-m+fp/hard/libcr_c.a(initio.o)
 .debug_abbrev  0x00002f76      0x3ba /Applications/MCUXpressoIDE_11.9.0_2144/ide/plugins/com.nxp.mcuxpresso.tools.macosx_11.9.0.202307121226/tools/bin/../lib/gcc/arm-none-eabi/12.3.1/../../../../arm-none-eabi/lib/thumb/v7e-m+fp/hard/libcr_c.a(printf.o)
 .debug_abbrev  0x00003330       0xe1 /Applications/MCUXpressoIDE_11.9.0_2144/ide/plugins/com.nxp.mcuxpresso.tools.macosx_11.9.0.202307121226/tools/bin/../lib/gcc/arm-none-eabi/12.3.1/../../../../arm-none-eabi/lib/thumb/v7e-m+fp/hard/libcr_c.a(setvbuf.o)
 .debug_abbrev  0x00003411       0xa7 /Applications/MCUXpressoIDE_11.9.0_2144/ide/plugins/com.nxp.mcuxpresso.tools.macosx_11.9.0.202307121226/tools/bin/../lib/gcc/arm-none-eabi/12.3.1/../../../../arm-none-eabi/lib/thumb/v7e-m+fp/hard/libcr_c.a(strlen.o)
 .debug_abbrev  0x000034b8       0xaf /Applications/MCUXpressoIDE_11.9.0_2144/ide/plugins/com.nxp.mcuxpresso.tools.macosx_11.9.0.202307121226/tools/bin/../lib/gcc/arm-none-eabi/12.3.1/../../../../arm-none-eabi/lib/thumb/v7e-m+fp/hard/libcr_c.a(__init_alloc.o)
 .debug_abbrev  0x00003567       0xd3 /Applications/MCUXpressoIDE_11.9.0_2144/ide/plugins/com.nxp.mcuxpresso.tools.macosx_11.9.0.202307121226/tools/bin/../lib/gcc/arm-none-eabi/12.3.1/../../../../arm-none-eabi/lib/thumb/v7e-m+fp/hard/libcr_c.a(_cr_sbrk.o)
 .debug_abbrev  0x0000363a      0x152 /Applications/MCUXpressoIDE_11.9.0_2144/ide/plugins/com.nxp.mcuxpresso.tools.macosx_11.9.0.202307121226/tools/bin/../lib/gcc/arm-none-eabi/12.3.1/../../../../arm-none-eabi/lib/thumb/v7e-m+fp/hard/libcr_c.a(_deferredlazyseek.o)
 .debug_abbrev  0x0000378c      0x119 /Applications/MCUXpressoIDE_11.9.0_2144/ide/plugins/com.nxp.mcuxpresso.tools.macosx_11.9.0.202307121226/tools/bin/../lib/gcc/arm-none-eabi/12.3.1/../../../../arm-none-eabi/lib/thumb/v7e-m+fp/hard/libcr_c.a(_fdopen.o)
 .debug_abbrev  0x000038a5       0xf1 /Applications/MCUXpressoIDE_11.9.0_2144/ide/plugins/com.nxp.mcuxpresso.tools.macosx_11.9.0.202307121226/tools/bin/../lib/gcc/arm-none-eabi/12.3.1/../../../../arm-none-eabi/lib/thumb/v7e-m+fp/hard/libcr_c.a(_fflush.o)
 .debug_abbrev  0x00003996      0x126 /Applications/MCUXpressoIDE_11.9.0_2144/ide/plugins/com.nxp.mcuxpresso.tools.macosx_11.9.0.202307121226/tools/bin/../lib/gcc/arm-none-eabi/12.3.1/../../../../arm-none-eabi/lib/thumb/v7e-m+fp/hard/libcr_c.a(_writebuf.o)
 .debug_abbrev  0x00003abc      0x155 /Applications/MCUXpressoIDE_11.9.0_2144/ide/plugins/com.nxp.mcuxpresso.tools.macosx_11.9.0.202307121226/tools/bin/../lib/gcc/arm-none-eabi/12.3.1/../../../../arm-none-eabi/lib/thumb/v7e-m+fp/hard/libcr_c.a(fclose.o)
 .debug_abbrev  0x00003c11      0x125 /Applications/MCUXpressoIDE_11.9.0_2144/ide/plugins/com.nxp.mcuxpresso.tools.macosx_11.9.0.202307121226/tools/bin/../lib/gcc/arm-none-eabi/12.3.1/../../../../arm-none-eabi/lib/thumb/v7e-m+fp/hard/libcr_c.a(fflush.o)
 .debug_abbrev  0x00003d36      0x11b /Applications/MCUXpressoIDE_11.9.0_2144/ide/plugins/com.nxp.mcuxpresso.tools.macosx_11.9.0.202307121226/tools/bin/../lib/gcc/arm-none-eabi/12.3.1/../../../../arm-none-eabi/lib/thumb/v7e-m+fp/hard/libcr_c.a(fseek.o)
 .debug_abbrev  0x00003e51       0xc2 /Applications/MCUXpressoIDE_11.9.0_2144/ide/plugins/com.nxp.mcuxpresso.tools.macosx_11.9.0.202307121226/tools/bin/../lib/gcc/arm-none-eabi/12.3.1/../../../../arm-none-eabi/lib/thumb/v7e-m+fp/hard/libcr_c.a(ftell.o)
 .debug_abbrev  0x00003f13       0xfb /Applications/MCUXpressoIDE_11.9.0_2144/ide/plugins/com.nxp.mcuxpresso.tools.macosx_11.9.0.202307121226/tools/bin/../lib/gcc/arm-none-eabi/12.3.1/../../../../arm-none-eabi/lib/thumb/v7e-m+fp/hard/libcr_c.a(remove.o)
 .debug_abbrev  0x0000400e       0x6b /Applications/MCUXpressoIDE_11.9.0_2144/ide/plugins/com.nxp.mcuxpresso.tools.macosx_11.9.0.202307121226/tools/bin/../lib/gcc/arm-none-eabi/12.3.1/../../../../arm-none-eabi/lib/thumb/v7e-m+fp/hard/libcr_c.a(_cr_check_heap.o)
 .debug_abbrev  0x00004079      0x12c /Applications/MCUXpressoIDE_11.9.0_2144/ide/plugins/com.nxp.mcuxpresso.tools.macosx_11.9.0.202307121226/tools/bin/../lib/gcc/arm-none-eabi/12.3.1/../../../../arm-none-eabi/lib/thumb/v7e-m+fp/hard/libcr_c.a(_do_fflush.o)
 .debug_abbrev  0x000041a5       0xb5 /Applications/MCUXpressoIDE_11.9.0_2144/ide/plugins/com.nxp.mcuxpresso.tools.macosx_11.9.0.202307121226/tools/bin/../lib/gcc/arm-none-eabi/12.3.1/../../../../arm-none-eabi/lib/thumb/v7e-m+fp/hard/libcr_semihost_nf.a(__ciob.o)

.debug_aranges  0x00000000     0x1378
 .debug_aranges
                0x00000000       0x20 ./utilities/fsl_assert.o
 .debug_aranges
                0x00000020      0x3a0 ./startup/startup_mk66f18.o
 .debug_aranges
                0x000003c0       0x58 ./source/freertos_hello.o
 .debug_aranges
                0x00000418       0x20 ./source/semihost_hardfault.o
 .debug_aranges
                0x00000438       0x58 ./freertos/freertos_kernel/portable/MemMang/heap_4.o
 .debug_aranges
                0x00000490       0x80 ./freertos/freertos_kernel/portable/GCC/ARM_CM4F/port.o
 .debug_aranges
                0x00000510       0x88 ./freertos/freertos_kernel/event_groups.o
 .debug_aranges
                0x00000598       0x40 ./freertos/freertos_kernel/list.o
 .debug_aranges
                0x000005d8      0x130 ./freertos/freertos_kernel/queue.o
 .debug_aranges
                0x00000708      0x208 ./freertos/freertos_kernel/tasks.o
 .debug_aranges
                0x00000910       0xe8 ./freertos/freertos_kernel/timers.o
 .debug_aranges
                0x000009f8      0x258 ./drivers/fsl_clock.o
 .debug_aranges
                0x00000c50      0x138 ./drivers/fsl_lpuart.o
 .debug_aranges
                0x00000d88      0x1a8 ./drivers/fsl_uart.o
 .debug_aranges
                0x00000f30       0x30 ./device/system_MK66F18.o
 .debug_aranges
                0x00000f60       0x28 ./board/board.o
 .debug_aranges
                0x00000f88       0x60 ./board/clock_config.o
 .debug_aranges
                0x00000fe8       0x38 ./board/pin_mux.o
 .debug_aranges
                0x00001020       0x20 /Applications/MCUXpressoIDE_11.9.0_2144/ide/plugins/com.nxp.mcuxpresso.tools.macosx_11.9.0.202307121226/tools/bin/../lib/gcc/arm-none-eabi/12.3.1/../../../../arm-none-eabi/lib/thumb/v7e-m+fp/hard/libcr_semihost_nf.a(_cr__main.o)
 .debug_aranges