/Users/cameron.beneteau/Documents/MCUXpressoIDE_11.9.0_2144/workspace/lab0-bare-metal-applications-group-10/frdmk66f_problem_4/drivers/fsl_clock.h:725:20:CLOCK_EnableClock	24	static
/Users/cameron.beneteau/Documents/MCUXpressoIDE_11.9.0_2144/workspace/lab0-bare-metal-applications-group-10/frdmk66f_problem_4/drivers/fsl_port.h:374:20:PORT_SetPinMux	24	static
../source/gpio_led_output.c:37:6:delay	16	static
../source/gpio_led_output.c:47:6:PinClockMuxEnable	8	static
../source/gpio_led_output.c:57:6:PinInit	24	static
../source/gpio_led_output.c:71:6:PortToggle	16	static
../source/gpio_led_output.c:80:5:main	16	static
