Archive member included to satisfy reference by file (symbol)

/Applications/MCUXpressoIDE_11.9.0_2144/ide/plugins/com.nxp.mcuxpresso.tools.macosx_11.9.0.202307121226/tools/bin/../lib/gcc/arm-none-eabi/12.3.1/../../../../arm-none-eabi/lib/thumb/v7e-m+fp/hard/libcr_semihost_nf.a(_cr__main.o)
                              ./startup/startup_mk66f18.o (__main)
/Applications/MCUXpressoIDE_11.9.0_2144/ide/plugins/com.nxp.mcuxpresso.tools.macosx_11.9.0.202307121226/tools/bin/../lib/gcc/arm-none-eabi/12.3.1/../../../../arm-none-eabi/lib/thumb/v7e-m+fp/hard/libcr_c.a(memcpy.o)
                              ./drivers/fsl_ftfx_cache.o (memcpy)
/Applications/MCUXpressoIDE_11.9.0_2144/ide/plugins/com.nxp.mcuxpresso.tools.macosx_11.9.0.202307121226/tools/bin/../lib/gcc/arm-none-eabi/12.3.1/../../../../arm-none-eabi/lib/thumb/v7e-m+fp/hard/libcr_c.a(memset.o)
                              ./drivers/fsl_ftfx_cache.o (memset)
/Applications/MCUXpressoIDE_11.9.0_2144/ide/plugins/com.nxp.mcuxpresso.tools.macosx_11.9.0.202307121226/tools/bin/../lib/gcc/arm-none-eabi/12.3.1/../../../../arm-none-eabi/lib/thumb/v7e-m+fp/hard/libcr_c.a(alloc.o)
                              ./drivers/fsl_common.o (malloc)
/Applications/MCUXpressoIDE_11.9.0_2144/ide/plugins/com.nxp.mcuxpresso.tools.macosx_11.9.0.202307121226/tools/bin/../lib/gcc/arm-none-eabi/12.3.1/../../../../arm-none-eabi/lib/thumb/v7e-m+fp/hard/libcr_c.a(initio.o)
                              /Applications/MCUXpressoIDE_11.9.0_2144/ide/plugins/com.nxp.mcuxpresso.tools.macosx_11.9.0.202307121226/tools/bin/../lib/gcc/arm-none-eabi/12.3.1/../../../../arm-none-eabi/lib/thumb/v7e-m+fp/hard/libcr_semihost_nf.a(_cr__main.o) (_initio)
/Applications/MCUXpressoIDE_11.9.0_2144/ide/plugins/com.nxp.mcuxpresso.tools.macosx_11.9.0.202307121226/tools/bin/../lib/gcc/arm-none-eabi/12.3.1/../../../../arm-none-eabi/lib/thumb/v7e-m+fp/hard/libcr_c.a(printf.o)
                              ./utilities/fsl_assert.o (_printf)
/Applications/MCUXpressoIDE_11.9.0_2144/ide/plugins/com.nxp.mcuxpresso.tools.macosx_11.9.0.202307121226/tools/bin/../lib/gcc/arm-none-eabi/12.3.1/../../../../arm-none-eabi/lib/thumb/v7e-m+fp/hard/libcr_c.a(setvbuf.o)
                              /Applications/MCUXpressoIDE_11.9.0_2144/ide/plugins/com.nxp.mcuxpresso.tools.macosx_11.9.0.202307121226/tools/bin/../lib/gcc/arm-none-eabi/12.3.1/../../../../arm-none-eabi/lib/thumb/v7e-m+fp/hard/libcr_c.a(initio.o) (setvbuf)
/Applications/MCUXpressoIDE_11.9.0_2144/ide/plugins/com.nxp.mcuxpresso.tools.macosx_11.9.0.202307121226/tools/bin/../lib/gcc/arm-none-eabi/12.3.1/../../../../arm-none-eabi/lib/thumb/v7e-m+fp/hard/libcr_c.a(strlen.o)
                              /Applications/MCUXpressoIDE_11.9.0_2144/ide/plugins/com.nxp.mcuxpresso.tools.macosx_11.9.0.202307121226/tools/bin/../lib/gcc/arm-none-eabi/12.3.1/../../../../arm-none-eabi/lib/thumb/v7e-m+fp/hard/libcr_c.a(printf.o) (strlen)
/Applications/MCUXpressoIDE_11.9.0_2144/ide/plugins/com.nxp.mcuxpresso.tools.macosx_11.9.0.202307121226/tools/bin/../lib/gcc/arm-none-eabi/12.3.1/../../../../arm-none-eabi/lib/thumb/v7e-m+fp/hard/libcr_c.a(__init_alloc.o)
                              /Applications/MCUXpressoIDE_11.9.0_2144/ide/plugins/com.nxp.mcuxpresso.tools.macosx_11.9.0.202307121226/tools/bin/../lib/gcc/arm-none-eabi/12.3.1/../../../../arm-none-eabi/lib/thumb/v7e-m+fp/hard/libcr_c.a(alloc.o) (__heaps)
/Applications/MCUXpressoIDE_11.9.0_2144/ide/plugins/com.nxp.mcuxpresso.tools.macosx_11.9.0.202307121226/tools/bin/../lib/gcc/arm-none-eabi/12.3.1/../../../../arm-none-eabi/lib/thumb/v7e-m+fp/hard/libcr_c.a(_cr_sbrk.o)
                              /Applications/MCUXpressoIDE_11.9.0_2144/ide/plugins/com.nxp.mcuxpresso.tools.macosx_11.9.0.202307121226/tools/bin/../lib/gcc/arm-none-eabi/12.3.1/../../../../arm-none-eabi/lib/thumb/v7e-m+fp/hard/libcr_c.a(alloc.o) (_sbrk)
/Applications/MCUXpressoIDE_11.9.0_2144/ide/plugins/com.nxp.mcuxpresso.tools.macosx_11.9.0.202307121226/tools/bin/../lib/gcc/arm-none-eabi/12.3.1/../../../../arm-none-eabi/lib/thumb/v7e-m+fp/hard/libcr_c.a(_deferredlazyseek.o)
                              /Applications/MCUXpressoIDE_11.9.0_2144/ide/plugins/com.nxp.mcuxpresso.tools.macosx_11.9.0.202307121226/tools/bin/../lib/gcc/arm-none-eabi/12.3.1/../../../../arm-none-eabi/lib/thumb/v7e-m+fp/hard/libcr_c.a(printf.o) (__flsbuf)
/Applications/MCUXpressoIDE_11.9.0_2144/ide/plugins/com.nxp.mcuxpresso.tools.macosx_11.9.0.202307121226/tools/bin/../lib/gcc/arm-none-eabi/12.3.1/../../../../arm-none-eabi/lib/thumb/v7e-m+fp/hard/libcr_c.a(_fdopen.o)
                              /Applications/MCUXpressoIDE_11.9.0_2144/ide/plugins/com.nxp.mcuxpresso.tools.macosx_11.9.0.202307121226/tools/bin/../lib/gcc/arm-none-eabi/12.3.1/../../../../arm-none-eabi/lib/thumb/v7e-m+fp/hard/libcr_c.a(initio.o) (_fdopen)
[...]
Memory Configuration

Name             Origin             Length             Attributes
PROGRAM_FLASH    0x00000000         0x00200000         xr
SRAM_UPPER       0x20000000         0x00030000         xrw
SRAM_LOWER       0x1fff0000         0x00010000         xrw
FLEX_RAM         0x14000000         0x00001000         xrw
*default*        0x00000000         0xffffffff

Linker script and memory map

LOAD ./utilities/fsl_assert.o
LOAD ./utilities/fsl_debug_console.o
LOAD ./startup/startup_mk66f18.o
LOAD ./source/hello_world.o
LOAD ./source/semihost_hardfault.o
LOAD ./drivers/fsl_clock.o
LOAD ./drivers/fsl_common.o
LOAD ./drivers/fsl_common_arm.o
LOAD ./drivers/fsl_ftfx_cache.o
LOAD ./drivers/fsl_ftfx_controller.o
LOAD ./drivers/fsl_ftfx_flash.o
LOAD ./drivers/fsl_ftfx_flexnvm.o
LOAD ./drivers/fsl_gpio.o
LOAD ./drivers/fsl_lpuart.o
LOAD ./drivers/fsl_smc.o
LOAD ./drivers/fsl_uart.o
LOAD ./device/system_MK66F18.o
LOAD ./component/uart/fsl_adapter_uart.o
LOAD ./component/lists/fsl_component_generic_list.o
LOAD ./board/board.o
LOAD ./board/clock_config.o
LOAD ./board/pin_mux.o
START GROUP
LOAD /Applications/MCUXpressoIDE_11.9.0_2144/ide/plugins/com.nxp.mcuxpresso.tools.macosx_11.9.0.202307121226/tools/bin/../lib/gcc/arm-none-eabi/12.3.1/../../../../arm-none-eabi/lib/thumb/v7e-m+fp/hard/libcr_semihost_nf.a
LOAD /Applications/MCUXpressoIDE_11.9.0_2144/ide/plugins/com.nxp.mcuxpresso.tools.macosx_11.9.0.202307121226/tools/bin/../lib/gcc/arm-none-eabi/12.3.1/../../../../arm-none-eabi/lib/thumb/v7e-m+fp/hard/libcr_c.a
LOAD /Applications/MCUXpressoIDE_11.9.0_2144/ide/plugins/com.nxp.mcuxpresso.tools.macosx_11.9.0.202307121226/tools/bin/../lib/gcc/arm-none-eabi/12.3.1/thumb/v7e-m+fp/hard/libcr_eabihelpers.a
LOAD /Applications/MCUXpressoIDE_11.9.0_2144/ide/plugins/com.nxp.mcuxpresso.tools.macosx_11.9.0.202307121226/tools/bin/../lib/gcc/arm-none-eabi/12.3.1/thumb/v7e-m+fp/hard/libgcc.a
END GROUP
                0x00000000                        __base_PROGRAM_FLASH = 0x0
                0x00000000                        __base_Flash = 0x0
                0x00200000                        __top_PROGRAM_FLASH = 0x200000
                0x00200000                        __top_Flash = 0x200000
                0x20000000                        __base_SRAM_UPPER = 0x20000000
                0x20000000                        __base_RAM = 0x20000000
                0x20030000                        __top_SRAM_UPPER = 0x20030000
                0x20030000                        __top_RAM = 0x20030000
                0x1fff0000                        __base_SRAM_LOWER = 0x1fff0000
                0x1fff0000                        __base_RAM2 = 0x1fff0000
                0x20000000                        __top_SRAM_LOWER = 0x20000000
                0x20000000                        __top_RAM2 = 0x20000000
                0x14000000                        __base_FLEX_RAM = 0x14000000
                0x14000000                        __base_RAM3 = 0x14000000
                0x14001000                        __top_FLEX_RAM = 0x14001000
                0x14001000                        __top_RAM3 = 0x14001000

.text           0x00000000     0x31d0
 FILL mask 0xff
                0x00000000                        __vectors_start__ = ABSOLUTE (.)
 *(SORT_BY_ALIGNMENT(.isr_vector))
 .isr_vector    0x00000000      0x1d0 ./startup/startup_mk66f18.o
                0x00000000                __Vectors
                0x00000000                g_pfnVectors
                0x000001d0                        . = ALIGN (0x4)
                0x000001d0                        __section_table_start = .
                0x000001d0                        __data_section_table = .
                0x000001d0        0x4 LONG 0x31d0 LOADADDR (.data)
                0x000001d4        0x4 LONG 0x20000000 ADDR (.data)
                0x000001d8        0x4 LONG 0x8 SIZEOF (.data)
                0x000001dc        0x4 LONG 0x31d0 LOADADDR (.data_RAM2)
                0x000001e0        0x4 LONG 0x1fff0000 ADDR (.data_RAM2)
                0x000001e4        0x4 LONG 0x0 SIZEOF (.data_RAM2)
                0x000001e8        0x4 LONG 0x31d0 LOADADDR (.data_RAM3)
                0x000001ec        0x4 LONG 0x14000000 ADDR (.data_RAM3)
                0x000001f0        0x4 LONG 0x0 SIZEOF (.data_RAM3)
                0x000001f4                        __data_section_table_end = .
                0x000001f4                        __bss_section_table = .
                0x000001f4        0x4 LONG 0x20000008 ADDR (.bss)
                0x000001f8        0x4 LONG 0xf0 SIZEOF (.bss)
                0x000001fc        0x4 LONG 0x1fff0000 ADDR (.bss_RAM2)
                0x00000200        0x4 LONG 0x0 SIZEOF (.bss_RAM2)
                0x00000204        0x4 LONG 0x14000000 ADDR (.bss_RAM3)
                0x00000208        0x4 LONG 0x0 SIZEOF (.bss_RAM3)
                0x0000020c                        __bss_section_table_end = .
                0x0000020c                        __section_table_end = .
 *(SORT_BY_ALIGNMENT(.after_vectors*))
 .after_vectors.reset
                0x0000020c       0x4c ./startup/startup_mk66f18.o
                0x0000020c                ResetISR
 .after_vectors.init_data
                0x00000258       0x1e ./startup/startup_mk66f18.o
                0x00000258                data_init
 .after_vectors.init_bss
                0x00000276       0x12 ./startup/startup_mk66f18.o
                0x00000276                bss_init
 .after_vectors
                0x00000288       0x14 ./startup/startup_mk66f18.o
                0x00000288                NMI_Handler
                0x0000028c                MemManage_Handler
                0x0000028e                BusFault_Handler
                0x00000290                UsageFault_Handler
                0x00000292                SVC_Handler
                0x00000294                DebugMon_Handler
                0x00000296                PendSV_Handler
                0x00000298                SysTick_Handler
                0x0000029a                PIT2_DriverIRQHandler
                0x0000029a                TPM2_DriverIRQHandler
                0x0000029a                SDHC_DriverIRQHandler
                0x0000029a                DMA7_DMA23_DriverIRQHandler
                0x0000029a                I2C3_DriverIRQHandler
                0x0000029a                I2S0_Tx_DriverIRQHandler
                0x0000029a                TSI0_DriverIRQHandler
                0x0000029a                RTC_Seconds_DriverIRQHandler
                0x0000029a                CMP3_DriverIRQHandler
                0x0000029a                LLWU_DriverIRQHandler
                0x0000029a                MCM_DriverIRQHandler
                0x0000029a                DMA14_DMA30_DriverIRQHandler
                0x0000029a                MCG_DriverIRQHandler
                0x0000029a                ENET_1588_Timer_DriverIRQHandler
                0x0000029a                I2C2_DriverIRQHandler
                0x0000029a                DAC1_DriverIRQHandler
                0x0000029a                CMP1_DriverIRQHandler
                0x0000029a                USBHSDCD_DriverIRQHandler
                0x0000029a                DMA0_DMA16_DriverIRQHandler
                0x0000029a                FTM0_DriverIRQHandler
                0x0000029a                IntDefaultHandler
                0x0000029a                USB0_DriverIRQHandler
                0x0000029a                PORTC_DriverIRQHandler
                0x0000029a                DMA2_DMA18_DriverIRQHandler
                0x0000029a                DAC0_DriverIRQHandler
                0x0000029a                CMP2_DriverIRQHandler
                0x0000029a                UART2_ERR_DriverIRQHandler
                0x0000029a                SPI2_DriverIRQHandler
                0x0000029a                LVD_LVW_DriverIRQHandler
                0x0000029a                Reserved84_DriverIRQHandler
                0x0000029a                PIT0_DriverIRQHandler
                0x0000029a                RNG_DriverIRQHandler
                0x0000029a                USBDCD_DriverIRQHandler
                0x0000029a                UART3_ERR_DriverIRQHandler
                0x0000029a                DMA12_DMA28_DriverIRQHandler
                0x0000029a                DMA10_DMA26_DriverIRQHandler
                0x0000029a                UART0_ERR_DriverIRQHandler
                0x0000029a                CMT_DriverIRQHandler
                0x0000029a                Reserved71_DriverIRQHandler
                0x0000029a                ADC1_DriverIRQHandler
                0x0000029a                PORTA_DriverIRQHandler
                0x0000029a                DMA1_DMA17_DriverIRQHandler
                0x0000029a                PIT3_DriverIRQHandler
                0x0000029a                PIT1_DriverIRQHandler
                0x0000029a                TPM1_DriverIRQHandler
                0x0000029a                WDOG_EWM_DriverIRQHandler
                0x0000029a                PDB0_DriverIRQHandler
                0x0000029a                DMA8_DMA24_DriverIRQHandler
                0x0000029a                DMA6_DMA22_DriverIRQHandler
                0x0000029a                RTC_DriverIRQHandler
                0x0000029a                I2S0_Rx_DriverIRQHandler
                0x0000029a                Read_Collision_DriverIRQHandler
                0x0000029a                SWI_DriverIRQHandler
                0x0000029a                UART4_ERR_DriverIRQHandler
                0x0000029a                DMA11_DMA27_DriverIRQHandler
                0x0000029a                DMA4_DMA20_DriverIRQHandler
                0x0000029a                DMA9_DMA25_DriverIRQHandler
                0x0000029a                I2C1_DriverIRQHandler
                0x0000029a                ENET_Receive_DriverIRQHandler
                0x0000029a                DMA3_DMA19_DriverIRQHandler
                0x0000029a                ENET_Error_DriverIRQHandler
                0x0000029a                Reserved85_DriverIRQHandler
                0x0000029a                SPI0_DriverIRQHandler
                0x0000029a                ADC0_DriverIRQHandler
                0x0000029a                USBHS_DriverIRQHandler
                0x0000029a                CMP0_DriverIRQHandler
                0x0000029a                CAN0_DriverIRQHandler
                0x0000029a                FTM3_DriverIRQHandler
                0x0000029a                DMA5_DMA21_DriverIRQHandler
                0x0000029a                DMA15_DMA31_DriverIRQHandler
                0x0000029a                UART1_ERR_DriverIRQHandler
                0x0000029a                ENET_Transmit_DriverIRQHandler
                0x0000029a                PORTD_DriverIRQHandler
                0x0000029a                Reserved46_DriverIRQHandler
                0x0000029a                PORTE_DriverIRQHandler
                0x0000029a                FTFE_DriverIRQHandler
                0x0000029a                I2C0_DriverIRQHandler
                0x0000029a                CAN1_DriverIRQHandler
                0x0000029a                DMA13_DMA29_DriverIRQHandler
                0x0000029a                PORTB_DriverIRQHandler
                0x0000029a                SPI1_DriverIRQHandler
                0x0000029a                LPTMR0_DriverIRQHandler
                0x0000029a                DMA_Error_DriverIRQHandler
                0x0000029a                FTM1_DriverIRQHandler
                0x0000029a                FTM2_DriverIRQHandler
                0x00000400                        . = 0x400
 *fill*         0x0000029c      0x164 ff
                0x00000400                        PROVIDE (__FLASH_CONFIG_START__ = .)
 *(SORT_BY_ALIGNMENT(.FlashConfig))
 .FlashConfig   0x00000400       0x10 ./startup/startup_mk66f18.o
                0x00000400                Flash_Config
                0x00000410                        PROVIDE (__FLASH_CONFIG_END__ = .)
                0x00000001                        ASSERT (! ((__FLASH_CONFIG_START__ == __FLASH_CONFIG_END__)), Linker Flash Config Support Enabled, but no .FlashConfig section provided within application)
 *(SORT_BY_ALIGNMENT(.text*))
 .text.__assertion_failed
                0x00000410       0x18 ./utilities/fsl_assert.o
                0x00000410                __assertion_failed
 .text.main     0x00000428       0xfc ./source/hello_world.o
                0x00000428                main
 .text.CLOCK_SetEr32kClock
                0x00000524       0x30 ./drivers/fsl_clock.o
 .text.CLOCK_SetPllFllSelClock
                0x00000554       0x54 ./drivers/fsl_clock.o
 .text.CLOCK_GetMcgExtClkFreq
                0x000005a8       0x7c ./drivers/fsl_clock.o
 .text.CLOCK_GetFllExtRefClkFreq
                0x00000624       0xb0 ./drivers/fsl_clock.o
 .text.CLOCK_GetInternalRefClkSelectFreq
                0x000006d4       0x4c ./drivers/fsl_clock.o
 .text.CLOCK_GetFllRefClkFreq
                0x00000720       0x34 ./drivers/fsl_clock.o
 .text.CLOCK_GetOsc0ErClkUndivFreq
                0x00000754       0x44 ./drivers/fsl_clock.o
                0x00000754                CLOCK_GetOsc0ErClkUndivFreq
 .text.CLOCK_GetOsc0ErClkDivFreq
                0x00000798       0x58 ./drivers/fsl_clock.o
                0x00000798                CLOCK_GetOsc0ErClkDivFreq
 .text.CLOCK_GetEr32kClkFreq
                0x000007f0       0x74 ./drivers/fsl_clock.o
                0x000007f0                CLOCK_GetEr32kClkFreq
 .text.CLOCK_GetPllFllSelClkFreq
                0x00000864       0x90 ./drivers/fsl_clock.o
                0x00000864                CLOCK_GetPllFllSelClkFreq
 .text.CLOCK_GetFreq
                0x000008f4      0x148 ./drivers/fsl_clock.o
                0x000008f4                CLOCK_GetFreq
 .text.CLOCK_SetSimConfig
                0x00000a3c       0x40 ./drivers/fsl_clock.o
                0x00000a3c                CLOCK_SetSimConfig
 .text.CLOCK_GetOutClkFreq
                0x00000a7c       0x90 ./drivers/fsl_clock.o
                0x00000a7c                CLOCK_GetOutClkFreq
 .text.CLOCK_GetFllFreq
                0x00000b0c       0x84 ./drivers/fsl_clock.o
                0x00000b0c                CLOCK_GetFllFreq
 .text.CLOCK_GetInternalRefClkFreq
                0x00000b90       0x30 ./drivers/fsl_clock.o
                0x00000b90                CLOCK_GetInternalRefClkFreq
 .text.CLOCK_GetPll0Freq
                0x00000bc0       0x7c ./drivers/fsl_clock.o
                0x00000bc0                CLOCK_GetPll0Freq
 .text.CLOCK_GetExtPllFreq
                0x00000c3c       0x18 ./drivers/fsl_clock.o
                0x00000c3c                CLOCK_GetExtPllFreq
 .text.CLOCK_SetExternalRefClkConfig
                0x00000c54       0x6c ./drivers/fsl_clock.o
                0x00000c54                CLOCK_SetExternalRefClkConfig
 .text.CLOCK_SetInternalRefClkConfig
                0x00000cc0      0x104 ./drivers/fsl_clock.o
                0x00000cc0                CLOCK_SetInternalRefClkConfig
 .text.LPUART0_DriverIRQHandler
                0x00000dc4       0x28 ./drivers/fsl_lpuart.o
                0x00000dc4                LPUART0_DriverIRQHandler
 .text.UART_GetInstance
                0x00000dec       0x54 ./drivers/fsl_uart.o
                0x00000dec                UART_GetInstance
 .text.UART_Init
                0x00000e40      0x2f4 ./drivers/fsl_uart.o
                0x00000e40                UART_Init
 .text.UART_GetDefaultConfig
                0x00001134       0x68 ./drivers/fsl_uart.o
                0x00001134                UART_GetDefaultConfig
 .text.UART_ReadBlocking
                0x0000119c       0xfc ./drivers/fsl_uart.o
                0x0000119c                UART_ReadBlocking
 .text.UART0_DriverIRQHandler
                0x00001298       0x28 ./drivers/fsl_uart.o
                0x00001298                UART0_DriverIRQHandler
 .text.UART1_DriverIRQHandler
                0x000012c0       0x28 ./drivers/fsl_uart.o
                0x000012c0                UART1_DriverIRQHandler
 .text.UART2_DriverIRQHandler
                0x000012e8       0x28 ./drivers/fsl_uart.o
                0x000012e8                UART2_DriverIRQHandler
 .text.UART3_DriverIRQHandler
                0x00001310       0x28 ./drivers/fsl_uart.o
                0x00001310                UART3_DriverIRQHandler
 .text.UART4_DriverIRQHandler
                0x00001338       0x28 ./drivers/fsl_uart.o
                0x00001338                UART4_DriverIRQHandler
 .text.SystemInit
                0x00001360       0x3c ./device/system_MK66F18.o
                0x00001360                SystemInit
 .text.CLOCK_SetSimSafeDivs
                0x0000139c       0x24 ./board/clock_config.o
 .text.CLOCK_CONFIG_SetFllExtRefDiv
                0x000013c0       0x3c ./board/clock_config.o
 .text.BOARD_BootClockRUN
                0x000013fc       0x2c ./board/clock_config.o
                0x000013fc                BOARD_BootClockRUN
 .text.BOARD_InitBootPins
                0x00001428       0x24 ./board/pin_mux.o
                0x00001428                BOARD_InitBootPins
 .text.BOARD_InitPins
                0x0000144c       0x6c ./board/pin_mux.o
                0x0000144c                BOARD_InitPins
 .text.malloc   0x000014b8       0xe8 /Applications/MCUXpressoIDE_11.9.0_2144/ide/plugins/com.nxp.mcuxpresso.tools.macosx_11.9.0.202307121226/tools/bin/../lib/gcc/arm-none-eabi/12.3.1/../../../../arm-none-eabi/lib/thumb/v7e-m+fp/hard/libcr_c.a(alloc.o)
                0x000014b8                malloc
 .text._Csys_alloc
                0x000015a0       0x20 /Applications/MCUXpressoIDE_11.9.0_2144/ide/plugins/com.nxp.mcuxpresso.tools.macosx_11.9.0.202307121226/tools/bin/../lib/gcc/arm-none-eabi/12.3.1/../../../../arm-none-eabi/lib/thumb/v7e-m+fp/hard/libcr_c.a(alloc.o)
                0x000015a0                _Csys_alloc
 .text._initio  0x000015c0       0x78 /Applications/MCUXpressoIDE_11.9.0_2144/ide/plugins/com.nxp.mcuxpresso.tools.macosx_11.9.0.202307121226/tools/bin/../lib/gcc/arm-none-eabi/12.3.1/../../../../arm-none-eabi/lib/thumb/v7e-m+fp/hard/libcr_c.a(initio.o)
                0x000015c0                _initio
 .text.__vfprintf
                0x00001638      0xb80 /Applications/MCUXpressoIDE_11.9.0_2144/ide/plugins/com.nxp.mcuxpresso.tools.macosx_11.9.0.202307121226/tools/bin/../lib/gcc/arm-none-eabi/12.3.1/../../../../arm-none-eabi/lib/thumb/v7e-m+fp/hard/libcr_c.a(printf.o)
                0x00001638                __vfprintf
 .text._vsnprintf
                0x000021b8       0x68 /Applications/MCUXpressoIDE_11.9.0_2144/ide/plugins/com.nxp.mcuxpresso.tools.macosx_11.9.0.202307121226/tools/bin/../lib/gcc/arm-none-eabi/12.3.1/../../../../arm-none-eabi/lib/thumb/v7e-m+fp/hard/libcr_c.a(printf.o)
                0x000021b8                _vsnprintf
 .text._printf  0x00002220       0x54 /Applications/MCUXpressoIDE_11.9.0_2144/ide/plugins/com.nxp.mcuxpresso.tools.macosx_11.9.0.202307121226/tools/bin/../lib/gcc/arm-none-eabi/12.3.1/../../../../arm-none-eabi/lib/thumb/v7e-m+fp/hard/libcr_c.a(printf.o)
                0x00002220                _printf
 .text._sbrk    0x00002274       0x3c /Applications/MCUXpressoIDE_11.9.0_2144/ide/plugins/com.nxp.mcuxpresso.tools.macosx_11.9.0.202307121226/tools/bin/../lib/gcc/arm-none-eabi/12.3.1/../../../../arm-none-eabi/lib/thumb/v7e-m+fp/hard/libcr_c.a(_cr_sbrk.o)
                0x00002274                _sbrk
 .text._Cwritebuf
                0x000022b0       0x6c /Applications/MCUXpressoIDE_11.9.0_2144/ide/plugins/com.nxp.mcuxpresso.tools.macosx_11.9.0.202307121226/tools/bin/../lib/gcc/arm-none-eabi/12.3.1/../../../../arm-none-eabi/lib/thumb/v7e-m+fp/hard/libcr_c.a(_writebuf.o)
                0x000022b0                _Cwritebuf
 .text.fflush   0x0000231c       0x3c /Applications/MCUXpressoIDE_11.9.0_2144/ide/plugins/com.nxp.mcuxpresso.tools.macosx_11.9.0.202307121226/tools/bin/../lib/gcc/arm-none-eabi/12.3.1/../../../../arm-none-eabi/lib/thumb/v7e-m+fp/hard/libcr_c.a(fflush.o)
                0x0000231c                fflush
 .text.fseek    0x00002358       0xf8 /Applications/MCUXpressoIDE_11.9.0_2144/ide/plugins/com.nxp.mcuxpresso.tools.macosx_11.9.0.202307121226/tools/bin/../lib/gcc/arm-none-eabi/12.3.1/../../../../arm-none-eabi/lib/thumb/v7e-m+fp/hard/libcr_c.a(fseek.o)
                0x00002358                fseek
 .text.ftell    0x00002450       0x44 /Applications/MCUXpressoIDE_11.9.0_2144/ide/plugins/com.nxp.mcuxpresso.tools.macosx_11.9.0.202307121226/tools/bin/../lib/gcc/arm-none-eabi/12.3.1/../../../../arm-none-eabi/lib/thumb/v7e-m+fp/hard/libcr_c.a(ftell.o)
                0x00002450                ftell
 .text.__check_heap_overflow
                0x00002494       0x18 /Applications/MCUXpressoIDE_11.9.0_2144/ide/plugins/com.nxp.mcuxpresso.tools.macosx_11.9.0.202307121226/tools/bin/../lib/gcc/arm-none-eabi/12.3.1/../../../../arm-none-eabi/lib/thumb/v7e-m+fp/hard/libcr_c.a(_cr_check_heap.o)
                0x00002494                __check_heap_overflow
 .text.__sys_appexit
                0x000024ac        0xc /Applications/MCUXpressoIDE_11.9.0_2144/ide/plugins/com.nxp.mcuxpresso.tools.macosx_11.9.0.202307121226/tools/bin/../lib/gcc/arm-none-eabi/12.3.1/../../../../arm-none-eabi/lib/thumb/v7e-m+fp/hard/libcr_semihost_nf.a(__sys_appexit.o)
                0x000024ac                __exit
                0x000024ac                __sys_appexit
 .text.DMA0_DMA16_IRQHandler
                0x000024b8        0x8 ./startup/startup_mk66f18.o
                0x000024b8                DMA0_DMA16_IRQHandler
 .text.DMA1_DMA17_IRQHandler
                0x000024c0        0x8 ./startup/startup_mk66f18.o
                0x000024c0                DMA1_DMA17_IRQHandler
 .text.DMA2_DMA18_IRQHandler
                0x000024c8        0x8 ./startup/startup_mk66f18.o
                0x000024c8                DMA2_DMA18_IRQHandler
 .text.DMA3_DMA19_IRQHandler
                0x000024d0        0x8 ./startup/startup_mk66f18.o
                0x000024d0                DMA3_DMA19_IRQHandler
 .text.DMA4_DMA20_IRQHandler
                0x000024d8        0x8 ./startup/startup_mk66f18.o
                0x000024d8                DMA4_DMA20_IRQHandler
 .text.DMA5_DMA21_IRQHandler
                0x000024e0        0x8 ./startup/startup_mk66f18.o
                0x000024e0                DMA5_DMA21_IRQHandler
 .text.DMA6_DMA22_IRQHandler
                0x000024e8        0x8 ./startup/startup_mk66f18.o
                0x000024e8                DMA6_DMA22_IRQHandler
 .text.DMA7_DMA23_IRQHandler
                0x000024f0        0x8 ./startup/startup_mk66f18.o
                0x000024f0                DMA7_DMA23_IRQHandler
 .text.DMA8_DMA24_IRQHandler
                0x000024f8        0x8 ./startup/startup_mk66f18.o
                0x000024f8                DMA8_DMA24_IRQHandler
 .text.DMA9_DMA25_IRQHandler
                0x00002500        0x8 ./startup/startup_mk66f18.o
                0x00002500                DMA9_DMA25_IRQHandler
 .text.DMA10_DMA26_IRQHandler
                0x00002508        0x8 ./startup/startup_mk66f18.o
                0x00002508                DMA10_DMA26_IRQHandler
 .text.DMA11_DMA27_IRQHandler
                0x00002510        0x8 ./startup/startup_mk66f18.o
                0x00002510                DMA11_DMA27_IRQHandler
 .text.DMA12_DMA28_IRQHandler
                0x00002518        0x8 ./startup/startup_mk66f18.o
                0x00002518                DMA12_DMA28_IRQHandler
 .text.DMA13_DMA29_IRQHandler
                0x00002520        0x8 ./startup/startup_mk66f18.o
                0x00002520                DMA13_DMA29_IRQHandler
 .text.DMA14_DMA30_IRQHandler
                0x00002528        0x8 ./startup/startup_mk66f18.o
                0x00002528                DMA14_DMA30_IRQHandler
 .text.DMA15_DMA31_IRQHandler
                0x00002530        0x8 ./startup/startup_mk66f18.o
                0x00002530                DMA15_DMA31_IRQHandler
 .text.DMA_Error_IRQHandler
                0x00002538        0x8 ./startup/startup_mk66f18.o
                0x00002538                DMA_Error_IRQHandler
 .text.MCM_IRQHandler
                0x00002540        0x8 ./startup/startup_mk66f18.o
                0x00002540                MCM_IRQHandler
 .text.FTFE_IRQHandler
                0x00002548        0x8 ./startup/startup_mk66f18.o
                0x00002548                FTFE_IRQHandler
 .text.Read_Collision_IRQHandler
                0x00002550        0x8 ./startup/startup_mk66f18.o
                0x00002550                Read_Collision_IRQHandler
 .text.LVD_LVW_IRQHandler
                0x00002558        0x8 ./startup/startup_mk66f18.o
                0x00002558                LVD_LVW_IRQHandler
 .text.LLWU_IRQHandler
                0x00002560        0x8 ./startup/startup_mk66f18.o
                0x00002560                LLWU_IRQHandler
 .text.WDOG_EWM_IRQHandler
                0x00002568        0x8 ./startup/startup_mk66f18.o
                0x00002568                WDOG_EWM_IRQHandler
 .text.RNG_IRQHandler
                0x00002570        0x8 ./startup/startup_mk66f18.o
                0x00002570                RNG_IRQHandler
 .text.I2C0_IRQHandler
                0x00002578        0x8 ./startup/startup_mk66f18.o
                0x00002578                I2C0_IRQHandler
 .text.I2C1_IRQHandler
                0x00002580        0x8 ./startup/startup_mk66f18.o
                0x00002580                I2C1_IRQHandler
 .text.SPI0_IRQHandler
                0x00002588        0x8 ./startup/startup_mk66f18.o
                0x00002588                SPI0_IRQHandler
 .text.SPI1_IRQHandler
                0x00002590        0x8 ./startup/startup_mk66f18.o
                0x00002590                SPI1_IRQHandler
 .text.I2S0_Tx_IRQHandler
                0x00002598        0x8 ./startup/startup_mk66f18.o
                0x00002598                I2S0_Tx_IRQHandler
 .text.I2S0_Rx_IRQHandler
                0x000025a0        0x8 ./startup/startup_mk66f18.o
                0x000025a0                I2S0_Rx_IRQHandler
 .text.Reserved46_IRQHandler
                0x000025a8        0x8 ./startup/startup_mk66f18.o
                0x000025a8                Reserved46_IRQHandler
 .text.UART0_RX_TX_IRQHandler
                0x000025b0        0x8 ./startup/startup_mk66f18.o
                0x000025b0                UART0_RX_TX_IRQHandler
 .text.UART0_ERR_IRQHandler
                0x000025b8        0x8 ./startup/startup_mk66f18.o
                0x000025b8                UART0_ERR_IRQHandler
 .text.UART1_RX_TX_IRQHandler
                0x000025c0        0x8 ./startup/startup_mk66f18.o
                0x000025c0                UART1_RX_TX_IRQHandler
 .text.UART1_ERR_IRQHandler
                0x000025c8        0x8 ./startup/startup_mk66f18.o
                0x000025c8                UART1_ERR_IRQHandler
 .text.UART2_RX_TX_IRQHandler
                0x000025d0        0x8 ./startup/startup_mk66f18.o
                0x000025d0                UART2_RX_TX_IRQHandler
 .text.UART2_ERR_IRQHandler
                0x000025d8        0x8 ./startup/startup_mk66f18.o
                0x000025d8                UART2_ERR_IRQHandler
 .text.UART3_RX_TX_IRQHandler
                0x000025e0        0x8 ./startup/startup_mk66f18.o
                0x000025e0                UART3_RX_TX_IRQHandler
 .text.UART3_ERR_IRQHandler
                0x000025e8        0x8 ./startup/startup_mk66f18.o
                0x000025e8                UART3_ERR_IRQHandler
 .text.ADC0_IRQHandler
                0x000025f0        0x8 ./startup/startup_mk66f18.o
                0x000025f0                ADC0_IRQHandler
 .text.CMP0_IRQHandler
                0x000025f8        0x8 ./startup/startup_mk66f18.o
                0x000025f8                CMP0_IRQHandler
 .text.CMP1_IRQHandler
                0x00002600        0x8 ./startup/startup_mk66f18.o
                0x00002600                CMP1_IRQHandler
 .text.FTM0_IRQHandler
                0x00002608        0x8 ./startup/startup_mk66f18.o
                0x00002608                FTM0_IRQHandler
 .text.FTM1_IRQHandler
                0x00002610        0x8 ./startup/startup_mk66f18.o
                0x00002610                FTM1_IRQHandler
 .text.FTM2_IRQHandler
                0x00002618        0x8 ./startup/startup_mk66f18.o
                0x00002618                FTM2_IRQHandler
 .text.CMT_IRQHandler
                0x00002620        0x8 ./startup/startup_mk66f18.o
                0x00002620                CMT_IRQHandler
 .text.RTC_IRQHandler
                0x00002628        0x8 ./startup/startup_mk66f18.o
                0x00002628                RTC_IRQHandler
 .text.RTC_Seconds_IRQHandler
                0x00002630        0x8 ./startup/startup_mk66f18.o
                0x00002630                RTC_Seconds_IRQHandler
 .text.PIT0_IRQHandler
                0x00002638        0x8 ./startup/startup_mk66f18.o
                0x00002638                PIT0_IRQHandler
 .text.PIT1_IRQHandler
                0x00002640        0x8 ./startup/startup_mk66f18.o
                0x00002640                PIT1_IRQHandler
 .text.PIT2_IRQHandler
                0x00002648        0x8 ./startup/startup_mk66f18.o
                0x00002648                PIT2_IRQHandler
 .text.PIT3_IRQHandler
                0x00002650        0x8 ./startup/startup_mk66f18.o
                0x00002650                PIT3_IRQHandler
 .text.PDB0_IRQHandler
                0x00002658        0x8 ./startup/startup_mk66f18.o
                0x00002658                PDB0_IRQHandler
 .text.USB0_IRQHandler
                0x00002660        0x8 ./startup/startup_mk66f18.o
                0x00002660                USB0_IRQHandler
 .text.USBDCD_IRQHandler
                0x00002668        0x8 ./startup/startup_mk66f18.o
                0x00002668                USBDCD_IRQHandler
 .text.Reserved71_IRQHandler
                0x00002670        0x8 ./startup/startup_mk66f18.o
                0x00002670                Reserved71_IRQHandler
 .text.DAC0_IRQHandler
                0x00002678        0x8 ./startup/startup_mk66f18.o
                0x00002678                DAC0_IRQHandler
 .text.MCG_IRQHandler
                0x00002680        0x8 ./startup/startup_mk66f18.o
                0x00002680                MCG_IRQHandler
 .text.LPTMR0_IRQHandler
                0x00002688        0x8 ./startup/startup_mk66f18.o
                0x00002688                LPTMR0_IRQHandler
 .text.PORTA_IRQHandler
                0x00002690        0x8 ./startup/startup_mk66f18.o
                0x00002690                PORTA_IRQHandler
 .text.PORTB_IRQHandler
                0x00002698        0x8 ./startup/startup_mk66f18.o
                0x00002698                PORTB_IRQHandler
 .text.PORTC_IRQHandler
                0x000026a0        0x8 ./startup/startup_mk66f18.o
                0x000026a0                PORTC_IRQHandler
 .text.PORTD_IRQHandler
                0x000026a8        0x8 ./startup/startup_mk66f18.o
                0x000026a8                PORTD_IRQHandler
 .text.PORTE_IRQHandler
                0x000026b0        0x8 ./startup/startup_mk66f18.o
                0x000026b0                PORTE_IRQHandler
 .text.SWI_IRQHandler
                0x000026b8        0x8 ./startup/startup_mk66f18.o
                0x000026b8                SWI_IRQHandler
 .text.SPI2_IRQHandler
                0x000026c0        0x8 ./startup/startup_mk66f18.o
                0x000026c0                SPI2_IRQHandler
 .text.UART4_RX_TX_IRQHandler
                0x000026c8        0x8 ./startup/startup_mk66f18.o
                0x000026c8                UART4_RX_TX_IRQHandler
 .text.UART4_ERR_IRQHandler
                0x000026d0        0x8 ./startup/startup_mk66f18.o
                0x000026d0                UART4_ERR_IRQHandler
 .text.Reserved84_IRQHandler
                0x000026d8        0x8 ./startup/startup_mk66f18.o
                0x000026d8                Reserved84_IRQHandler
 .text.Reserved85_IRQHandler
                0x000026e0        0x8 ./startup/startup_mk66f18.o
                0x000026e0                Reserved85_IRQHandler
 .text.CMP2_IRQHandler
                0x000026e8        0x8 ./startup/startup_mk66f18.o
                0x000026e8                CMP2_IRQHandler
 .text.FTM3_IRQHandler
                0x000026f0        0x8 ./startup/startup_mk66f18.o
                0x000026f0                FTM3_IRQHandler
 .text.DAC1_IRQHandler
                0x000026f8        0x8 ./startup/startup_mk66f18.o
                0x000026f8                DAC1_IRQHandler
 .text.ADC1_IRQHandler
                0x00002700        0x8 ./startup/startup_mk66f18.o
                0x00002700                ADC1_IRQHandler
 .text.I2C2_IRQHandler
                0x00002708        0x8 ./startup/startup_mk66f18.o
                0x00002708                I2C2_IRQHandler
 .text.CAN0_ORed_Message_buffer_IRQHandler
                0x00002710        0x8 ./startup/startup_mk66f18.o
                0x00002710                CAN0_ORed_Message_buffer_IRQHandler
 .text.CAN0_Bus_Off_IRQHandler
                0x00002718        0x8 ./startup/startup_mk66f18.o
                0x00002718                CAN0_Bus_Off_IRQHandler
 .text.CAN0_Error_IRQHandler
                0x00002720        0x8 ./startup/startup_mk66f18.o
                0x00002720                CAN0_Error_IRQHandler
 .text.CAN0_Tx_Warning_IRQHandler
                0x00002728        0x8 ./startup/startup_mk66f18.o
                0x00002728                CAN0_Tx_Warning_IRQHandler
 .text.CAN0_Rx_Warning_IRQHandler
                0x00002730        0x8 ./startup/startup_mk66f18.o
                0x00002730                CAN0_Rx_Warning_IRQHandler
 .text.CAN0_Wake_Up_IRQHandler
                0x00002738        0x8 ./startup/startup_mk66f18.o
                0x00002738                CAN0_Wake_Up_IRQHandler
 .text.SDHC_IRQHandler
                0x00002740        0x8 ./startup/startup_mk66f18.o
                0x00002740                SDHC_IRQHandler
 .text.ENET_1588_Timer_IRQHandler
                0x00002748        0x8 ./startup/startup_mk66f18.o
                0x00002748                ENET_1588_Timer_IRQHandler
 .text.ENET_Transmit_IRQHandler
                0x00002750        0x8 ./startup/startup_mk66f18.o
                0x00002750                ENET_Transmit_IRQHandler
 .text.ENET_Receive_IRQHandler
                0x00002758        0x8 ./startup/startup_mk66f18.o
                0x00002758                ENET_Receive_IRQHandler
 .text.ENET_Error_IRQHandler
                0x00002760        0x8 ./startup/startup_mk66f18.o
                0x00002760                ENET_Error_IRQHandler
 .text.LPUART0_IRQHandler
                0x00002768        0x8 ./startup/startup_mk66f18.o
                0x00002768                LPUART0_IRQHandler
 .text.TSI0_IRQHandler
                0x00002770        0x8 ./startup/startup_mk66f18.o
                0x00002770                TSI0_IRQHandler
 .text.TPM1_IRQHandler
                0x00002778        0x8 ./startup/startup_mk66f18.o
                0x00002778                TPM1_IRQHandler
 .text.TPM2_IRQHandler
                0x00002780        0x8 ./startup/startup_mk66f18.o
                0x00002780                TPM2_IRQHandler
 .text.USBHSDCD_IRQHandler
                0x00002788        0x8 ./startup/startup_mk66f18.o
                0x00002788                USBHSDCD_IRQHandler
 .text.I2C3_IRQHandler
                0x00002790        0x8 ./startup/startup_mk66f18.o
                0x00002790                I2C3_IRQHandler
 .text.CMP3_IRQHandler
                0x00002798        0x8 ./startup/startup_mk66f18.o
                0x00002798                CMP3_IRQHandler
 .text.USBHS_IRQHandler
                0x000027a0        0x8 ./startup/startup_mk66f18.o
                0x000027a0                USBHS_IRQHandler
 .text.CAN1_ORed_Message_buffer_IRQHandler
                0x000027a8        0x8 ./startup/startup_mk66f18.o
                0x000027a8                CAN1_ORed_Message_buffer_IRQHandler
 .text.CAN1_Bus_Off_IRQHandler
                0x000027b0        0x8 ./startup/startup_mk66f18.o
                0x000027b0                CAN1_Bus_Off_IRQHandler
 .text.CAN1_Error_IRQHandler
                0x000027b8        0x8 ./startup/startup_mk66f18.o
                0x000027b8                CAN1_Error_IRQHandler
 .text.CAN1_Tx_Warning_IRQHandler
                0x000027c0        0x8 ./startup/startup_mk66f18.o
                0x000027c0                CAN1_Tx_Warning_IRQHandler
 .text.CAN1_Rx_Warning_IRQHandler
                0x000027c8        0x8 ./startup/startup_mk66f18.o
                0x000027c8                CAN1_Rx_Warning_IRQHandler
 .text.CAN1_Wake_Up_IRQHandler
                0x000027d0        0x8 ./startup/startup_mk66f18.o
                0x000027d0                CAN1_Wake_Up_IRQHandler
 .text.HardFault_Handler
                0x000027d8       0x36 ./source/semihost_hardfault.o
                0x000027d8                HardFault_Handler
 .text.CLOCK_GetPll0RefFreq
                0x0000280e        0xe ./drivers/fsl_clock.o
 .text.CLOCK_GetFixedFreqClkFreq
                0x0000281c       0x34 ./drivers/fsl_clock.o
                0x0000281c                CLOCK_GetFixedFreqClkFreq
 .text.CLOCK_EnableClock
                0x00002850       0x34 ./drivers/fsl_uart.o
 .text.UART_GetStatusFlags
                0x00002884       0x48 ./drivers/fsl_uart.o
                0x00002884                UART_GetStatusFlags
 .text.UART_ClearStatusFlags
                0x000028cc       0x80 ./drivers/fsl_uart.o
                0x000028cc                UART_ClearStatusFlags
 .text.UART0_RX_TX_DriverIRQHandler
                0x0000294c       0x12 ./drivers/fsl_uart.o
                0x0000294c                UART0_RX_TX_DriverIRQHandler
 .text.UART1_RX_TX_DriverIRQHandler
                0x0000295e       0x12 ./drivers/fsl_uart.o
                0x0000295e                UART1_RX_TX_DriverIRQHandler
 .text.UART2_RX_TX_DriverIRQHandler
                0x00002970       0x12 ./drivers/fsl_uart.o
                0x00002970                UART2_RX_TX_DriverIRQHandler
 .text.UART3_RX_TX_DriverIRQHandler
                0x00002982       0x12 ./drivers/fsl_uart.o
                0x00002982                UART3_RX_TX_DriverIRQHandler
 .text.UART4_RX_TX_DriverIRQHandler
                0x00002994       0x12 ./drivers/fsl_uart.o
                0x00002994                UART4_RX_TX_DriverIRQHandler
 .text.SystemInitHook
                0x000029a6        0xe ./device/system_MK66F18.o
                0x000029a6                SystemInitHook
 .text.BOARD_InitBootClocks
                0x000029b4        0xc ./board/clock_config.o
                0x000029b4                BOARD_InitBootClocks
 .text.CLOCK_EnableClock
                0x000029c0       0x34 ./board/pin_mux.o
 .text.PORT_SetPinMux
                0x000029f4       0x3a ./board/pin_mux.o
 .text.__main   0x00002a2e        0xe /Applications/MCUXpressoIDE_11.9.0_2144/ide/plugins/com.nxp.mcuxpresso.tools.macosx_11.9.0.202307121226/tools/bin/../lib/gcc/arm-none-eabi/12.3.1/../../../../arm-none-eabi/lib/thumb/v7e-m+fp/hard/libcr_semihost_nf.a(_cr__main.o)
                0x00002a2e                __main
                0x00002a2e                __CR_SEMIHOST
 .text.memset   0x00002a3c        0x4 /Applications/MCUXpressoIDE_11.9.0_2144/ide/plugins/com.nxp.mcuxpresso.tools.macosx_11.9.0.202307121226/tools/bin/../lib/gcc/arm-none-eabi/12.3.1/../../../../arm-none-eabi/lib/thumb/v7e-m+fp/hard/libcr_c.a(memset.o)
                0x00002a3c                memset
 .text.free     0x00002a40       0x30 /Applications/MCUXpressoIDE_11.9.0_2144/ide/plugins/com.nxp.mcuxpresso.tools.macosx_11.9.0.202307121226/tools/bin/../lib/gcc/arm-none-eabi/12.3.1/../../../../arm-none-eabi/lib/thumb/v7e-m+fp/hard/libcr_c.a(alloc.o)
                0x00002a40                free
 .text.no_fp_display
                0x00002a70        0x4 /Applications/MCUXpressoIDE_11.9.0_2144/ide/plugins/com.nxp.mcuxpresso.tools.macosx_11.9.0.202307121226/tools/bin/../lib/gcc/arm-none-eabi/12.3.1/../../../../arm-none-eabi/lib/thumb/v7e-m+fp/hard/libcr_c.a(printf.o)
 .text.setvbuf  0x00002a74       0x3e /Applications/MCUXpressoIDE_11.9.0_2144/ide/plugins/com.nxp.mcuxpresso.tools.macosx_11.9.0.202307121226/tools/bin/../lib/gcc/arm-none-eabi/12.3.1/../../../../arm-none-eabi/lib/thumb/v7e-m+fp/hard/libcr_c.a(setvbuf.o)
                0x00002a74                setvbuf
 .text.strlen   0x00002ab2       0x4e /Applications/MCUXpressoIDE_11.9.0_2144/ide/plugins/com.nxp.mcuxpresso.tools.macosx_11.9.0.202307121226/tools/bin/../lib/gcc/arm-none-eabi/12.3.1/../../../../arm-none-eabi/lib/thumb/v7e-m+fp/hard/libcr_c.a(strlen.o)
                0x00002ab2                strlen
 .text._deferredlazyseek
                0x00002b00       0x40 /Applications/MCUXpressoIDE_11.9.0_2144/ide/plugins/com.nxp.mcuxpresso.tools.macosx_11.9.0.202307121226/tools/bin/../lib/gcc/arm-none-eabi/12.3.1/../../../../arm-none-eabi/lib/thumb/v7e-m+fp/hard/libcr_c.a(_deferredlazyseek.o)
                0x00002b00                _deferredlazyseek
 .text.__flsbuf
                0x00002b40      0x140 /Applications/MCUXpressoIDE_11.9.0_2144/ide/plugins/com.nxp.mcuxpresso.tools.macosx_11.9.0.202307121226/tools/bin/../lib/gcc/arm-none-eabi/12.3.1/../../../../arm-none-eabi/lib/thumb/v7e-m+fp/hard/libcr_c.a(_deferredlazyseek.o)
                0x00002b40                __flsbuf
 .text._fdopen  0x00002c80       0x68 /Applications/MCUXpressoIDE_11.9.0_2144/ide/plugins/com.nxp.mcuxpresso.tools.macosx_11.9.0.202307121226/tools/bin/../lib/gcc/arm-none-eabi/12.3.1/../../../../arm-none-eabi/lib/thumb/v7e-m+fp/hard/libcr_c.a(_fdopen.o)
                0x00002c80                _fdopen
 .text._fflush  0x00002ce8       0x52 /Applications/MCUXpressoIDE_11.9.0_2144/ide/plugins/com.nxp.mcuxpresso.tools.macosx_11.9.0.202307121226/tools/bin/../lib/gcc/arm-none-eabi/12.3.1/../../../../arm-none-eabi/lib/thumb/v7e-m+fp/hard/libcr_c.a(_fflush.o)
                0x00002ce8                _fflush
 .text.fclose   0x00002d3a       0x58 /Applications/MCUXpressoIDE_11.9.0_2144/ide/plugins/com.nxp.mcuxpresso.tools.macosx_11.9.0.202307121226/tools/bin/../lib/gcc/arm-none-eabi/12.3.1/../../../../arm-none-eabi/lib/thumb/v7e-m+fp/hard/libcr_c.a(fclose.o)
                0x00002d3a                fclose
 .text.remove   0x00002d92       0x14 /Applications/MCUXpressoIDE_11.9.0_2144/ide/plugins/com.nxp.mcuxpresso.tools.macosx_11.9.0.202307121226/tools/bin/../lib/gcc/arm-none-eabi/12.3.1/../../../../arm-none-eabi/lib/thumb/v7e-m+fp/hard/libcr_c.a(remove.o)
                0x00002d92                remove
 .text._do_fflush
                0x00002da6       0x40 /Applications/MCUXpressoIDE_11.9.0_2144/ide/plugins/com.nxp.mcuxpresso.tools.macosx_11.9.0.202307121226/tools/bin/../lib/gcc/arm-none-eabi/12.3.1/../../../../arm-none-eabi/lib/thumb/v7e-m+fp/hard/libcr_c.a(_do_fflush.o)
                0x00002da6                _do_fflush
 .text.__aeabi_memset_lowlevel
                0x00002de6       0x32 /Applications/MCUXpressoIDE_11.9.0_2144/ide/plugins/com.nxp.mcuxpresso.tools.macosx_11.9.0.202307121226/tools/bin/../lib/gcc/arm-none-eabi/12.3.1/thumb/v7e-m+fp/hard/libcr_eabihelpers.a(memcpy.o)
                0x00002de6                __aeabi_lowlevel_memset
 .text.__sys_close
                0x00002e18        0xc /Applications/MCUXpressoIDE_11.9.0_2144/ide/plugins/com.nxp.mcuxpresso.tools.macosx_11.9.0.202307121226/tools/bin/../lib/gcc/arm-none-eabi/12.3.1/../../../../arm-none-eabi/lib/thumb/v7e-m+fp/hard/libcr_semihost_nf.a(__sys_close.o)
                0x00002e18                __sys_close
 .text.__sys_flen
                0x00002e24        0xc /Applications/MCUXpressoIDE_11.9.0_2144/ide/plugins/com.nxp.mcuxpresso.tools.macosx_11.9.0.202307121226/tools/bin/../lib/gcc/arm-none-eabi/12.3.1/../../../../arm-none-eabi/lib/thumb/v7e-m+fp/hard/libcr_semihost_nf.a(__sys_flen.o)
                0x00002e24                __sys_flen
 .text.__sys_istty
                0x00002e30        0xc /Applications/MCUXpressoIDE_11.9.0_2144/ide/plugins/com.nxp.mcuxpresso.tools.macosx_11.9.0.202307121226/tools/bin/../lib/gcc/arm-none-eabi/12.3.1/../../../../arm-none-eabi/lib/thumb/v7e-m+fp/hard/libcr_semihost_nf.a(__sys_istty.o)
                0x00002e30                __sys_istty
 .text.__sys_remove
                0x00002e3c        0xc /Applications/MCUXpressoIDE_11.9.0_2144/ide/plugins/com.nxp.mcuxpresso.tools.macosx_11.9.0.202307121226/tools/bin/../lib/gcc/arm-none-eabi/12.3.1/../../../../arm-none-eabi/lib/thumb/v7e-m+fp/hard/libcr_semihost_nf.a(__sys_remove.o)
                0x00002e3c                __sys_remove
 .text.__sys_seek
                0x00002e48        0xc /Applications/MCUXpressoIDE_11.9.0_2144/ide/plugins/com.nxp.mcuxpresso.tools.macosx_11.9.0.202307121226/tools/bin/../lib/gcc/arm-none-eabi/12.3.1/../../../../arm-none-eabi/lib/thumb/v7e-m+fp/hard/libcr_semihost_nf.a(__sys_seek.o)
                0x00002e48                __sys_seek
 .text.__sys_tmpnam
                0x00002e54        0xc /Applications/MCUXpressoIDE_11.9.0_2144/ide/plugins/com.nxp.mcuxpresso.tools.macosx_11.9.0.202307121226/tools/bin/../lib/gcc/arm-none-eabi/12.3.1/../../../../arm-none-eabi/lib/thumb/v7e-m+fp/hard/libcr_semihost_nf.a(__sys_tmpnam.o)
                0x00002e54                __sys_tmpnam
 .text.__sys_write
                0x00002e60        0xc /Applications/MCUXpressoIDE_11.9.0_2144/ide/plugins/com.nxp.mcuxpresso.tools.macosx_11.9.0.202307121226/tools/bin/../lib/gcc/arm-none-eabi/12.3.1/../../../../arm-none-eabi/lib/thumb/v7e-m+fp/hard/libcr_semihost_nf.a(__sys_write.o)
                0x00002e60                __sys_write
 *(SORT_BY_ALIGNMENT(.rodata) SORT_BY_ALIGNMENT(.rodata.*) SORT_BY_ALIGNMENT(.constdata) SORT_BY_ALIGNMENT(.constdata.*))
 .rodata.__assertion_failed.str1.4
                0x00002e6c       0x14 ./utilities/fsl_assert.o
 .rodata.main.str1.4
                0x00002e80       0x81 ./source/hello_world.o
                                 0x89 (size before relaxing)
 *fill*         0x00002f01        0x3 ff
 .rodata.CLOCK_GetMcgExtClkFreq.str1.4
                0x00002f04       0x49 ./drivers/fsl_clock.o
 *fill*         0x00002f4d        0x3 ff
 .rodata.CLOCK_GetOsc0ErClkUndivFreq.str1.4
                0x00002f50       0x1e ./drivers/fsl_clock.o
 *fill*         0x00002f6e        0x2 ff
 .rodata.CLOCK_GetOsc0ErClkDivFreq.str1.4
                0x00002f70       0x1e ./drivers/fsl_clock.o
 *fill*         0x00002f8e        0x2 ff
 .rodata.CLOCK_GetEr32kClkFreq.str1.4
                0x00002f90       0x1f ./drivers/fsl_clock.o
 *fill*         0x00002faf        0x1 ff
 .rodata.CLOCK_GetPll0Freq.str1.4
                0x00002fb0       0x1d ./drivers/fsl_clock.o
 *fill*         0x00002fcd        0x3 ff
 .rodata.fllFactorTable.1
                0x00002fd0       0x10 ./drivers/fsl_clock.o
 .rodata.s_uartBases
                0x00002fe0       0x14 ./drivers/fsl_uart.o
 .rodata.s_uartClock
                0x00002ff4       0x14 ./drivers/fsl_uart.o
 .rodata.UART_GetInstance.str1.4
                0x00003008       0x2b ./drivers/fsl_uart.o
 *fill*         0x00003033        0x1 ff
 .rodata.UART_Init.str1.4
                0x00003034       0xfb ./drivers/fsl_uart.o
 *fill*         0x0000312f        0x1 ff
 .rodata.UART_GetDefaultConfig.str1.4
                0x00003130       0x20 ./drivers/fsl_uart.o
 .rodata.UART_ReadBlocking.str1.4
                0x00003150       0x1e ./drivers/fsl_uart.o
 *fill*         0x0000316e        0x2 ff
 .rodata.simConfig_BOARD_BootClockRUN
                0x00003170        0x8 ./board/clock_config.o
                0x00003170                simConfig_BOARD_BootClockRUN
 .rodata.__num_Ciob_streams
                0x00003178        0x4 /Applications/MCUXpressoIDE_11.9.0_2144/ide/plugins/com.nxp.mcuxpresso.tools.macosx_11.9.0.202307121226/tools/bin/../lib/gcc/arm-none-eabi/12.3.1/../../../../arm-none-eabi/lib/thumb/v7e-m+fp/hard/libcr_semihost_nf.a(__ciob.o)
                0x00003178                __num_Ciob_streams
 .rodata._Csys_alloc.str1.1
                0x0000317c       0x18 /Applications/MCUXpressoIDE_11.9.0_2144/ide/plugins/com.nxp.mcuxpresso.tools.macosx_11.9.0.202307121226/tools/bin/../lib/gcc/arm-none-eabi/12.3.1/../../../../arm-none-eabi/lib/thumb/v7e-m+fp/hard/libcr_c.a(alloc.o)
 .rodata._initio.str1.1
                0x00003194        0x4 /Applications/MCUXpressoIDE_11.9.0_2144/ide/plugins/com.nxp.mcuxpresso.tools.macosx_11.9.0.202307121226/tools/bin/../lib/gcc/arm-none-eabi/12.3.1/../../../../arm-none-eabi/lib/thumb/v7e-m+fp/hard/libcr_c.a(initio.o)
 .rodata.__vfprintf.str1.1
                0x00003198       0x37 /Applications/MCUXpressoIDE_11.9.0_2144/ide/plugins/com.nxp.mcuxpresso.tools.macosx_11.9.0.202307121226/tools/bin/../lib/gcc/arm-none-eabi/12.3.1/../../../../arm-none-eabi/lib/thumb/v7e-m+fp/hard/libcr_c.a(printf.o)
                                 0x38 (size before relaxing)
                0x000031d0                        . = ALIGN (0x8)
 *fill*         0x000031cf        0x1 ff

.glue_7         0x000031d0        0x0
 .glue_7        0x000031d0        0x0 linker stubs

.glue_7t        0x000031d0        0x0
 .glue_7t       0x000031d0        0x0 linker stubs

.vfp11_veneer   0x000031d0        0x0
 .vfp11_veneer  0x000031d0        0x0 linker stubs

.v4_bx          0x000031d0        0x0
 .v4_bx         0x000031d0        0x0 linker stubs

.iplt           0x000031d0        0x0
 .iplt          0x000031d0        0x0 ./utilities/fsl_assert.o

.rel.dyn        0x000031d0        0x0
 .rel.iplt      0x000031d0        0x0 ./utilities/fsl_assert.o

.ARM.extab
 *(SORT_BY_ALIGNMENT(.ARM.extab*) SORT_BY_ALIGNMENT(.gnu.linkonce.armextab.*))

.ARM.exidx      0x000031d0        0x0
                0x000031d0                        __exidx_start = .
 *(SORT_BY_ALIGNMENT(.ARM.exidx*) SORT_BY_ALIGNMENT(.gnu.linkonce.armexidx.*))
                0x000031d0                        __exidx_end = .
                0x000031d0                        _etext = .

.m_usb_data
 *(SORT_BY_ALIGNMENT(m_usb_bdt))

.data_RAM2      0x1fff0000        0x0 load address 0x000031d0
 FILL mask 0xff
                [!provide]                        PROVIDE (__start_data_RAM2 = .)
                [!provide]                        PROVIDE (__start_data_SRAM_LOWER = .)
 *(SORT_BY_ALIGNMENT(.ramfunc.$RAM2))
 *(SORT_BY_ALIGNMENT(.ramfunc.$SRAM_LOWER))
 *(SORT_BY_ALIGNMENT(NonCacheable.init))
 *(SORT_BY_ALIGNMENT(.data.$RAM2))
 *(SORT_BY_ALIGNMENT(.data.$SRAM_LOWER))
 *(SORT_BY_ALIGNMENT(.data.$RAM2.*))
 *(SORT_BY_ALIGNMENT(.data.$SRAM_LOWER.*))
                0x1fff0000                        . = ALIGN (0x8)
                [!provide]                        PROVIDE (__end_data_RAM2 = .)
                [!provide]                        PROVIDE (__end_data_SRAM_LOWER = .)

.data_RAM3      0x14000000        0x0 load address 0x000031d0
 FILL mask 0xff
                [!provide]                        PROVIDE (__start_data_RAM3 = .)
                [!provide]                        PROVIDE (__start_data_FLEX_RAM = .)
 *(SORT_BY_ALIGNMENT(.ramfunc.$RAM3))
 *(SORT_BY_ALIGNMENT(.ramfunc.$FLEX_RAM))
 *(SORT_BY_ALIGNMENT(.data.$RAM3))
 *(SORT_BY_ALIGNMENT(.data.$FLEX_RAM))
 *(SORT_BY_ALIGNMENT(.data.$RAM3.*))
 *(SORT_BY_ALIGNMENT(.data.$FLEX_RAM.*))
                0x14000000                        . = ALIGN (0x8)
                [!provide]                        PROVIDE (__end_data_RAM3 = .)
                [!provide]                        PROVIDE (__end_data_FLEX_RAM = .)

.uninit_RESERVED
                0x20000000        0x0
                0x20000000                        _start_uninit_RESERVED = .
 *(SORT_BY_ALIGNMENT(.bss.$RESERVED*))
                0x20000000                        . = ALIGN (0x8)
                0x20000000                        _end_uninit_RESERVED = .

.data           0x20000000        0x8 load address 0x000031d0
 FILL mask 0xff
                0x20000000                        _data = .
                [!provide]                        PROVIDE (__start_data_RAM = .)
                [!provide]                        PROVIDE (__start_data_SRAM_UPPER = .)
 *(SORT_BY_ALIGNMENT(vtable))
 *(SORT_BY_ALIGNMENT(.ramfunc*))
 *(SORT_BY_ALIGNMENT(CodeQuickAccess))
 *(SORT_BY_ALIGNMENT(DataQuickAccess))
 *(SORT_BY_ALIGNMENT(RamFunction))
 *(SORT_BY_ALIGNMENT(.data*))
 .data.s_slowIrcFreq
                0x20000000        0x4 ./drivers/fsl_clock.o
 .data.s_fastIrcFreq
                0x20000004        0x4 ./drivers/fsl_clock.o
                0x20000008                        . = ALIGN (0x8)
                0x20000008                        _edata = .
                [!provide]                        PROVIDE (__end_data_RAM = .)
                [!provide]                        PROVIDE (__end_data_SRAM_UPPER = .)

.igot.plt       0x20000008        0x0 load address 0x000031d8
 .igot.plt      0x20000008        0x0 ./utilities/fsl_assert.o

.bss_RAM2       0x1fff0000        0x0
                [!provide]                        PROVIDE (__start_bss_RAM2 = .)
                [!provide]                        PROVIDE (__start_bss_SRAM_LOWER = .)
 *(SORT_BY_ALIGNMENT(NonCacheable))
 *(SORT_BY_ALIGNMENT(.bss.$RAM2))
 *(SORT_BY_ALIGNMENT(.bss.$SRAM_LOWER))
 *(SORT_BY_ALIGNMENT(.bss.$RAM2.*))
 *(SORT_BY_ALIGNMENT(.bss.$SRAM_LOWER.*))
                0x1fff0000                        . = ALIGN ((. != 0x0)?0x8:0x1)
                [!provide]                        PROVIDE (__end_bss_RAM2 = .)
                [!provide]                        PROVIDE (__end_bss_SRAM_LOWER = .)

.bss_RAM3       0x14000000        0x0
                [!provide]                        PROVIDE (__start_bss_RAM3 = .)
                [!provide]                        PROVIDE (__start_bss_FLEX_RAM = .)
 *(SORT_BY_ALIGNMENT(.bss.$RAM3))
 *(SORT_BY_ALIGNMENT(.bss.$FLEX_RAM))
 *(SORT_BY_ALIGNMENT(.bss.$RAM3.*))
 *(SORT_BY_ALIGNMENT(.bss.$FLEX_RAM.*))
                0x14000000                        . = ALIGN ((. != 0x0)?0x8:0x1)
                [!provide]                        PROVIDE (__end_bss_RAM3 = .)
                [!provide]                        PROVIDE (__end_bss_FLEX_RAM = .)

.bss            0x20000008       0xf0
                0x20000008                        _bss = .
                [!provide]                        PROVIDE (__start_bss_RAM = .)
                [!provide]                        PROVIDE (__start_bss_SRAM_UPPER = .)
 *(SORT_BY_ALIGNMENT(.bss*))
 .bss.s_extPllFreq
                0x20000008        0x4 ./drivers/fsl_clock.o
 .bss.g_xtal0Freq
                0x2000000c        0x4 ./drivers/fsl_clock.o
                0x2000000c                g_xtal0Freq
 .bss.g_xtal32Freq
                0x20000010        0x4 ./drivers/fsl_clock.o
                0x20000010                g_xtal32Freq
 .bss.s_lpuartHandle
                0x20000014        0x4 ./drivers/fsl_lpuart.o
                0x20000014                s_lpuartHandle
 .bss.s_lpuartIsr
                0x20000018        0x4 ./drivers/fsl_lpuart.o
                0x20000018                s_lpuartIsr
 .bss.s_uartHandle
                0x2000001c       0x14 ./drivers/fsl_uart.o
                0x2000001c                s_uartHandle
 .bss.s_uartIsr
                0x20000030        0x4 ./drivers/fsl_uart.o
                0x20000030                s_uartIsr
 .bss.__end_of_heap
                0x20000034        0x4 /Applications/MCUXpressoIDE_11.9.0_2144/ide/plugins/com.nxp.mcuxpresso.tools.macosx_11.9.0.202307121226/tools/bin/../lib/gcc/arm-none-eabi/12.3.1/../../../../arm-none-eabi/lib/thumb/v7e-m+fp/hard/libcr_c.a(__init_alloc.o)
                0x20000034                __end_of_heap
 .bss.__heaps   0x20000038        0x4 /Applications/MCUXpressoIDE_11.9.0_2144/ide/plugins/com.nxp.mcuxpresso.tools.macosx_11.9.0.202307121226/tools/bin/../lib/gcc/arm-none-eabi/12.3.1/../../../../arm-none-eabi/lib/thumb/v7e-m+fp/hard/libcr_c.a(__init_alloc.o)
                0x20000038                __heaps
 .bss.errno     0x2000003c        0x4 /Applications/MCUXpressoIDE_11.9.0_2144/ide/plugins/com.nxp.mcuxpresso.tools.macosx_11.9.0.202307121226/tools/bin/../lib/gcc/arm-none-eabi/12.3.1/../../../../arm-none-eabi/lib/thumb/v7e-m+fp/hard/libcr_c.a(errno.o)
                0x2000003c                errno
 .bss.__Ciob    0x20000040       0xb4 /Applications/MCUXpressoIDE_11.9.0_2144/ide/plugins/com.nxp.mcuxpresso.tools.macosx_11.9.0.202307121226/tools/bin/../lib/gcc/arm-none-eabi/12.3.1/../../../../arm-none-eabi/lib/thumb/v7e-m+fp/hard/libcr_semihost_nf.a(__ciob.o)
                0x20000040                __Ciob
 *(SORT_BY_ALIGNMENT(COMMON))
                0x200000f8                        . = ALIGN (0x8)
 *fill*         0x200000f4        0x4 
                0x200000f8                        _ebss = .
                [!provide]                        PROVIDE (__end_bss_RAM = .)
                [!provide]                        PROVIDE (__end_bss_SRAM_UPPER = .)
                [!provide]                        PROVIDE (end = .)

.noinit_RAM2    0x1fff0000        0x0
                [!provide]                        PROVIDE (__start_noinit_RAM2 = .)
                [!provide]                        PROVIDE (__start_noinit_SRAM_LOWER = .)
 *(SORT_BY_ALIGNMENT(.noinit.$RAM2))
 *(SORT_BY_ALIGNMENT(.noinit.$SRAM_LOWER))
 *(SORT_BY_ALIGNMENT(.noinit.$RAM2.*))
 *(SORT_BY_ALIGNMENT(.noinit.$SRAM_LOWER.*))
                0x1fff0000                        . = ALIGN (0x8)
                [!provide]                        PROVIDE (__end_noinit_RAM2 = .)
                [!provide]                        PROVIDE (__end_noinit_SRAM_LOWER = .)

.noinit_RAM3    0x14000000        0x0
                [!provide]                        PROVIDE (__start_noinit_RAM3 = .)
                [!provide]                        PROVIDE (__start_noinit_FLEX_RAM = .)
 *(SORT_BY_ALIGNMENT(.noinit.$RAM3))
 *(SORT_BY_ALIGNMENT(.noinit.$FLEX_RAM))
 *(SORT_BY_ALIGNMENT(.noinit.$RAM3.*))
 *(SORT_BY_ALIGNMENT(.noinit.$FLEX_RAM.*))
                0x14000000                        . = ALIGN (0x8)
                [!provide]                        PROVIDE (__end_noinit_RAM3 = .)
                [!provide]                        PROVIDE (__end_noinit_FLEX_RAM = .)

.noinit         0x200000f8        0x0
                0x200000f8                        _noinit = .
                [!provide]                        PROVIDE (__start_noinit_RAM = .)
                [!provide]                        PROVIDE (__start_noinit_SRAM_UPPER = .)
 *(SORT_BY_ALIGNMENT(.noinit*))
                0x200000f8                        . = ALIGN (0x8)
                0x200000f8                        _end_noinit = .
                [!provide]                        PROVIDE (__end_noinit_RAM = .)
                [!provide]                        PROVIDE (__end_noinit_SRAM_UPPER = .)
                0x00001000                        _HeapSize = 0x1000

.heap           0x200000f8     0x1000
                0x200000f8                        _pvHeapStart = .
                0x200010f8                        . = (. + _HeapSize)
 *fill*         0x200000f8     0x1000 
                0x200010f8                        . = ALIGN (0x8)
                0x200010f8                        _pvHeapLimit = .
                0x00001000                        _StackSize = 0x1000

.heap2stackfill
                0x200010f8     0x1000
                0x200020f8                        . = (. + _StackSize)
 *fill*         0x200010f8     0x1000 

.stack          0x2002f000        0x0
                0x2002f000                        _vStackBase = .
                0x2002f000                        . = ALIGN (0x8)
                0x20030000                        _vStackTop = (. + _StackSize)
                0x00000000                        _image_start = LOADADDR (.text)
                0x000031d8                        _image_end = (LOADADDR (.data) + SIZEOF (.data))
                0x000031d8                        _image_size = (_image_end - _image_start)
OUTPUT(frdmk66f_lab_2_problem_7_hello_world.axf elf32-littlearm)
LOAD linker stubs

.debug_info     0x00000000     0xd86e
 .debug_info    0x00000000       0xcc ./utilities/fsl_assert.o
 .debug_info    0x000000cc      0xe90 ./startup/startup_mk66f18.o
 .debug_info    0x00000f5c      0x6c9 ./source/hello_world.o
 .debug_info    0x00001625       0x3c ./source/semihost_hardfault.o
 .debug_info    0x00001661     0x296f ./drivers/fsl_clock.o
 .debug_info    0x00003fd0     0x1e86 ./drivers/fsl_lpuart.o
 .debug_info    0x00005e56     0x20dd ./drivers/fsl_uart.o
 .debug_info    0x00007f33      0xa4e ./device/system_MK66F18.o
 .debug_info    0x00008981      0xdfb ./board/clock_config.o
 .debug_info    0x0000977c      0x6d0 ./board/pin_mux.o
 .debug_info    0x00009e4c       0x85 /Applications/MCUXpressoIDE_11.9.0_2144/ide/plugins/com.nxp.mcuxpresso.tools.macosx_11.9.0.202307121226/tools/bin/../lib/gcc/arm-none-eabi/12.3.1/../../../../arm-none-eabi/lib/thumb/v7e-m+fp/hard/libcr_semihost_nf.a(_cr__main.o)
 .debug_info    0x00009ed1       0xe3 /Applications/MCUXpressoIDE_11.9.0_2144/ide/plugins/com.nxp.mcuxpresso.tools.macosx_11.9.0.202307121226/tools/bin/../lib/gcc/arm-none-eabi/12.3.1/../../../../arm-none-eabi/lib/thumb/v7e-m+fp/hard/libcr_c.a(memset.o)
 .debug_info    0x00009fb4      0x506 /Applications/MCUXpressoIDE_11.9.0_2144/ide/plugins/com.nxp.mcuxpresso.tools.macosx_11.9.0.202307121226/tools/bin/../lib/gcc/arm-none-eabi/12.3.1/../../../../arm-none-eabi/lib/thumb/v7e-m+fp/hard/libcr_c.a(alloc.o)
 .debug_info    0x0000a4ba      0x339 /Applications/MCUXpressoIDE_11.9.0_2144/ide/plugins/com.nxp.mcuxpresso.tools.macosx_11.9.0.202307121226/tools/bin/../lib/gcc/arm-none-eabi/12.3.1/../../../../arm-none-eabi/lib/thumb/v7e-m+fp/hard/libcr_c.a(initio.o)
 .debug_info    0x0000a7f3     0x1268 /Applications/MCUXpressoIDE_11.9.0_2144/ide/plugins/com.nxp.mcuxpresso.tools.macosx_11.9.0.202307121226/tools/bin/../lib/gcc/arm-none-eabi/12.3.1/../../../../arm-none-eabi/lib/thumb/v7e-m+fp/hard/libcr_c.a(printf.o)
 .debug_info    0x0000ba5b      0x1f6 /Applications/MCUXpressoIDE_11.9.0_2144/ide/plugins/com.nxp.mcuxpresso.tools.macosx_11.9.0.202307121226/tools/bin/../lib/gcc/arm-none-eabi/12.3.1/../../../../arm-none-eabi/lib/thumb/v7e-m+fp/hard/libcr_c.a(setvbuf.o)
 .debug_info    0x0000bc51       0xda /Applications/MCUXpressoIDE_11.9.0_2144/ide/plugins/com.nxp.mcuxpresso.tools.macosx_11.9.0.202307121226/tools/bin/../lib/gcc/arm-none-eabi/12.3.1/../../../../arm-none-eabi/lib/thumb/v7e-m+fp/hard/libcr_c.a(strlen.o)
 .debug_info    0x0000bd2b       0xd4 /Applications/MCUXpressoIDE_11.9.0_2144/ide/plugins/com.nxp.mcuxpresso.tools.macosx_11.9.0.202307121226/tools/bin/../lib/gcc/arm-none-eabi/12.3.1/../../../../arm-none-eabi/lib/thumb/v7e-m+fp/hard/libcr_c.a(__init_alloc.o)
 .debug_info    0x0000bdff      0x100 /Applications/MCUXpressoIDE_11.9.0_2144/ide/plugins/com.nxp.mcuxpresso.tools.macosx_11.9.0.202307121226/tools/bin/../lib/gcc/arm-none-eabi/12.3.1/../../../../arm-none-eabi/lib/thumb/v7e-m+fp/hard/libcr_c.a(_cr_sbrk.o)
 .debug_info    0x0000beff      0x362 /Applications/MCUXpressoIDE_11.9.0_2144/ide/plugins/com.nxp.mcuxpresso.tools.macosx_11.9.0.202307121226/tools/bin/../lib/gcc/arm-none-eabi/12.3.1/../../../../arm-none-eabi/lib/thumb/v7e-m+fp/hard/libcr_c.a(_deferredlazyseek.o)
 .debug_info    0x0000c261      0x244 /Applications/MCUXpressoIDE_11.9.0_2144/ide/plugins/com.nxp.mcuxpresso.tools.macosx_11.9.0.202307121226/tools/bin/../lib/gcc/arm-none-eabi/12.3.1/../../../../arm-none-eabi/lib/thumb/v7e-m+fp/hard/libcr_c.a(_fdopen.o)
 .debug_info    0x0000c4a5      0x1e3 /Applications/MCUXpressoIDE_11.9.0_2144/ide/plugins/com.nxp.mcuxpresso.tools.macosx_11.9.0.202307121226/tools/bin/../lib/gcc/arm-none-eabi/12.3.1/../../../../arm-none-eabi/lib/thumb/v7e-m+fp/hard/libcr_c.a(_fflush.o)
 .debug_info    0x0000c688      0x282 /Applications/MCUXpressoIDE_11.9.0_2144/ide/plugins/com.nxp.mcuxpresso.tools.macosx_11.9.0.202307121226/tools/bin/../lib/gcc/arm-none-eabi/12.3.1/../../../../arm-none-eabi/lib/thumb/v7e-m+fp/hard/libcr_c.a(_writebuf.o)
 .debug_info    0x0000c90a       0x44 /Applications/MCUXpressoIDE_11.9.0_2144/ide/plugins/com.nxp.mcuxpresso.tools.macosx_11.9.0.202307121226/tools/bin/../lib/gcc/arm-none-eabi/12.3.1/../../../../arm-none-eabi/lib/thumb/v7e-m+fp/hard/libcr_c.a(errno.o)
 .debug_info    0x0000c94e      0x318 /Applications/MCUXpressoIDE_11.9.0_2144/ide/plugins/com.nxp.mcuxpresso.tools.macosx_11.9.0.202307121226/tools/bin/../lib/gcc/arm-none-eabi/12.3.1/../../../../arm-none-eabi/lib/thumb/v7e-m+fp/hard/libcr_c.a(fclose.o)
 .debug_info    0x0000cc66      0x202 /Applications/MCUXpressoIDE_11.9.0_2144/ide/plugins/com.nxp.mcuxpresso.tools.macosx_11.9.0.202307121226/tools/bin/../lib/gcc/arm-none-eabi/12.3.1/../../../../arm-none-eabi/lib/thumb/v7e-m+fp/hard/libcr_c.a(fflush.o)
 .debug_info    0x0000ce68      0x276 /Applications/MCUXpressoIDE_11.9.0_2144/ide/plugins/com.nxp.mcuxpresso.tools.macosx_11.9.0.202307121226/tools/bin/../lib/gcc/arm-none-eabi/12.3.1/../../../../arm-none-eabi/lib/thumb/v7e-m+fp/hard/libcr_c.a(fseek.o)
 .debug_info    0x0000d0de      0x190 /Applications/MCUXpressoIDE_11.9.0_2144/ide/plugins/com.nxp.mcuxpresso.tools.macosx_11.9.0.202307121226/tools/bin/../lib/gcc/arm-none-eabi/12.3.1/../../../../arm-none-eabi/lib/thumb/v7e-m+fp/hard/libcr_c.a(ftell.o)
 .debug_info    0x0000d26e      0x1ca /Applications/MCUXpressoIDE_11.9.0_2144/ide/plugins/com.nxp.mcuxpresso.tools.macosx_11.9.0.202307121226/tools/bin/../lib/gcc/arm-none-eabi/12.3.1/../../../../arm-none-eabi/lib/thumb/v7e-m+fp/hard/libcr_c.a(remove.o)
 .debug_info    0x0000d438       0x71 /Applications/MCUXpressoIDE_11.9.0_2144/ide/plugins/com.nxp.mcuxpresso.tools.macosx_11.9.0.202307121226/tools/bin/../lib/gcc/arm-none-eabi/12.3.1/../../../../arm-none-eabi/lib/thumb/v7e-m+fp/hard/libcr_c.a(_cr_check_heap.o)
 .debug_info    0x0000d4a9      0x23a /Applications/MCUXpressoIDE_11.9.0_2144/ide/plugins/com.nxp.mcuxpresso.tools.macosx_11.9.0.202307121226/tools/bin/../lib/gcc/arm-none-eabi/12.3.1/../../../../arm-none-eabi/lib/thumb/v7e-m+fp/hard/libcr_c.a(_do_fflush.o)
 .debug_info    0x0000d6e3      0x18b /Applications/MCUXpressoIDE_11.9.0_2144/ide/plugins/com.nxp.mcuxpresso.tools.macosx_11.9.0.202307121226/tools/bin/../lib/gcc/arm-none-eabi/12.3.1/../../../../arm-none-eabi/lib/thumb/v7e-m+fp/hard/libcr_semihost_nf.a(__ciob.o)

.debug_abbrev   0x00000000     0x2d7e
 .debug_abbrev  0x00000000       0x90 ./utilities/fsl_assert.o
 .debug_abbrev  0x00000090      0x17a ./startup/startup_mk66f18.o
 .debug_abbrev  0x0000020a      0x1e1 ./source/hello_world.o
 .debug_abbrev  0x000003eb       0x31 ./source/semihost_hardfault.o
 .debug_abbrev  0x0000041c      0x381 ./drivers/fsl_clock.o
 .debug_abbrev  0x0000079d      0x43f ./drivers/fsl_lpuart.o
 .debug_abbrev  0x00000bdc      0x45d ./drivers/fsl_uart.o
 .debug_abbrev  0x00001039      0x148 ./device/system_MK66F18.o
 .debug_abbrev  0x00001181      0x247 ./board/clock_config.o
 .debug_abbrev  0x000013c8      0x189 ./board/pin_mux.o
 .debug_abbrev  0x00001551       0x70 /Applications/MCUXpressoIDE_11.9.0_2144/ide/plugins/com.nxp.mcuxpresso.tools.macosx_11.9.0.202307121226/tools/bin/../lib/gcc/arm-none-eabi/12.3.1/../../../../arm-none-eabi/lib/thumb/v7e-m+fp/hard/libcr_semihost_nf.a(_cr__main.o)
 .debug_abbrev  0x000015c1       0xa8 /Applications/MCUXpressoIDE_11.9.0_2144/ide/plugins/com.nxp.mcuxpresso.tools.macosx_11.9.0.202307121226/tools/bin/../lib/gcc/arm-none-eabi/12.3.1/../../../../arm-none-eabi/lib/thumb/v7e-m+fp/hard/libcr_c.a(memset.o)
 .debug_abbrev  0x00001669      0x284 /Applications/MCUXpressoIDE_11.9.0_2144/ide/plugins/com.nxp.mcuxpresso.tools.macosx_11.9.0.202307121226/tools/bin/../lib/gcc/arm-none-eabi/12.3.1/../../../../arm-none-eabi/lib/thumb/v7e-m+fp/hard/libcr_c.a(alloc.o)
 .debug_abbrev  0x000018ed      0x169 /Applications/MCUXpressoIDE_11.9.0_2144/ide/plugins/com.nxp.mcuxpresso.tools.macosx_11.9.0.202307121226/tools/bin/../lib/gcc/arm-none-eabi/12.3.1/../../../../arm-none-eabi/lib/thumb/v7e-m+fp/hard/libcr_c.a(initio.o)
 .debug_abbrev  0x00001a56      0x3ba /Applications/MCUXpressoIDE_11.9.0_2144/ide/plugins/com.nxp.mcuxpresso.tools.macosx_11.9.0.202307121226/tools/bin/../lib/gcc/arm-none-eabi/12.3.1/../../../../arm-none-eabi/lib/thumb/v7e-m+fp/hard/libcr_c.a(printf.o)
 .debug_abbrev  0x00001e10       0xe1 /Applications/MCUXpressoIDE_11.9.0_2144/ide/plugins/com.nxp.mcuxpresso.tools.macosx_11.9.0.202307121226/tools/bin/../lib/gcc/arm-none-eabi/12.3.1/../../../../arm-none-eabi/lib/thumb/v7e-m+fp/hard/libcr_c.a(setvbuf.o)
 .debug_abbrev  0x00001ef1       0xa7 /Applications/MCUXpressoIDE_11.9.0_2144/ide/plugins/com.nxp.mcuxpresso.tools.macosx_11.9.0.202307121226/tools/bin/../lib/gcc/arm-none-eabi/12.3.1/../../../../arm-none-eabi/lib/thumb/v7e-m+fp/hard/libcr_c.a(strlen.o)
 .debug_abbrev  0x00001f98       0xaf /Applications/MCUXpressoIDE_11.9.0_2144/ide/plugins/com.nxp.mcuxpresso.tools.macosx_11.9.0.202307121226/tools/bin/../lib/gcc/arm-none-eabi/12.3.1/../../../../arm-none-eabi/lib/thumb/v7e-m+fp/hard/libcr_c.a(__init_alloc.o)
 .debug_abbrev  0x00002047       0xd3 /Applications/MCUXpressoIDE_11.9.0_2144/ide/plugins/com.nxp.mcuxpresso.tools.macosx_11.9.0.202307121226/tools/bin/../lib/gcc/arm-none-eabi/12.3.1/../../../../arm-none-eabi/lib/thumb/v7e-m+fp/hard/libcr_c.a(_cr_sbrk.o)
 .debug_abbrev  0x0000211a      0x152 /Applications/MCUXpressoIDE_11.9.0_2144/ide/plugins/com.nxp.mcuxpresso.tools.macosx_11.9.0.202307121226/tools/bin/../lib/gcc/arm-none-eabi/12.3.1/../../../../arm-none-eabi/lib/thumb/v7e-m+fp/hard/libcr_c.a(_deferredlazyseek.o)
 .debug_abbrev  0x0000226c      0x119 /Applications/MCUXpressoIDE_11.9.0_2144/ide/plugins/com.nxp.mcuxpresso.tools.macosx_11.9.0.202307121226/tools/bin/../lib/gcc/arm-none-eabi/12.3.1/../../../../arm-none-eabi/lib/thumb/v7e-m+fp/hard/libcr_c.a(_fdopen.o)
 .debug_abbrev  0x00002385       0xf1 /Applications/MCUXpressoIDE_11.9.0_2144/ide/plugins/com.nxp.mcuxpresso.tools.macosx_11.9.0.202307121226/tools/bin/../lib/gcc/arm-none-eabi/12.3.1/../../../../arm-none-eabi/lib/thumb/v7e-m+fp/hard/libcr_c.a(_fflush.o)
 .debug_abbrev  0x00002476      0x126 /Applications/MCUXpressoIDE_11.9.0_2144/ide/plugins/com.nxp.mcuxpresso.tools.macosx_11.9.0.202307121226/tools/bin/../lib/gcc/arm-none-eabi/12.3.1/../../../../arm-none-eabi/lib/thumb/v7e-m+fp/hard/libcr_c.a(_writebuf.o)
 .debug_abbrev  0x0000259c       0x44 /Applications/MCUXpressoIDE_11.9.0_2144/ide/plugins/com.nxp.mcuxpresso.tools.macosx_11.9.0.202307121226/tools/bin/../lib/gcc/arm-none-eabi/12.3.1/../../../../arm-none-eabi/lib/thumb/v7e-m+fp/hard/libcr_c.a(errno.o)
 .debug_abbrev  0x000025e0      0x155 /Applications/MCUXpressoIDE_11.9.0_2144/ide/plugins/com.nxp.mcuxpresso.tools.macosx_11.9.0.202307121226/tools/bin/../lib/gcc/arm-none-eabi/12.3.1/../../../../arm-none-eabi/lib/thumb/v7e-m+fp/hard/libcr_c.a(fclose.o)
 .debug_abbrev  0x00002735      0x125 /Applications/MCUXpressoIDE_11.9.0_2144/ide/plugins/com.nxp.mcuxpresso.tools.macosx_11.9.0.202307121226/tools/bin/../lib/gcc/arm-none-eabi/12.3.1/../../../../arm-none-eabi/lib/thumb/v7e-m+fp/hard/libcr_c.a(fflush.o)
 .debug_abbrev  0x0000285a      0x11b /Applications/MCUXpressoIDE_11.9.0_2144/ide/plugins/com.nxp.mcuxpresso.tools.macosx_11.9.0.202307121226/tools/bin/../lib/gcc/arm-none-eabi/12.3.1/../../../../arm-none-eabi/lib/thumb/v7e-m+fp/hard/libcr_c.a(fseek.o)
 .debug_abbrev  0x00002975       0xc2 /Applications/MCUXpressoIDE_11.9.0_2144/ide/plugins/com.nxp.mcuxpresso.tools.macosx_11.9.0.202307121226/tools/bin/../lib/gcc/arm-none-eabi/12.3.1/../../../../arm-none-eabi/lib/thumb/v7e-m+fp/hard/libcr_c.a(ftell.o)
 .debug_abbrev  0x00002a37       0xfb /Applications/MCUXpressoIDE_11.9.0_2144/ide/plugins/com.nxp.mcuxpresso.tools.macosx_11.9.0.202307121226/tools/bin/../lib/gcc/arm-none-eabi/12.3.1/../../../../arm-none-eabi/lib/thumb/v7e-m+fp/hard/libcr_c.a(remove.o)
 .debug_abbrev  0x00002b32       0x6b /Applications/MCUXpressoIDE_11.9.0_2144/ide/plugins/com.nxp.mcuxpresso.tools.macosx_11.9.0.202307121226/tools/bin/../lib/gcc/arm-none-eabi/12.3.1/../../../../arm-none-eabi/lib/thumb/v7e-m+fp/hard/libcr_c.a(_cr_check_heap.o)
 .debug_abbrev  0x00002b9d      0x12c /Applications/MCUXpressoIDE_11.9.0_2144/ide/plugins/com.nxp.mcuxpresso.tools.macosx_11.9.0.202307121226/tools/bin/../lib/gcc/arm-none-eabi/12.3.1/../../../../arm-none-eabi/lib/thumb/v7e-m+fp/hard/libcr_c.a(_do_fflush.o)
 .debug_abbrev  0x00002cc9       0xb5 /Applications/MCUXpressoIDE_11.9.0_2144/ide/plugins/com.nxp.mcuxpresso.tools.macosx_11.9.0.202307121226/tools/bin/../lib/gcc/arm-none-eabi/12.3.1/../../../../arm-none-eabi/lib/thumb/v7e-m+fp/hard/libcr_semihost_nf.a(__ciob.o)

.debug_aranges  0x00000000      0xd38
 .debug_aranges
                0x00000000       0x20 ./utilities/fsl_assert.o
 .debug_aranges
                0x00000020      0x3a0 ./startup/startup_mk66f18.o
 .debug_aranges
                0x000003c0       0x20 ./source/hello_world.o
 .debug_aranges
                0x000003e0       0x20 ./source/semihost_hardfault.o
 .debug_aranges
                0x00000400      0x258 ./drivers/fsl_clock.o
 .debug_aranges
                0x00000658      0x138 ./drivers/fsl_lpuart.o
 .debug_aranges
                0x00000790      0x1a8 ./drivers/fsl_uart.o
 .debug_aranges
                0x00000938       0x30 ./device/system_MK66F18.o
 .debug_aranges
                0x00000968       0x60 ./board/clock_config.o
 .debug_aranges
                0x000009c8       0x38 ./board/pin_mux.o
 .debug_aranges
                0x00000a00       0x20 /Applications/MCUXpressoIDE_11.9.0_2144/ide/plugins/com.nxp.mcuxpresso.tools.macosx_11.9.0.202307121226/tools/bin/../lib/gcc/arm-none-eabi/12.3.1/../../../../arm-none-eabi/lib/thumb/v7e-m+fp/hard/libcr_semihost_nf.a(_cr__main.o)
 .debug_aranges
                0x00000a20       0x20 /Applications/MCUXpressoIDE_11.9.0_2144/ide/plugins/com.nxp.mcuxpresso.tools.macosx_11.9.0.202307121226/tools/bin/../lib/gcc/arm-none-eabi/12.3.1/../../../../arm-none-eabi/lib/thumb/v7e-m+fp/hard/libcr_c.a(memset.o)
 .debug_aranges
                0x00000a40       0x40 /Applications/MCUXpressoIDE_11.9.0_2144/ide/plugins/com.nxp.mcuxpresso.tools.macosx_11.9.0.202307121226/tools/bin/../lib/gcc/arm-none-eabi/12.3.1/../../../../arm-none-eabi/lib/thumb/v7e-m+fp/hard/libcr_c.a(alloc.o)
 .debug_aranges
                0x00000a80       0x28 /Applications/MCUXpressoIDE_11.9.0_2144/ide/plugins/com.nxp.mcuxpresso.tools.macosx_11.9.0.202307121226/tools/bin/../lib/gcc/arm-none-eabi/12.3.1/../../../../arm-none-eabi/lib/thumb/v7e-m+fp/hard/libcr_c.a(initio.o)
 .debug_aranges
                0x00000aa8       0x70 /Applications/MCUXpressoIDE_11.9.0_2144/ide/plugins/com.nxp.mcuxpresso.tools.macosx_11.9.0.202307121226/tools/bin/../lib/gcc/arm-none-eabi/12.3.1/../../../../arm-none-eabi/lib/thumb/v7e-m+fp/hard/libcr_c.a(printf.o)
 .debug_aranges
                0x00000b18       0x20 /Applications/MCUXpressoIDE_11.9.0_2144/ide/plugins/com.nxp.mcuxpresso.tools.macosx_11.9.0.202307121226/tools/bin/../lib/gcc/arm-none-eabi/12.3.1/../../../../arm-none-eabi/lib/thumb/v7e-m+fp/hard/libcr_c.a(setvbuf.o)
 .debug_aranges
                0x00000b38       0x20 /Applications/MCUXpressoIDE_11.9.0_2144/ide/plugins/com.nxp.mcuxpresso.tools.macosx_11.9.0.202307121226/tools/bin/../lib/gcc/arm-none-eabi/12.3.1/../../../../arm-none-eabi/lib/thumb/v7e-m+fp/hard/libcr_c.a(strlen.o)
 .debug_aranges
                0x00000b58       0x20 /Applications/MCUXpressoIDE_11.9.0_2144/ide/plugins/com.nxp.mcuxpresso.tools.macosx_11.9.0.202307121226/tools/bin/../lib/gcc/arm-none-eabi/12.3.1/../../../../arm-none-eabi/lib/thumb/v7e-m+fp/hard/libcr_c.a(__init_alloc.o)
 .debug_aranges
                0x00000b78       0x20 /Applications/MCUXpressoIDE_11.9.0_2144/ide/plugins/com.nxp.mcuxpresso.tools.macosx_11.9.0.202307121226/tools/bin/../lib/gcc/arm-none-eabi/12.3.1/../../../../arm-none-eabi/lib/thumb/v7e-m+fp/hard/libcr_c.a(_cr_sbrk.o)
 .debug_aranges
                0x00000b98       0x28 /Applications/MCUXpressoIDE_11.9.0_2144/ide/plugins/com.nxp.mcuxpresso.tools.macosx_11.9.0.202307121226/tools/bin/../lib/gcc/arm-none-eabi/12.3.1/../../../../arm-none-eabi/lib/thumb/v7e-m+fp/hard/libcr_c.a(_deferredlazyseek.o)
 .debug_aranges
                0x00000bc0       0x20 /Applications/MCUXpressoIDE_11.9.0_2144/ide/plugins/com.nxp.mcuxpresso.tools.macosx_11.9.0.202307121226/tools/bin/../lib/gcc/arm-none-eabi/12.3.1/../../../../arm-none-eabi/lib/thumb/v7e-m+fp/hard/libcr_c.a(_fdopen.o)
 .debug_aranges
                0x00000be0       0x20 /Applications/MCUXpressoIDE_11.9.0_2144/ide/plugins/com.nxp.mcuxpresso.tools.macosx_11.9.0.202307121226/tools/bin/../lib/gcc/arm-none-eabi/12.3.1/../../../../arm-none-eabi/lib/thumb/v7e-m+fp/hard/libcr_c.a(_fflush.o)
 .debug_aranges
                0x00000c00       0x20 /Applications/MCUXpressoIDE_11.9.0_2144/ide/plugins/com.nxp.mcuxpresso.tools.macosx_11.9.0.202307121226/tools/bin/../lib/gcc/arm-none-eabi/12.3.1/../../../../arm-none-eabi/lib/thumb/v7e-m+fp/hard/libcr_c.a(_writebuf.o)
 .debug_aranges
                0x00000c20       0x18 /Applications/MCUXpressoIDE_11.9.0_2144/ide/plugins/com.nxp.mcuxpresso.tools.macosx_11.9.0.202307121226/tools/bin/../lib/gcc/arm-none-eabi/12.3.1/../../../../arm-none-eabi/lib/thumb/v7e-m+fp/hard/libcr_c.a(errno.o)
 .debug_aranges
                0x00000c38       0x20 /Applications/MCUXpressoIDE_11.9.0_2144/ide/plugins/com.nxp.mcuxpresso.tools.macosx_11.9.0.202307121226/tools/bin/../lib/gcc/arm-none-eabi/12.3.1/../../../../arm-none-eabi/lib/thumb/v7e-m+fp/hard/libcr_c.a(fclose.o)
 .debug_aranges
                0x00000c58       0x20 /Applications/MCUXpressoIDE_11.9.0_2144/ide/plugins/com.nxp.mcuxpresso.tools.macosx_11.9.0.202307121226/tools/bin/../lib/gcc/arm-none-eabi/12.3.1/../../../../arm-none-eabi/lib/thumb/v7e-m+fp/hard/libcr_c.a(fflush.o)
 .debug_aranges
                0x00000c78       0x20 /Applications/MCUXpressoIDE_11.9.0_2144/ide/plugins/com.nxp.mcuxpresso.tools.macosx_11.9.0.202307121226/tools/bin/../lib/gcc/arm-none-eabi/12.3.1/../../../../arm-none-eabi/lib/thumb/v7e-m+fp/hard/libcr_c.a(fseek.o)
 .debug_aranges
                0x00000c98       0x20 /Applications/MCUXpressoIDE_11.9.0_2144/ide/plugins/com.nxp.mcuxpresso.tools.macosx_11.9.0.202307121226/tools/bin/../lib/gcc/arm-none-eabi/12.3.1/../../../../arm-none-eabi/lib/thumb/v7e-m+fp/hard/libcr_c.a(ftell.o)
 .debug_aranges
                0x00000cb8       0x28 /Applications/MCUXpressoIDE_11.9.0_2144/ide/plugins/com.nxp.mcuxpresso.tools.macosx_11.9.0.202307121226/tools/bin/../lib/gcc/arm-none-eabi/12.3.1/../../../../arm-none-eabi/lib/thumb/v7e-m+fp/hard/libcr_c.a(remove.o)
 .debug_aranges
                0x00000ce0       0x20 /Applications/MCUXpressoIDE_11.9.0_2144/ide/plugins/com.nxp.mcuxpresso.tools.macosx_11.9.0.202307121226/tools/bin/../lib/gcc/arm-none-eabi/12.3.1/../../../../arm-none-eabi/lib/thumb/v7e-m+fp/hard/libcr_c.a(_cr_check_heap.o)
 .debug_aranges
                0x00000d00       0x20 /Applications/MCUXpressoIDE_11.9.0_2144/ide/plugins/com.nxp.mcuxpresso.tools.macosx_11.9.0.202307121226/tools/bin/../lib/gcc/arm-none-eabi/12.3.1/../../../../arm-none-eabi/lib/thumb/v7e-m+fp/hard/libcr_c.a(_do_fflush.o)
 .debug_aranges
                0x00000d20       0x18 /Applications/MCUXpressoIDE_11.9.0_2144/ide/plugins/com.nxp.mcuxpresso.tools.macosx_11.9.0.202307121226/tools/bin/../lib/gcc/arm-none-eabi/12.3.1/../../../../arm-none-eabi/lib/thumb/v7e-m+fp/hard/libcr_semihost_nf.a(__ciob.o)

.debug_ranges   0x00000000      0xd80
 .debug_ranges  0x00000000       0x10 ./utilities/fsl_assert.o
 .debug_ranges  0x00000010      0x390 ./startup/startup_mk66f18.o
 .debug_ranges  0x000003a0       0x10 ./source/hello_world.o
 .debug_ranges  0x000003b0       0x10 ./source/semihost_hardfault.o
 .debug_ranges  0x000003c0      0x248 ./drivers/fsl_clock.o
 .debug_ranges  0x00000608      0x128 ./drivers/fsl_lpuart.o
 .debug_ranges  0x00000730      0x198 ./drivers/fsl_uart.o
 .debug_ranges  0x000008c8       0x20 ./device/system_MK66F18.o
 .debug_ranges  0x000008e8       0x50 ./board/clock_config.o
 .debug_ranges  0x00000938       0x28 ./board/pin_mux.o
 .debug_ranges  0x00000960       0x10 /Applications/MCUXpressoIDE_11.9.0_2144/ide/plugins/com.nxp.mcuxpresso.tools.macosx_11.9.0.202307121226/tools/bin/../lib/gcc/arm-none-eabi/12.3.1/../../../../arm-none-eabi/lib/thumb/v7e-m+fp/hard/libcr_semihost_nf.a(_cr__main.o)
 .debug_ranges  0x00000970       0x10 /Applications/MCUXpressoIDE_11.9.0_2144/ide/plugins/com.nxp.mcuxpresso.tools.macosx_11.9.0.202307121226/tools/bin/../lib/gcc/arm-none-eabi/12.3.1/../../../../arm-none-eabi/lib/thumb/v7e-m+fp/hard/libcr_c.a(memset.o)
 .debug_ranges  0x00000980       0x48 /Applications/MCUXpressoIDE_11.9.0_2144/ide/plugins/com.nxp.mcuxpresso.tools.macosx_11.9.0.202307121226/tools/bin/../lib/gcc/arm-none-eabi/12.3.1/../../../../arm-none-eabi/lib/thumb/v7e-m+fp/hard/libcr_c.a(alloc.o)
 .debug_ranges  0x000009c8       0x18 /Applications/MCUXpressoIDE_11.9.0_2144/ide/plugins/com.nxp.mcuxpresso.tools.macosx_11.9.0.202307121226/tools/bin/../lib/gcc/arm-none-eabi/12.3.1/../../../../arm-none-eabi/lib/thumb/v7e-m+fp/hard/libcr_c.a(initio.o)
 .debug_ranges  0x000009e0      0x248 /Applications/MCUXpressoIDE_11.9.0_2144/ide/plugins/com.nxp.mcuxpresso.tools.macosx_11.9.0.202307121226/tools/bin/../lib/gcc/arm-none-eabi/12.3.1/../../../../arm-none-eabi/lib/thumb/v7e-m+fp/hard/libcr_c.a(printf.o)
 .debug_ranges  0x00000c28       0x10 /Applications/MCUXpressoIDE_11.9.0_2144/ide/plugins/com.nxp.mcuxpresso.tools.macosx_11.9.0.202307121226/tools/bin/../lib/gcc/arm-none-eabi/12.3.1/../../../../arm-none-eabi/lib/thumb/v7e-m+fp/hard/libcr_c.a(setvbuf.o)
 .debug_ranges  0x00000c38       0x10 /Applications/MCUXpressoIDE_11.9.0_2144/ide/plugins/com.nxp.mcuxpresso.tools.macosx_11.9.0.202307121226/tools/bin/../lib/gcc/arm-none-eabi/12.3.1/../../../../arm-none-eabi/lib/thumb/v7e-m+fp/hard/libcr_c.a(strlen.o)
 .debug_ranges  0x00000c48       0x10 /Applications/MCUXpressoIDE_11.9.0_2144/ide/plugins/com.nxp.mcuxpresso.tools.macosx_11.9.0.202307121226/tools/bin/../lib/gcc/arm-none-eabi/12.3.1/../../../../arm-none-eabi/lib/thumb/v7e-m+fp/hard/libcr_c.a(__init_alloc.o)
 .debug_ranges  0x00000c58       0x10 /Applications/MCUXpressoIDE_11.9.0_2144/ide/plugins/com.nxp.mcuxpresso.tools.macosx_11.9.0.202307121226/tools/bin/../lib/gcc/arm-none-eabi/12.3.1/../../../../arm-none-eabi/lib/thumb/v7e-m+fp/hard/libcr_c.a(_cr_sbrk.o)
 .debug_ranges  0x00000c68       0x38 /Applications/MCUXpressoIDE_11.9.0_2144/ide/plugins/com.nxp.mcuxpresso.tools.macosx_11.9.0.202307121226/tools/bin/../lib/gcc/arm-none-eabi/12.3.1/../../../../arm-none-eabi/lib/thumb/v7e-m+fp/hard/libcr_c.a(_deferredlazyseek.o)
 .debug_ranges  0x00000ca0       0x10 /Applications/MCUXpressoIDE_11.9.0_2144/ide/plugins/com.nxp.mcuxpresso.tools.macosx_11.9.0.202307121226/tools/bin/../lib/gcc/arm-none-eabi/12.3.1/../../../../arm-none-eabi/lib/thumb/v7e-m+fp/hard/libcr_c.a(_fdopen.o)
 .debug_ranges  0x00000cb0       0x10 /Applications/MCUXpressoIDE_11.9.0_2144/ide/plugins/com.nxp.mcuxpresso.tools.macosx_11.9.0.202307121226/tools/bin/../lib/gcc/arm-none-eabi/12.3.1/../../../../arm-none-eabi/lib/thumb/v7e-m+fp/hard/libcr_c.a(_fflush.o)
 .debug_ranges  0x00000cc0       0x10 /Applications/MCUXpressoIDE_11.9.0_2144/ide/plugins/com.nxp.mcuxpresso.tools.macosx_11.9.0.202307121226/tools/bin/../lib/gcc/arm-none-eabi/12.3.1/../../../../arm-none-eabi/lib/thumb/v7e-m+fp/hard/libcr_c.a(_writebuf.o)
 .debug_ranges  0x00000cd0       0x10 /Applications/MCUXpressoIDE_11.9.0_2144/ide/plugins/com.nxp.mcuxpresso.tools.macosx_11.9.0.202307121226/tools/bin/../lib/gcc/arm-none-eabi/12.3.1/../../../../arm-none-eabi/lib/thumb/v7e-m+fp/hard/libcr_c.a(fclose.o)
 .debug_ranges  0x00000ce0       0x30 /Applications/MCUXpressoIDE_11.9.0_2144/ide/plugins/com.nxp.mcuxpresso.tools.macosx_11.9.0.202307121226/tools/bin/../lib/gcc/arm-none-eabi/12.3.1/../../../../arm-none-eabi/lib/thumb/v7e-m+fp/hard/libcr_c.a(fflush.o)
 .debug_ranges  0x00000d10       0x10 /Applications/MCUXpressoIDE_11.9.0_2144/ide/plugins/com.nxp.mcuxpresso.tools.macosx_11.9.0.202307121226/tools/bin/../lib/gcc/arm-none-eabi/12.3.1/../../../../arm-none-eabi/lib/thumb/v7e-m+fp/hard/libcr_c.a(fseek.o)
 .debug_ranges  0x00000d20       0x10 /Applications/MCUXpressoIDE_11.9.0_2144/ide/plugins/com.nxp.mcuxpresso.tools.macosx_11.9.0.202307121226/tools/bin/../lib/gcc/arm-none-eabi/12.3.1/../../../../arm-none-eabi/lib/thumb/v7e-m+fp/hard/libcr_c.a(ftell.o)
 .debug_ranges  0x00000d30       0x18 /Applications/MCUXpressoIDE_11.9.0_2144/ide/plugins/com.nxp.mcuxpresso.tools.macosx_11.9.0.202307121226/tools/bin/../lib/gcc/arm-none-eabi/12.3.1/../../../../arm-none-eabi/lib/thumb/v7e-m+fp/hard/libcr_c.a(remove.o)
 .debug_ranges  0x00000d48       0x10 /Applications/MCUXpressoIDE_11.9.0_2144/ide/plugins/com.nxp.mcuxpresso.tools.macosx_11.9.0.202307121226/tools/bin/../lib/gcc/arm-none-eabi/12.3.1/../../../../arm-none-eabi/lib/thumb/v7e-m+fp/hard/libcr_c.a(_cr_check_heap.o)
 .debug_ranges  0x00000d58       0x28 /Applications/MCUXpressoIDE_11.9.0_2144/ide/plugins/com.nxp.mcuxpresso.tools.macosx_11.9.0.202307121226/tools/bin/../lib/gcc/arm-none-eabi/12.3.1/../../../../arm-none-eabi/lib/thumb/v7e-m+fp/hard/libcr_c.a(_do_fflush.o)

.debug_macro    0x00000000    0x1ab2d
 .debug_macro   0x00000000      0x12d ./utilities/fsl_assert.o
 .debug_macro   0x0000012d      0xb02 ./utilities/fsl_assert.o
 .debug_macro   0x00000c2f       0x10 ./utilities/fsl_assert.o
 .debug_macro   0x00000c3f       0x1c ./utilities/fsl_assert.o
 .debug_macro   0x00000c5b       0x22 ./utilities/fsl_assert.o
 .debug_macro   0x00000c7d      0x12e ./utilities/fsl_assert.o
 .debug_macro   0x00000dab      0x5b3 ./utilities/fsl_assert.o
 .debug_macro   0x0000135e       0x22 ./utilities/fsl_assert.o
 .debug_macro   0x00001380       0x10 ./utilities/fsl_assert.o
 .debug_macro   0x00001390       0x56 ./utilities/fsl_assert.o
 .debug_macro   0x000013e6       0x1c ./utilities/fsl_assert.o
 .debug_macro   0x00001402       0x22 ./utilities/fsl_assert.o
 .debug_macro   0x00001424       0xfb ./utilities/fsl_assert.o
 .debug_macro   0x0000151f      0xeeb ./utilities/fsl_assert.o
 .debug_macro   0x0000240a       0x40 ./utilities/fsl_assert.o
 .debug_macro   0x0000244a    0x1626f ./utilities/fsl_assert.o
 .debug_macro   0x000186b9     0x14b0 ./utilities/fsl_assert.o
 .debug_macro   0x00019b69       0x7a ./utilities/fsl_assert.o
 .debug_macro   0x00019be3       0xaf ./utilities/fsl_assert.o
 .debug_macro   0x00019c92      0x190 ./utilities/fsl_assert.o
 .debug_macro   0x00019e22       0x1c ./utilities/fsl_assert.o
 .debug_macro   0x00019e3e       0xd2 ./utilities/fsl_assert.o
 .debug_macro   0x00019f10       0x1c ./utilities/fsl_assert.o
 .debug_macro   0x00019f2c       0x29 ./startup/startup_mk66f18.o
 .debug_macro   0x00019f55      0x179 ./source/hello_world.o
 .debug_macro   0x0001a0ce       0x46 ./source/hello_world.o
 .debug_macro   0x0001a114       0x22 ./source/hello_world.o
 .debug_macro   0x0001a136       0x16 ./source/hello_world.o
 .debug_macro   0x0001a14c       0x16 ./source/hello_world.o
 .debug_macro   0x0001a162      0x24f ./source/hello_world.o
 .debug_macro   0x0001a3b1       0x16 ./source/hello_world.o
 .debug_macro   0x0001a3c7       0x11 ./source/semihost_hardfault.o
 .debug_macro   0x0001a3d8      0x1e4 ./drivers/fsl_clock.o
 .debug_macro   0x0001a5bc      0x121 ./drivers/fsl_lpuart.o
 .debug_macro   0x0001a6dd       0x10 ./drivers/fsl_lpuart.o
 .debug_macro   0x0001a6ed      0x127 ./drivers/fsl_uart.o
 .debug_macro   0x0001a814       0x10 ./drivers/fsl_uart.o
 .debug_macro   0x0001a824       0x98 ./device/system_MK66F18.o
 .debug_macro   0x0001a8bc      0x153 ./board/clock_config.o
 .debug_macro   0x0001aa0f      0x11e ./board/pin_mux.o

.debug_line     0x00000000     0x8a1d
 .debug_line    0x00000000      0x412 ./utilities/fsl_assert.o
 .debug_line    0x00000412      0xbf7 ./startup/startup_mk66f18.o
 .debug_line    0x00001009      0x59c ./source/hello_world.o
 .debug_line    0x000015a5       0x59 ./source/semihost_hardfault.o
 .debug_line    0x000015fe     0x18f0 ./drivers/fsl_clock.o
 .debug_line    0x00002eee     0x105f ./drivers/fsl_lpuart.o
 .debug_line    0x00003f4d     0x1576 ./drivers/fsl_uart.o
 .debug_line    0x000054c3      0x465 ./device/system_MK66F18.o
 .debug_line    0x00005928      0x548 ./board/clock_config.o
 .debug_line    0x00005e70      0x493 ./board/pin_mux.o
 .debug_line    0x00006303       0xc8 /Applications/MCUXpressoIDE_11.9.0_2144/ide/plugins/com.nxp.mcuxpresso.tools.macosx_11.9.0.202307121226/tools/bin/../lib/gcc/arm-none-eabi/12.3.1/../../../../arm-none-eabi/lib/thumb/v7e-m+fp/hard/libcr_semihost_nf.a(_cr__main.o)
 .debug_line    0x000063cb       0x7b /Applications/MCUXpressoIDE_11.9.0_2144/ide/plugins/com.nxp.mcuxpresso.tools.macosx_11.9.0.202307121226/tools/bin/../lib/gcc/arm-none-eabi/12.3.1/../../../../arm-none-eabi/lib/thumb/v7e-m+fp/hard/libcr_c.a(memset.o)
 .debug_line    0x00006446      0x39f /Applications/MCUXpressoIDE_11.9.0_2144/ide/plugins/com.nxp.mcuxpresso.tools.macosx_11.9.0.202307121226/tools/bin/../lib/gcc/arm-none-eabi/12.3.1/../../../../arm-none-eabi/lib/thumb/v7e-m+fp/hard/libcr_c.a(alloc.o)
 .debug_line    0x000067e5      0x12e /Applications/MCUXpressoIDE_11.9.0_2144/ide/plugins/com.nxp.mcuxpresso.tools.macosx_11.9.0.202307121226/tools/bin/../lib/gcc/arm-none-eabi/12.3.1/../../../../arm-none-eabi/lib/thumb/v7e-m+fp/hard/libcr_c.a(initio.o)
 .debug_line    0x00006913      0xeda /Applications/MCUXpressoIDE_11.9.0_2144/ide/plugins/com.nxp.mcuxpresso.tools.macosx_11.9.0.202307121226/tools/bin/../lib/gcc/arm-none-eabi/12.3.1/../../../../arm-none-eabi/lib/thumb/v7e-m+fp/hard/libcr_c.a(printf.o)
 .debug_line    0x000077ed       0xed /Applications/MCUXpressoIDE_11.9.0_2144/ide/plugins/com.nxp.mcuxpresso.tools.macosx_11.9.0.202307121226/tools/bin/../lib/gcc/arm-none-eabi/12.3.1/../../../../arm-none-eabi/lib/thumb/v7e-m+fp/hard/libcr_c.a(setvbuf.o)
 .debug_line    0x000078da      0x101 /Applications/MCUXpressoIDE_11.9.0_2144/ide/plugins/com.nxp.mcuxpresso.tools.macosx_11.9.0.202307121226/tools/bin/../lib/gcc/arm-none-eabi/12.3.1/../../../../arm-none-eabi/lib/thumb/v7e-m+fp/hard/libcr_c.a(strlen.o)
 .debug_line    0x000079db       0x59 /Applications/MCUXpressoIDE_11.9.0_2144/ide/plugins/com.nxp.mcuxpresso.tools.macosx_11.9.0.202307121226/tools/bin/../lib/gcc/arm-none-eabi/12.3.1/../../../../arm-none-eabi/lib/thumb/v7e-m+fp/hard/libcr_c.a(__init_alloc.o)
 .debug_line    0x00007a34       0xf2 /Applications/MCUXpressoIDE_11.9.0_2144/ide/plugins/com.nxp.mcuxpresso.tools.macosx_11.9.0.202307121226/tools/bin/../lib/gcc/arm-none-eabi/12.3.1/../../../../arm-none-eabi/lib/thumb/v7e-m+fp/hard/libcr_c.a(_cr_sbrk.o)
 .debug_line    0x00007b26      0x2f0 /Applications/MCUXpressoIDE_11.9.0_2144/ide/plugins/com.nxp.mcuxpresso.tools.macosx_11.9.0.202307121226/tools/bin/../lib/gcc/arm-none-eabi/12.3.1/../../../../arm-none-eabi/lib/thumb/v7e-m+fp/hard/libcr_c.a(_deferredlazyseek.o)
 .debug_line    0x00007e16      0x13c /Applications/MCUXpressoIDE_11.9.0_2144/ide/plugins/com.nxp.mcuxpresso.tools.macosx_11.9.0.202307121226/tools/bin/../lib/gcc/arm-none-eabi/12.3.1/../../../../arm-none-eabi/lib/thumb/v7e-m+fp/hard/libcr_c.a(_fdopen.o)
 .debug_line    0x00007f52      0x119 /Applications/MCUXpressoIDE_11.9.0_2144/ide/plugins/com.nxp.mcuxpresso.tools.macosx_11.9.0.202307121226/tools/bin/../lib/gcc/arm-none-eabi/12.3.1/../../../../arm-none-eabi/lib/thumb/v7e-m+fp/hard/libcr_c.a(_fflush.o)
 .debug_line    0x0000806b      0x11e /Applications/MCUXpressoIDE_11.9.0_2144/ide/plugins/com.nxp.mcuxpresso.tools.macosx_11.9.0.202307121226/tools/bin/../lib/gcc/arm-none-eabi/12.3.1/../../../../arm-none-eabi/lib/thumb/v7e-m+fp/hard/libcr_c.a(_writebuf.o)
 .debug_line    0x00008189       0x4e /Applications/MCUXpressoIDE_11.9.0_2144/ide/plugins/com.nxp.mcuxpresso.tools.macosx_11.9.0.202307121226/tools/bin/../lib/gcc/arm-none-eabi/12.3.1/../../../../arm-none-eabi/lib/thumb/v7e-m+fp/hard/libcr_c.a(errno.o)
 .debug_line    0x000081d7       0xff /Applications/MCUXpressoIDE_11.9.0_2144/ide/plugins/com.nxp.mcuxpresso.tools.macosx_11.9.0.202307121226/tools/bin/../lib/gcc/arm-none-eabi/12.3.1/../../../../arm-none-eabi/lib/thumb/v7e-m+fp/hard/libcr_c.a(fclose.o)
 .debug_line    0x000082d6       0xd3 /Applications/MCUXpressoIDE_11.9.0_2144/ide/plugins/com.nxp.mcuxpresso.tools.macosx_11.9.0.202307121226/tools/bin/../lib/gcc/arm-none-eabi/12.3.1/../../../../arm-none-eabi/lib/thumb/v7e-m+fp/hard/libcr_c.a(fflush.o)
 .debug_line    0x000083a9      0x232 /Applications/MCUXpressoIDE_11.9.0_2144/ide/plugins/com.nxp.mcuxpresso.tools.macosx_11.9.0.202307121226/tools/bin/../lib/gcc/arm-none-eabi/12.3.1/../../../../arm-none-eabi/lib/thumb/v7e-m+fp/hard/libcr_c.a(fseek.o)
 .debug_line    0x000085db      0x105 /Applications/MCUXpressoIDE_11.9.0_2144/ide/plugins/com.nxp.mcuxpresso.tools.macosx_11.9.0.202307121226/tools/bin/../lib/gcc/arm-none-eabi/12.3.1/../../../../arm-none-eabi/lib/thumb/v7e-m+fp/hard/libcr_c.a(ftell.o)
 .debug_line    0x000086e0       0xdc /Applications/MCUXpressoIDE_11.9.0_2144/ide/plugins/com.nxp.mcuxpresso.tools.macosx_11.9.0.202307121226/tools/bin/../lib/gcc/arm-none-eabi/12.3.1/../../../../arm-none-eabi/lib/thumb/v7e-m+fp/hard/libcr_c.a(remove.o)
 .debug_line    0x000087bc       0x61 /Applications/MCUXpressoIDE_11.9.0_2144/ide/plugins/com.nxp.mcuxpresso.tools.macosx_11.9.0.202307121226/tools/bin/../lib/gcc/arm-none-eabi/12.3.1/../../../../arm-none-eabi/lib/thumb/v7e-m+fp/hard/libcr_c.a(_cr_check_heap.o)
 .debug_line    0x0000881d      0x10e /Applications/MCUXpressoIDE_11.9.0_2144/ide/plugins/com.nxp.mcuxpresso.tools.macosx_11.9.0.202307121226/tools/bin/../lib/gcc/arm-none-eabi/12.3.1/../../../../arm-none-eabi/lib/thumb/v7e-m+fp/hard/libcr_c.a(_do_fflush.o)
 .debug_line    0x0000892b       0xf2 /Applications/MCUXpressoIDE_11.9.0_2144/ide/plugins/com.nxp.mcuxpresso.tools.macosx_11.9.0.202307121226/tools/bin/../lib/gcc/arm-none-eabi/12.3.1/../../../../arm-none-eabi/lib/thumb/v7e-m+fp/hard/libcr_semihost_nf.a(__ciob.o)

.debug_str      0x00000000    0xbc972
 .debug_str     0x00000000    0xb51ec ./utilities/fsl_assert.o
                              0xb5291 (size before relaxing)
 .debug_str     0x000b51ec      0x976 ./startup/startup_mk66f18.o
                               0x3959 (size before relaxing)
 .debug_str     0x000b5b62     0x156d ./source/hello_world.o
                              0xb6891 (size before relaxing)
 .debug_str     0x000b70cf       0x1f ./source/semihost_hardfault.o
                               0x2f58 (size before relaxing)